Component: ARM Compiler 5.06 update 6 (build 750) Tool: armlink [4d35ed]

==============================================================================

Section Cross References

    main.o(i.assert_nrf_callback) refers to app_error_handler_keil.o(.emb_text) for app_error_handler
    main.o(i.ble_evt_handler) refers to nrf_log_frontend.o(i.nrf_log_frontend_std_0) for nrf_log_frontend_std_0
    main.o(i.ble_evt_handler) refers to bsp.o(i.bsp_indication_set) for bsp_indication_set
    main.o(i.ble_evt_handler) refers to app_error.o(i.app_error_handler_bare) for app_error_handler_bare
    main.o(i.ble_evt_handler) refers to nrf_ble_qwr.o(i.nrf_ble_qwr_conn_handle_assign) for nrf_ble_qwr_conn_handle_assign
    main.o(i.ble_evt_handler) refers to main.o(.data) for .data
    main.o(i.ble_evt_handler) refers to nrf_log_frontend.o(log_const_data) for m_nrf_log_app_logs_data_const
    main.o(i.ble_evt_handler) refers to main.o(.bss) for .bss
    main.o(i.bsp_event_handler) refers to main.o(i.sleep_mode_enter) for sleep_mode_enter
    main.o(i.bsp_event_handler) refers to app_error.o(i.app_error_handler_bare) for app_error_handler_bare
    main.o(i.bsp_event_handler) refers to ble_advertising.o(i.ble_advertising_restart_without_whitelist) for ble_advertising_restart_without_whitelist
    main.o(i.bsp_event_handler) refers to main.o(.data) for .data
    main.o(i.bsp_event_handler) refers to main.o(.bss) for .bss
    main.o(i.conn_params_error_handler) refers to app_error.o(i.app_error_handler_bare) for app_error_handler_bare
    main.o(i.cus_data_handler) refers to printf2.o(i.__0printf$2) for __2printf
    main.o(i.cus_data_handler) refers to cus_service.o(i.ble_cus_data_send) for ble_cus_data_send
    main.o(i.cus_data_handler) refers to main.o(.data) for .data
    main.o(i.cus_data_handler) refers to main.o(.bss) for .bss
    main.o(i.gatt_evt_handler) refers to nrf_log_frontend.o(i.nrf_log_frontend_std_2) for nrf_log_frontend_std_2
    main.o(i.gatt_evt_handler) refers to main.o(.data) for .data
    main.o(i.gatt_evt_handler) refers to nrf_log_frontend.o(log_const_data) for m_nrf_log_app_logs_data_const
    main.o(i.gatt_init) refers to nrf_ble_gatt.o(i.nrf_ble_gatt_init) for nrf_ble_gatt_init
    main.o(i.gatt_init) refers to app_error.o(i.app_error_handler_bare) for app_error_handler_bare
    main.o(i.gatt_init) refers to nrf_ble_gatt.o(i.nrf_ble_gatt_att_mtu_periph_set) for nrf_ble_gatt_att_mtu_periph_set
    main.o(i.gatt_init) refers to main.o(i.gatt_evt_handler) for gatt_evt_handler
    main.o(i.gatt_init) refers to main.o(.bss) for .bss
    main.o(i.main) refers to memcpya.o(.text) for __aeabi_memcpy4
    main.o(i.main) refers to app_uart_fifo.o(i.app_uart_init) for app_uart_init
    main.o(i.main) refers to app_error.o(i.app_error_handler_bare) for app_error_handler_bare
    main.o(i.main) refers to nrf_log_frontend.o(i.nrf_log_init) for nrf_log_init
    main.o(i.main) refers to nrf_log_default_backends.o(i.nrf_log_default_backends_init) for nrf_log_default_backends_init
    main.o(i.main) refers to app_timer2.o(i.app_timer_init) for app_timer_init
    main.o(i.main) refers to bsp.o(i.bsp_init) for bsp_init
    main.o(i.main) refers to bsp_btn_ble.o(i.bsp_btn_ble_init) for bsp_btn_ble_init
    main.o(i.main) refers to nrf_pwr_mgmt.o(i.nrf_pwr_mgmt_init) for nrf_pwr_mgmt_init
    main.o(i.main) refers to nrf_sdh.o(i.nrf_sdh_enable_request) for nrf_sdh_enable_request
    main.o(i.main) refers to nrf_sdh_ble.o(i.nrf_sdh_ble_default_cfg_set) for nrf_sdh_ble_default_cfg_set
    main.o(i.main) refers to nrf_sdh_ble.o(i.nrf_sdh_ble_enable) for nrf_sdh_ble_enable
    main.o(i.main) refers to main.o(i.gatt_init) for gatt_init
    main.o(i.main) refers to nrf_ble_qwr.o(i.nrf_ble_qwr_init) for nrf_ble_qwr_init
    main.o(i.main) refers to cus_service.o(i.ble_cus_init) for ble_cus_init
    main.o(i.main) refers to memseta.o(.text) for __aeabi_memclr4
    main.o(i.main) refers to ble_advertising.o(i.ble_advertising_init) for ble_advertising_init
    main.o(i.main) refers to ble_advertising.o(i.ble_advertising_conn_cfg_tag_set) for ble_advertising_conn_cfg_tag_set
    main.o(i.main) refers to ble_conn_params.o(i.ble_conn_params_init) for ble_conn_params_init
    main.o(i.main) refers to printf2.o(i.__0printf$2) for __2printf
    main.o(i.main) refers to nrf_log_frontend.o(i.nrf_log_frontend_std_0) for nrf_log_frontend_std_0
    main.o(i.main) refers to ble_advertising.o(i.ble_advertising_start) for ble_advertising_start
    main.o(i.main) refers to nrf_log_frontend.o(i.nrf_log_frontend_dequeue) for nrf_log_frontend_dequeue
    main.o(i.main) refers to nrf_pwr_mgmt.o(i.nrf_pwr_mgmt_run) for nrf_pwr_mgmt_run
    main.o(i.main) refers to main.o(.constdata) for .constdata
    main.o(i.main) refers to main.o(.bss) for .bss
    main.o(i.main) refers to main.o(i.uart_event_handle) for uart_event_handle
    main.o(i.main) refers to main.o(i.bsp_event_handler) for bsp_event_handler
[...]
    pwr_mgmt_data0$$Base                      - Undefined Reference
    pwr_mgmt_data0$$Limit                     - Undefined Reference
    pwr_mgmt_data1$$Base                      - Undefined Reference
    pwr_mgmt_data1$$Limit                     - Undefined Reference
    pwr_mgmt_data2$$Base                      - Undefined Reference
    pwr_mgmt_data2$$Limit                     - Undefined Reference
    sdh_req_observers0$$Base                  - Undefined Reference
    sdh_req_observers0$$Limit                 - Undefined Reference
    sdh_req_observers1$$Base                  - Undefined Reference
    sdh_req_observers1$$Limit                 - Undefined Reference
    sdh_soc_observers1$$Base                  - Undefined Reference
    sdh_soc_observers1$$Limit                 - Undefined Reference
    sdh_stack_observers1$$Base                - Undefined Reference
    sdh_stack_observers1$$Limit               - Undefined Reference
    sdh_state_observers1$$Base                - Undefined Reference
    sdh_state_observers1$$Limit               - Undefined Reference
    __Vectors_Size                           0x00000200   Number         0  arm_startup_nrf52.o ABSOLUTE
    __Vectors                                0x00026000   Data           4  arm_startup_nrf52.o(RESET)
    __Vectors_End                            0x00026200   Data           0  arm_startup_nrf52.o(RESET)
    __main                                   0x00026201   Thumb Code     0  entry.o(.ARM.Collect$$$$00000000)
    _main_stk                                0x00026201   Thumb Code     0  entry2.o(.ARM.Collect$$$$00000001)
    _main_scatterload                        0x00026205   Thumb Code     0  entry5.o(.ARM.Collect$$$$00000004)
    __main_after_scatterload                 0x00026209   Thumb Code     0  entry5.o(.ARM.Collect$$$$00000004)
    _main_clock                              0x00026209   Thumb Code     0  entry7b.o(.ARM.Collect$$$$00000008)
    _main_cpp_init                           0x00026209   Thumb Code     0  entry8b.o(.ARM.Collect$$$$0000000A)
    _main_init                               0x00026209   Thumb Code     0  entry9a.o(.ARM.Collect$$$$0000000B)
    __rt_final_cpp                           0x00026211   Thumb Code     0  entry10a.o(.ARM.Collect$$$$0000000D)
    __rt_final_exit                          0x00026211   Thumb Code     0  entry11a.o(.ARM.Collect$$$$0000000F)
    __asm___12_nrf_atfifo_c_51f461e1__nrf_atfifo_wspace_req 0x00026215   Thumb Code    56  nrf_atfifo.o(.emb_text)
    __asm___12_nrf_atfifo_c_51f461e1__nrf_atfifo_wspace_close 0x0002624d   Thumb Code    18  nrf_atfifo.o(.emb_text)
    __asm___12_nrf_atfifo_c_51f461e1__nrf_atfifo_rspace_req 0x0002625f   Thumb Code    58  nrf_atfifo.o(.emb_text)
    __asm___12_nrf_atfifo_c_51f461e1__nrf_atfifo_rspace_close 0x00026299   Thumb Code    18  nrf_atfifo.o(.emb_text)
    __asm___12_nrf_atfifo_c_51f461e1__nrf_atfifo_space_clear 0x000262ab   Thumb Code    50  nrf_atfifo.o(.emb_text)
    __asm___12_nrf_atomic_c_85ca2469__nrf_atomic_internal_mov 0x000262dd   Thumb Code    24  nrf_atomic.o(.emb_text)
    __asm___12_nrf_atomic_c_85ca2469__nrf_atomic_internal_orr 0x000262f5   Thumb Code    26  nrf_atomic.o(.emb_text)
    __asm___12_nrf_atomic_c_85ca2469__nrf_atomic_internal_and 0x0002630f   Thumb Code    26  nrf_atomic.o(.emb_text)
    __asm___12_nrf_atomic_c_85ca2469__nrf_atomic_internal_eor 0x00026329   Thumb Code    26  nrf_atomic.o(.emb_text)
    __asm___12_nrf_atomic_c_85ca2469__nrf_atomic_internal_add 0x00026343   Thumb Code    26  nrf_atomic.o(.emb_text)
    __asm___12_nrf_atomic_c_85ca2469__nrf_atomic_internal_sub 0x0002635d   Thumb Code    26  nrf_atomic.o(.emb_text)
    __asm___12_nrf_atomic_c_85ca2469__nrf_atomic_internal_cmp_exch 0x00026377   Thumb Code    42  nrf_atomic.o(.emb_text)
    __asm___12_nrf_atomic_c_85ca2469__nrf_atomic_internal_sub_hs 0x000263a1   Thumb Code    30  nrf_atomic.o(.emb_text)
    Reset_Handler                            0x000263c1   Thumb Code     8  arm_startup_nrf52.o(.text)
    NMI_Handler                              0x000263c9   Thumb Code     2  arm_startup_nrf52.o(.text)
    HardFault_Handler                        0x000263cb   Thumb Code     2  arm_startup_nrf52.o(.text)
    MemoryManagement_Handler                 0x000263cd   Thumb Code     2  arm_startup_nrf52.o(.text)
    BusFault_Handler                         0x000263cf   Thumb Code     2  arm_startup_nrf52.o(.text)
    UsageFault_Handler                       0x000263d1   Thumb Code     2  arm_startup_nrf52.o(.text)
    SVC_Handler                              0x000263d3   Thumb Code     2  arm_startup_nrf52.o(.text)
    DebugMon_Handler                         0x000263d5   Thumb Code     2  arm_startup_nrf52.o(.text)
    PendSV_Handler                           0x000263d7   Thumb Code     2  arm_startup_nrf52.o(.text)
    SysTick_Handler                          0x000263d9   Thumb Code     2  arm_startup_nrf52.o(.text)
    CCM_AAR_IRQHandler                       0x000263db   Thumb Code     0  arm_startup_nrf52.o(.text)
    COMP_LPCOMP_IRQHandler                   0x000263db   Thumb Code     0  arm_startup_nrf52.o(.text)
    ECB_IRQHandler                           0x000263db   Thumb Code     0  arm_startup_nrf52.o(.text)
    FPU_IRQHandler                           0x000263db   Thumb Code     0  arm_startup_nrf52.o(.text)
    I2S_IRQHandler                           0x000263db   Thumb Code     0  arm_startup_nrf52.o(.text)
    MWU_IRQHandler                           0x000263db   Thumb Code     0  arm_startup_nrf52.o(.text)
    NFCT_IRQHandler                          0x000263db   Thumb Code     0  arm_startup_nrf52.o(.text)
    PDM_IRQHandler                           0x000263db   Thumb Code     0  arm_startup_nrf52.o(.text)
    PWM0_IRQHandler                          0x000263db   Thumb Code     0  arm_startup_nrf52.o(.text)
    PWM1_IRQHandler                          0x000263db   Thumb Code     0  arm_startup_nrf52.o(.text)
    PWM2_IRQHandler                          0x000263db   Thumb Code     0  arm_startup_nrf52.o(.text)
    QDEC_IRQHandler                          0x000263db   Thumb Code     0  arm_startup_nrf52.o(.text)
    RADIO_IRQHandler                         0x000263db   Thumb Code     0  arm_startup_nrf52.o(.text)
    RNG_IRQHandler                           0x000263db   Thumb Code     0  arm_startup_nrf52.o(.text)
    RTC0_IRQHandler                          0x000263db   Thumb Code     0  arm_startup_nrf52.o(.text)
    RTC2_IRQHandler                          0x000263db   Thumb Code     0  arm_startup_nrf52.o(.text)
    SAADC_IRQHandler                         0x000263db   Thumb Code     0  arm_startup_nrf52.o(.text)
    SPIM0_SPIS0_TWIM0_TWIS0_SPI0_TWI0_IRQHandler 0x000263db   Thumb Code     0  arm_startup_nrf52.o(.text)
    SPIM1_SPIS1_TWIM1_TWIS1_SPI1_TWI1_IRQHandler 0x000263db   Thumb Code     0  arm_startup_nrf52.o(.text)
    SPIM2_SPIS2_SPI2_IRQHandler              0x000263db   Thumb Code     0  arm_startup_nrf52.o(.text)
    SWI0_EGU0_IRQHandler                     0x000263db   Thumb Code     0  arm_startup_nrf52.o(.text)
    SWI1_EGU1_IRQHandler                     0x000263db   Thumb Code     0  arm_startup_nrf52.o(.text)
    SWI3_EGU3_IRQHandler                     0x000263db   Thumb Code     0  arm_startup_nrf52.o(.text)
    SWI4_EGU4_IRQHandler                     0x000263db   Thumb Code     0  arm_startup_nrf52.o(.text)
    SWI5_EGU5_IRQHandler                     0x000263db   Thumb Code     0  arm_startup_nrf52.o(.text)
    TEMP_IRQHandler                          0x000263db   Thumb Code     0  arm_startup_nrf52.o(.text)
    TIMER0_IRQHandler                        0x000263db   Thumb Code     0  arm_startup_nrf52.o(.text)
    TIMER1_IRQHandler                        0x000263db   Thumb Code     0  arm_startup_nrf52.o(.text)
    TIMER2_IRQHandler                        0x000263db   Thumb Code     0  arm_startup_nrf52.o(.text)
    TIMER3_IRQHandler                        0x000263db   Thumb Code     0  arm_startup_nrf52.o(.text)
    TIMER4_IRQHandler                        0x000263db   Thumb Code     0  arm_startup_nrf52.o(.text)
    WDT_IRQHandler                           0x000263db   Thumb Code     0  arm_startup_nrf52.o(.text)
    __aeabi_uldivmod                         0x000263e5   Thumb Code    98  uldiv.o(.text)
    __aeabi_llsl                             0x00026447   Thumb Code    30  llshl.o(.text)
    _ll_shift_l                              0x00026447   Thumb Code     0  llshl.o(.text)
    __rt_ctype_table                         0x00026465   Thumb Code     4  ctype_o.o(.text)
    __aeabi_memcpy                           0x0002646d   Thumb Code    36  memcpya.o(.text)
    __aeabi_memcpy4                          0x0002646d   Thumb Code     0  memcpya.o(.text)
    __aeabi_memcpy8                          0x0002646d   Thumb Code     0  memcpya.o(.text)
    __aeabi_memset                           0x00026491   Thumb Code    14  memseta.o(.text)
    __aeabi_memset4                          0x00026491   Thumb Code     0  memseta.o(.text)
    __aeabi_memset8                          0x00026491   Thumb Code     0  memseta.o(.text)
    __aeabi_memclr                           0x0002649f   Thumb Code     4  memseta.o(.text)
    __aeabi_memclr4                          0x0002649f   Thumb Code     0  memseta.o(.text)
    __aeabi_memclr8                          0x0002649f   Thumb Code     0  memseta.o(.text)
    _memset$wrapper                          0x000264a3   Thumb Code    18  memseta.o(.text)
    strlen                                   0x000264b5   Thumb Code    14  strlen.o(.text)
    strcpy                                   0x000264c3   Thumb Code    18  strcpy.o(.text)
    __aeabi_llsr                             0x000264d5   Thumb Code    32  llushr.o(.text)
    _ll_ushift_r                             0x000264d5   Thumb Code     0  llushr.o(.text)
    __scatterload                            0x000264f5   Thumb Code    28  init.o(.text)
    __scatterload_rt2                        0x000264f5   Thumb Code     0  init.o(.text)
    __decompress                             0x00026519   Thumb Code     0  __dczerorl2.o(.text)
    __decompress1                            0x00026519   Thumb Code    86  __dczerorl2.o(.text)
    GPIOTE_IRQHandler                        0x00026571   Thumb Code   154  nrfx_gpiote.o(i.GPIOTE_IRQHandler)
    POWER_CLOCK_IRQHandler                   0x00026615   Thumb Code    82  nrfx_clock.o(i.POWER_CLOCK_IRQHandler)
    RTC1_IRQHandler                          0x0002666d   Thumb Code    12  drv_rtc.o(i.RTC1_IRQHandler)
    SEGGER_RTT_Init                          0x0002667d   Thumb Code     4  segger_rtt.o(i.SEGGER_RTT_Init)
    SEGGER_RTT_WriteNoLock                   0x00026681   Thumb Code    86  segger_rtt.o(i.SEGGER_RTT_WriteNoLock)
    SWI2_EGU2_IRQHandler                     0x000266dd   Thumb Code     4  nrf_sdh.o(i.SWI2_EGU2_IRQHandler)
    SystemInit                               0x000266e1   Thumb Code   660  system_nrf52.o(i.SystemInit)
    UARTE0_UART0_IRQHandler                  0x000269b9   Thumb Code     6  nrfx_prs.o(i.UARTE0_UART0_IRQHandler)
    __0printf$2                              0x00026ae1   Thumb Code    22  printf2.o(i.__0printf$2)
    __1printf$2                              0x00026ae1   Thumb Code     0  printf2.o(i.__0printf$2)
    __2printf                                0x00026ae1   Thumb Code     0  printf2.o(i.__0printf$2)
    __scatterload_copy                       0x00026b01   Thumb Code    14  handlers.o(i.__scatterload_copy)
    __scatterload_null                       0x00026b0f   Thumb Code     2  handlers.o(i.__scatterload_null)
    __scatterload_zeroinit                   0x00026b11   Thumb Code    14  handlers.o(i.__scatterload_zeroinit)
    app_button_enable                        0x00026c69   Thumb Code    32  app_button.o(i.app_button_enable)
    app_button_init                          0x00026c8d   Thumb Code   106  app_button.o(i.app_button_init)
    app_error_fault_handler                  0x00026d0d   Thumb Code    86  app_error_weak.o(i.app_error_fault_handler)
    app_error_handler_bare                   0x00026d91   Thumb Code    22  app_error.o(i.app_error_handler_bare)
    app_fifo_get                             0x00026da7   Thumb Code    22  app_fifo.o(i.app_fifo_get)
    app_fifo_init                            0x00026dbd   Thumb Code    32  app_fifo.o(i.app_fifo_init)
    app_fifo_put                             0x00026ddd   Thumb Code    26  app_fifo.o(i.app_fifo_put)
    app_timer_cnt_get                        0x00026df9   Thumb Code     6  app_timer2.o(i.app_timer_cnt_get)
    app_timer_create                         0x00026e05   Thumb Code    32  app_timer2.o(i.app_timer_create)
    app_timer_init                           0x00026e25   Thumb Code    70  app_timer2.o(i.app_timer_init)
    app_timer_start                          0x00026e81   Thumb Code    84  app_timer2.o(i.app_timer_start)
    app_timer_stop                           0x00026ed5   Thumb Code    68  app_timer2.o(i.app_timer_stop)
    app_uart_get                             0x00026f19   Thumb Code    42  app_uart_fifo.o(i.app_uart_get)
    app_uart_init                            0x00026f4d   Thumb Code   148  app_uart_fifo.o(i.app_uart_init)
    app_uart_put                             0x00026ff1   Thumb Code    70  app_uart_fifo.o(i.app_uart_put)
    app_util_critical_region_enter           0x00027045   Thumb Code    64  app_util_platform.o(i.app_util_critical_region_enter)
    app_util_critical_region_exit            0x0002708d   Thumb Code    46  app_util_platform.o(i.app_util_critical_region_exit)
    ble_advdata_encode                       0x000271d1   Thumb Code   386  ble_advdata.o(i.ble_advdata_encode)
    ble_advdata_parse                        0x00027353   Thumb Code    32  ble_advdata.o(i.ble_advdata_parse)
    ble_advdata_search                       0x00027373   Thumb Code    70  ble_advdata.o(i.ble_advdata_search)
    ble_advertising_conn_cfg_tag_set         0x000273b9   Thumb Code     6  ble_advertising.o(i.ble_advertising_conn_cfg_tag_set)
    ble_advertising_init                     0x000273bf   Thumb Code   248  ble_advertising.o(i.ble_advertising_init)
    ble_advertising_on_ble_evt               0x000274b7   Thumb Code   106  ble_advertising.o(i.ble_advertising_on_ble_evt)
    ble_advertising_restart_without_whitelist 0x00027521   Thumb Code    58  ble_advertising.o(i.ble_advertising_restart_without_whitelist)
    ble_advertising_start                    0x0002755b   Thumb Code   560  ble_advertising.o(i.ble_advertising_start)
    ble_conn_params_init                     0x0002778d   Thumb Code    90  ble_conn_params.o(i.ble_conn_params_init)
    ble_cus_data_send                        0x000277f5   Thumb Code    38  cus_service.o(i.ble_cus_data_send)
    ble_cus_init                             0x0002781d   Thumb Code   222  cus_service.o(i.ble_cus_init)
    ble_cus_on_ble_evt                       0x00027901   Thumb Code   128  cus_service.o(i.ble_cus_on_ble_evt)
    ble_srv_is_notification_enabled          0x00027d3d   Thumb Code     8  ble_srv_common.o(i.ble_srv_is_notification_enabled)
    bsp_board_button_idx_to_pin              0x00027d45   Thumb Code     6  boards.o(i.bsp_board_button_idx_to_pin)
    bsp_board_button_state_get               0x00027d51   Thumb Code    28  boards.o(i.bsp_board_button_state_get)
    bsp_board_init                           0x00027d71   Thumb Code    80  boards.o(i.bsp_board_init)
    bsp_board_led_invert                     0x00027dc5   Thumb Code    32  boards.o(i.bsp_board_led_invert)
    bsp_board_led_off                        0x00027de9   Thumb Code    10  boards.o(i.bsp_board_led_off)
    bsp_board_led_on                         0x00027df9   Thumb Code    10  boards.o(i.bsp_board_led_on)
    bsp_board_led_state_get                  0x00027e09   Thumb Code    28  boards.o(i.bsp_board_led_state_get)
    bsp_board_leds_off                       0x00027e29   Thumb Code    18  boards.o(i.bsp_board_leds_off)
    bsp_board_leds_on                        0x00027e3b   Thumb Code    18  boards.o(i.bsp_board_leds_on)
    bsp_board_pin_to_button_idx              0x00027e4d   Thumb Code    30  boards.o(i.bsp_board_pin_to_button_idx)
    bsp_btn_ble_init                         0x00027e71   Thumb Code    52  bsp_btn_ble.o(i.bsp_btn_ble_init)
    bsp_btn_ble_sleep_mode_prepare           0x00027ea9   Thumb Code    30  bsp_btn_ble.o(i.bsp_btn_ble_sleep_mode_prepare)
    bsp_button_is_pressed                    0x00027f59   Thumb Code    12  bsp.o(i.bsp_button_is_pressed)
    bsp_event_handler                        0x00027f65   Thumb Code    66  main.o(i.bsp_event_handler)
    bsp_event_to_button_action_assign        0x00027fb1   Thumb Code    64  bsp.o(i.bsp_event_to_button_action_assign)
    bsp_indication_set                       0x00027ff5   Thumb Code    20  bsp.o(i.bsp_indication_set)
    bsp_init                                 0x0002800d   Thumb Code   128  bsp.o(i.bsp_init)
    bsp_wakeup_button_enable                 0x00028269   Thumb Code     6  bsp.o(i.bsp_wakeup_button_enable)
    buffer_is_empty                          0x00028335   Thumb Code    18  nrf_log_frontend.o(i.buffer_is_empty)
    characteristic_add                       0x000283f1   Thumb Code   400  ble_srv_common.o(i.characteristic_add)
    conn_handle_list_get                     0x000285dd   Thumb Code    62  ble_conn_state.o(i.conn_handle_list_get)
    drv_rtc_compare_disable                  0x000288e9   Thumb Code    20  drv_rtc.o(i.drv_rtc_compare_disable)
    drv_rtc_compare_pending                  0x000288fd   Thumb Code    14  drv_rtc.o(i.drv_rtc_compare_pending)
    drv_rtc_compare_set                      0x0002890b   Thumb Code    80  drv_rtc.o(i.drv_rtc_compare_set)
    drv_rtc_counter_get                      0x0002895b   Thumb Code     8  drv_rtc.o(i.drv_rtc_counter_get)
    drv_rtc_init                             0x00028965   Thumb Code   148  drv_rtc.o(i.drv_rtc_init)
    drv_rtc_irq_trigger                      0x00028a3d   Thumb Code    30  drv_rtc.o(i.drv_rtc_irq_trigger)
    drv_rtc_overflow_enable                  0x00028a5b   Thumb Code     8  drv_rtc.o(i.drv_rtc_overflow_enable)
    drv_rtc_overflow_pending                 0x00028a63   Thumb Code     8  drv_rtc.o(i.drv_rtc_overflow_pending)
    drv_rtc_start                            0x00028a6b   Thumb Code     8  drv_rtc.o(i.drv_rtc_start)
    drv_rtc_stop                             0x00028a73   Thumb Code     8  drv_rtc.o(i.drv_rtc_stop)
    drv_rtc_windowed_compare_set             0x00028a7b   Thumb Code   222  drv_rtc.o(i.drv_rtc_windowed_compare_set)
    evt_handle                               0x00028b6d   Thumb Code   216  app_button.o(i.evt_handle)
    fputc                                    0x00028cb9   Thumb Code    14  retarget.o(i.fputc)
    gatt_evt_handler                         0x00028cc9   Thumb Code    52  main.o(i.gatt_evt_handler)
    gatt_init                                0x00028d25   Thumb Code    38  main.o(i.gatt_init)
    log_pending_hook                         0x00028fdd   Thumb Code     2  nrf_log_frontend.o(i.log_pending_hook)
    main                                     0x00029085   Thumb Code   450  main.o(i.main)
    nrf_atfifo_init                          0x0002948b   Thumb Code    38  nrf_atfifo.o(i.nrf_atfifo_init)
    nrf_atfifo_item_alloc                    0x000294b1   Thumb Code    22  nrf_atfifo.o(i.nrf_atfifo_item_alloc)
    nrf_atfifo_item_free                     0x000294c7   Thumb Code    22  nrf_atfifo.o(i.nrf_atfifo_item_free)
    nrf_atfifo_item_get                      0x000294dd   Thumb Code    22  nrf_atfifo.o(i.nrf_atfifo_item_get)
    nrf_atfifo_item_put                      0x000294f3   Thumb Code    22  nrf_atfifo.o(i.nrf_atfifo_item_put)
    nrf_atflags_clear                        0x00029509   Thumb Code    22  nrf_atflags.o(i.nrf_atflags_clear)
    nrf_atflags_get                          0x0002951f   Thumb Code    22  nrf_atflags.o(i.nrf_atflags_get)
    nrf_atflags_set                          0x00029535   Thumb Code    20  nrf_atflags.o(i.nrf_atflags_set)
    nrf_atomic_flag_clear_fetch              0x00029549   Thumb Code     6  nrf_atomic.o(i.nrf_atomic_flag_clear_fetch)
    nrf_atomic_flag_set                      0x0002954f   Thumb Code     6  nrf_atomic.o(i.nrf_atomic_flag_set)
    nrf_atomic_u32_add                       0x00029555   Thumb Code    12  nrf_atomic.o(i.nrf_atomic_u32_add)
    nrf_atomic_u32_and                       0x00029561   Thumb Code    12  nrf_atomic.o(i.nrf_atomic_u32_and)
    nrf_atomic_u32_fetch_and                 0x0002956d   Thumb Code    10  nrf_atomic.o(i.nrf_atomic_u32_fetch_and)
    nrf_atomic_u32_fetch_store               0x00029577   Thumb Code    10  nrf_atomic.o(i.nrf_atomic_u32_fetch_store)
    nrf_atomic_u32_or                        0x00029581   Thumb Code    12  nrf_atomic.o(i.nrf_atomic_u32_or)
    nrf_atomic_u32_sub                       0x0002958d   Thumb Code    12  nrf_atomic.o(i.nrf_atomic_u32_sub)
    nrf_balloc_alloc                         0x00029599   Thumb Code    68  nrf_balloc.o(i.nrf_balloc_alloc)
    nrf_balloc_free                          0x000295dd   Thumb Code    48  nrf_balloc.o(i.nrf_balloc_free)
    nrf_balloc_init                          0x0002960d   Thumb Code    48  nrf_balloc.o(i.nrf_balloc_init)
    nrf_ble_gatt_att_mtu_periph_set          0x0002964d   Thumb Code    24  nrf_ble_gatt.o(i.nrf_ble_gatt_att_mtu_periph_set)
    nrf_ble_gatt_init                        0x00029665   Thumb Code    34  nrf_ble_gatt.o(i.nrf_ble_gatt_init)
    nrf_ble_gatt_on_ble_evt                  0x00029689   Thumb Code   270  nrf_ble_gatt.o(i.nrf_ble_gatt_on_ble_evt)
    nrf_ble_qwr_conn_handle_assign           0x000297d9   Thumb Code    22  nrf_ble_qwr.o(i.nrf_ble_qwr_conn_handle_assign)
    nrf_ble_qwr_init                         0x000297ef   Thumb Code    36  nrf_ble_qwr.o(i.nrf_ble_qwr_init)
    nrf_ble_qwr_on_ble_evt                   0x00029813   Thumb Code   182  nrf_ble_qwr.o(i.nrf_ble_qwr_on_ble_evt)
    nrf_drv_clock_init                       0x000298e9   Thumb Code    56  nrf_drv_clock.o(i.nrf_drv_clock_init)
    nrf_drv_clock_lfclk_release              0x00029929   Thumb Code    48  nrf_drv_clock.o(i.nrf_drv_clock_lfclk_release)
    nrf_drv_uart_init                        0x0002995d   Thumb Code    90  nrf_drv_uart.o(i.nrf_drv_uart_init)
    nrf_fprintf                              0x00029a05   Thumb Code    26  nrf_fprintf.o(i.nrf_fprintf)
    nrf_fprintf_buffer_flush                 0x00029a1f   Thumb Code    24  nrf_fprintf.o(i.nrf_fprintf_buffer_flush)
    nrf_fprintf_fmt                          0x00029a37   Thumb Code   474  nrf_fprintf_format.o(i.nrf_fprintf_fmt)
    nrf_log_backend_add                      0x00029d95   Thumb Code    86  nrf_log_frontend.o(i.nrf_log_backend_add)
    nrf_log_backend_rtt_init                 0x00029df3   Thumb Code     4  nrf_log_backend_rtt.o(i.nrf_log_backend_rtt_init)
    nrf_log_backend_serial_put               0x00029e11   Thumb Code   200  nrf_log_backend_serial.o(i.nrf_log_backend_serial_put)
    nrf_log_color_id_get                     0x00029ed9   Thumb Code    42  nrf_log_frontend.o(i.nrf_log_color_id_get)
    nrf_log_default_backends_init            0x00029f09   Thumb Code    24  nrf_log_default_backends.o(i.nrf_log_default_backends_init)
    nrf_log_frontend_dequeue                 0x00029f25   Thumb Code   528  nrf_log_frontend.o(i.nrf_log_frontend_dequeue)
    nrf_log_frontend_std_0                   0x0002a15d   Thumb Code     8  nrf_log_frontend.o(i.nrf_log_frontend_std_0)
    nrf_log_frontend_std_1                   0x0002a165   Thumb Code    14  nrf_log_frontend.o(i.nrf_log_frontend_std_1)
    nrf_log_frontend_std_2                   0x0002a173   Thumb Code    16  nrf_log_frontend.o(i.nrf_log_frontend_std_2)
    nrf_log_hexdump_entry_process            0x0002a185   Thumb Code   150  nrf_log_str_formatter.o(i.nrf_log_hexdump_entry_process)
    nrf_log_init                             0x0002a235   Thumb Code    28  nrf_log_frontend.o(i.nrf_log_init)
    nrf_log_module_cnt_get                   0x0002a25d   Thumb Code    10  nrf_log_frontend.o(i.nrf_log_module_cnt_get)
    nrf_log_module_name_get                  0x0002a271   Thumb Code    24  nrf_log_frontend.o(i.nrf_log_module_name_get)
    nrf_log_panic                            0x0002a28d   Thumb Code    36  nrf_log_frontend.o(i.nrf_log_panic)
    nrf_log_std_entry_process                0x0002a2b5   Thumb Code   182  nrf_log_str_formatter.o(i.nrf_log_std_entry_process)
    nrf_memobj_alloc                         0x0002a36b   Thumb Code    96  nrf_memobj.o(i.nrf_memobj_alloc)
    nrf_memobj_free                          0x0002a3cb   Thumb Code    50  nrf_memobj.o(i.nrf_memobj_free)
    nrf_memobj_get                           0x0002a3fd   Thumb Code     8  nrf_memobj.o(i.nrf_memobj_get)
    nrf_memobj_pool_init                     0x0002a405   Thumb Code     4  nrf_memobj.o(i.nrf_memobj_pool_init)
    nrf_memobj_put                           0x0002a409   Thumb Code    30  nrf_memobj.o(i.nrf_memobj_put)
    nrf_memobj_read                          0x0002a427   Thumb Code    16  nrf_memobj.o(i.nrf_memobj_read)
    nrf_memobj_write                         0x0002a437   Thumb Code    16  nrf_memobj.o(i.nrf_memobj_write)
    nrf_pwr_mgmt_init                        0x0002a449   Thumb Code    28  nrf_pwr_mgmt.o(i.nrf_pwr_mgmt_init)
    nrf_pwr_mgmt_run                         0x0002a471   Thumb Code    64  nrf_pwr_mgmt.o(i.nrf_pwr_mgmt_run)
    nrf_ringbuf_init                         0x0002a4b9   Thumb Code    28  nrf_ringbuf.o(i.nrf_ringbuf_init)
    nrf_sdh_ble_app_ram_start_get            0x0002a4e1   Thumb Code    16  nrf_sdh_ble.o(i.nrf_sdh_ble_app_ram_start_get)
    nrf_sdh_ble_default_cfg_set              0x0002a4f5   Thumb Code   272  nrf_sdh_ble.o(i.nrf_sdh_ble_default_cfg_set)
    nrf_sdh_ble_enable                       0x0002a625   Thumb Code   116  nrf_sdh_ble.o(i.nrf_sdh_ble_enable)
    nrf_sdh_enable_request                   0x0002a7b5   Thumb Code   102  nrf_sdh.o(i.nrf_sdh_enable_request)
    nrf_sdh_evts_poll                        0x0002a829   Thumb Code    32  nrf_sdh.o(i.nrf_sdh_evts_poll)
    nrf_sdh_is_enabled                       0x0002a84d   Thumb Code     6  nrf_sdh.o(i.nrf_sdh_is_enabled)
    nrf_section_iter_init                    0x0002a895   Thumb Code    10  nrf_section_iter.o(i.nrf_section_iter_init)
    nrf_section_iter_next                    0x0002a8c3   Thumb Code    32  nrf_section_iter.o(i.nrf_section_iter_next)
    nrf_sortlist_add                         0x0002a8e3   Thumb Code    34  nrf_sortlist.o(i.nrf_sortlist_add)
    nrf_sortlist_peek                        0x0002a905   Thumb Code     6  nrf_sortlist.o(i.nrf_sortlist_peek)
    nrf_sortlist_pop                         0x0002a90b   Thumb Code    14  nrf_sortlist.o(i.nrf_sortlist_pop)
    nrf_sortlist_remove                      0x0002a919   Thumb Code    30  nrf_sortlist.o(i.nrf_sortlist_remove)
    nrf_strerror_find                        0x0002a939   Thumb Code    52  nrf_strerror.o(i.nrf_strerror_find)
    nrf_strerror_get                         0x0002a971   Thumb Code    14  nrf_strerror.o(i.nrf_strerror_get)
    nrfx_clock_enable                        0x0002a9cd   Thumb Code    34  nrfx_clock.o(i.nrfx_clock_enable)
    nrfx_clock_init                          0x0002a9f9   Thumb Code    26  nrfx_clock.o(i.nrfx_clock_init)
    nrfx_clock_lfclk_stop                    0x0002aa19   Thumb Code    38  nrfx_clock.o(i.nrfx_clock_lfclk_stop)
    nrfx_gpiote_in_event_enable              0x0002aa59   Thumb Code   152  nrfx_gpiote.o(i.nrfx_gpiote_in_event_enable)
    nrfx_gpiote_in_init                      0x0002aaf9   Thumb Code   190  nrfx_gpiote.o(i.nrfx_gpiote_in_init)
    nrfx_gpiote_in_is_set                    0x0002abc5   Thumb Code    20  nrfx_gpiote.o(i.nrfx_gpiote_in_is_set)
    nrfx_gpiote_init                         0x0002abd9   Thumb Code   102  nrfx_gpiote.o(i.nrfx_gpiote_init)
    nrfx_gpiote_is_init                      0x0002ac4d   Thumb Code    14  nrfx_gpiote.o(i.nrfx_gpiote_is_init)
    nrfx_prs_acquire                         0x0002ac71   Thumb Code    58  nrfx_prs.o(i.nrfx_prs_acquire)
    nrfx_uart_0_irq_handler                  0x0002acad   Thumb Code     8  nrfx_uart.o(i.nrfx_uart_0_irq_handler)
    nrfx_uart_init                           0x0002acbd   Thumb Code   200  nrfx_uart.o(i.nrfx_uart_init)
    nrfx_uart_rx                             0x0002ad91   Thumb Code   230  nrfx_uart.o(i.nrfx_uart_rx)
    nrfx_uart_tx                             0x0002ae7d   Thumb Code   162  nrfx_uart.o(i.nrfx_uart_tx)
    nrfx_uart_tx_in_progress                 0x0002af25   Thumb Code    26  nrfx_uart.o(i.nrfx_uart_tx_in_progress)
    nrfx_uarte_0_irq_handler                 0x0002af45   Thumb Code     8  nrfx_uarte.o(i.nrfx_uarte_0_irq_handler)
    nrfx_uarte_init                          0x0002af55   Thumb Code   100  nrfx_uarte.o(i.nrfx_uarte_init)
    nrfx_uarte_rx                            0x0002afc1   Thumb Code   256  nrfx_uarte.o(i.nrfx_uarte_rx)
    nrfx_uarte_tx                            0x0002b0c5   Thumb Code   166  nrfx_uarte.o(i.nrfx_uarte_tx)
    nrfx_uarte_tx_in_progress                0x0002b171   Thumb Code    22  nrfx_uarte.o(i.nrfx_uarte_tx_in_progress)
    nvmc_config                              0x0002b18d   Thumb Code    14  system_nrf52.o(i.nvmc_config)
    uart_event_handle                        0x0002bc11   Thumb Code    92  main.o(i.uart_event_handle)
    nrf_log_backend_rtt_api                  0x0002c478   Data          12  nrf_log_backend_rtt.o(.constdata)
    m_ram_start                              0x0002c51c   Data           4  nrf_sdh_ble.o(.constdata)
    __ctype_table                            0x0002c548   Data         129  ctype_o.o(.constdata)
    Region$$Table$$Base                      0x0002cd40   Number         0  anon$$obj.o(Region$$Table)
    Region$$Table$$Limit                     0x0002cd60   Number         0  anon$$obj.o(Region$$Table)
    log_const_data$$Base                     0x0002cd70   Number         0  nrf_ble_gatt.o(log_const_data)
    m_nrf_log_nrf_ble_gatt_logs_data_const   0x0002cd70   Data           8  nrf_ble_gatt.o(log_const_data)
    m_nrf_log_ble_nus_logs_data_const        0x0002cd78   Data           8  ble_nus.o(log_const_data)
    m_nrf_log_clock_logs_data_const          0x0002cd80   Data           8  nrf_drv_clock.o(log_const_data)
    m_nrf_log_CLOCK_logs_data_const          0x0002cd88   Data           8  nrfx_clock.o(log_const_data)
    m_nrf_log_GPIOTE_logs_data_const         0x0002cd90   Data           8  nrfx_gpiote.o(log_const_data)
    m_nrf_log_PRS_logs_data_const            0x0002cd98   Data           8  nrfx_prs.o(log_const_data)
    m_nrf_log_UART_logs_data_const           0x0002cda0   Data           8  nrfx_uart.o(log_const_data)
    m_nrf_log_UARTE_logs_data_const          0x0002cda8   Data           8  nrfx_uarte.o(log_const_data)
    m_nrf_log_app_button_logs_data_const     0x0002cdb0   Data           8  app_button.o(log_const_data)
    m_nrf_log_app_timer_logs_data_const      0x0002cdb8   Data           8  app_timer2.o(log_const_data)
    m_nrf_log_pwr_mgmt_logs_data_const       0x0002cdc0   Data           8  nrf_pwr_mgmt.o(log_const_data)
    m_nrf_log_sortlist_logs_data_const       0x0002cdc8   Data           8  nrf_sortlist.o(log_const_data)
    m_nrf_log_app_logs_data_const            0x0002cdd0   Data           8  nrf_log_frontend.o(log_const_data)
    m_nrf_log_nrf_sdh_logs_data_const        0x0002cdd8   Data           8  nrf_sdh.o(log_const_data)
    m_nrf_log_nrf_sdh_ble_logs_data_const    0x0002cde0   Data           8  nrf_sdh_ble.o(log_const_data)
    m_nrf_log_nrf_sdh_soc_logs_data_const    0x0002cde8   Data           8  nrf_sdh_soc.o(log_const_data)
    log_const_data$$Limit                    0x0002cdf0   Number         0  nrf_sdh_soc.o(log_const_data)
    log_mempool                              0x0002cdf0   Data          20  nrf_log_frontend.o(nrf_balloc)
    sdh_ble_observers0$$Base                 0x0002ce04   Number         0  ble_conn_state.o(sdh_ble_observers0)
    sdh_ble_observers0$$Limit                0x0002ce0c   Number         0  ble_conn_state.o(sdh_ble_observers0)
    sdh_ble_observers1$$Base                 0x0002ce0c   Number         0  main.o(sdh_ble_observers1)
    sdh_ble_observers1$$Limit                0x0002ce2c   Number         0  ble_conn_params.o(sdh_ble_observers1)
    sdh_ble_observers2$$Base                 0x0002ce2c   Number         0  main.o(sdh_ble_observers2)
    sdh_ble_observers2$$Limit                0x0002ce3c   Number         0  main.o(sdh_ble_observers2)
    sdh_ble_observers3$$Base                 0x0002ce3c   Number         0  main.o(sdh_ble_observers3)
    sdh_ble_observers3$$Limit                0x0002ce44   Number         0  main.o(sdh_ble_observers3)
    sdh_soc_observers0$$Base                 0x0002ce44   Number         0  nrf_drv_clock.o(sdh_soc_observers0)
    sdh_soc_observers0$$Limit                0x0002ce4c   Number         0  nrf_drv_clock.o(sdh_soc_observers0)
    sdh_stack_observers0$$Base               0x0002ce4c   Number         0  nrf_sdh_ble.o(sdh_stack_observers0)
    sdh_stack_observers0$$Limit              0x0002ce5c   Number         0  nrf_sdh_soc.o(sdh_stack_observers0)
    sdh_state_observers0$$Base               0x0002ce5c   Number         0  nrf_drv_clock.o(sdh_state_observers0)
    sdh_state_observers0$$Limit              0x0002ce64   Number         0  nrf_drv_clock.o(sdh_state_observers0)
    Image$$RW_IRAM1$$Base                    0x20002ad8   Number         0  anon$$obj.o ABSOLUTE
    nrf_drv_uart_use_easy_dma                0x20002b68   Data           1  nrf_drv_uart.o(.data)
    __stdout                                 0x20002c14   Data           4  retarget.o(.data)
    SystemCoreClock                          0x20002c7c   Data           4  system_nrf52.o(.data)
    nrf_nvic_state                           0x2000351c   Data          12  app_util_platform.o(.bss)
    _SEGGER_RTT                              0x20003aec   Data         120  segger_rtt.o(.bss)
    __initial_sp                             0x20005d78   Data           0  arm_startup_nrf52.o(STACK)



==============================================================================

Memory Map of the image

  Image Entry point : 0x00026201

  Load Region LR_IROM1 (Base: 0x00026000, Size: 0x0000700c, Max: 0x0005a000, ABSOLUTE, COMPRESSED[0x00006ebc])

    Execution Region ER_IROM1 (Exec base: 0x00026000, Load base: 0x00026000, Size: 0x00006e64, Max: 0x0005a000, ABSOLUTE)

    Exec Addr    Load Addr    Size         Type   Attr      Idx    E Section Name        Object

    0x00026000   0x00026000   0x00000200   Data   RO         5290    RESET               arm_startup_nrf52.o
    0x00026200   0x00026200   0x00000000   Code   RO         5359  * .ARM.Collect$$$$00000000  mc_w.l(entry.o)
    0x00026200   0x00026200   0x00000004   Code   RO         5667    .ARM.Collect$$$$00000001  mc_w.l(entry2.o)
    0x00026204   0x00026204   0x00000004   Code   RO         5670    .ARM.Collect$$$$00000004  mc_w.l(entry5.o)
    0x00026208   0x00026208   0x00000000   Code   RO         5672    .ARM.Collect$$$$00000008  mc_w.l(entry7b.o)
    0x00026208   0x00026208   0x00000000   Code   RO         5674    .ARM.Collect$$$$0000000A  mc_w.l(entry8b.o)
    0x00026208   0x00026208   0x00000008   Code   RO         5675    .ARM.Collect$$$$0000000B  mc_w.l(entry9a.o)
    0x00026210   0x00026210   0x00000000   Code   RO         5677    .ARM.Collect$$$$0000000D  mc_w.l(entry10a.o)
    0x00026210   0x00026210   0x00000000   Code   RO         5679    .ARM.Collect$$$$0000000F  mc_w.l(entry11a.o)
    0x00026210   0x00026210   0x00000004   Code   RO         5668    .ARM.Collect$$$$00002712  mc_w.l(entry2.o)
    0x00026214   0x00026214   0x000000c8   Code   RO         3669    .emb_text           nrf_atfifo.o
    0x000262dc   0x000262dc   0x000000e2   Code   RO         3805    .emb_text           nrf_atomic.o
    0x000263be   0x000263be   0x00000002   PAD
    0x000263c0   0x000263c0   0x00000024   Code   RO         5291    .text               arm_startup_nrf52.o
    0x000263e4   0x000263e4   0x00000062   Code   RO         5362    .text               mc_w.l(uldiv.o)
    0x00026446   0x00026446   0x0000001e   Code   RO         5364    .text               mc_w.l(llshl.o)
    0x00026464   0x00026464   0x00000008   Code   RO         5366    .text               mc_w.l(ctype_o.o)
    0x0002646c   0x0002646c   0x00000024   Code   RO         5394    .text               mc_w.l(memcpya.o)
    0x00026490   0x00026490   0x00000024   Code   RO         5396    .text               mc_w.l(memseta.o)
    0x000264b4   0x000264b4   0x0000000e   Code   RO         5398    .text               mc_w.l(strlen.o)
    0x000264c2   0x000264c2   0x00000012   Code   RO         5402    .text               mc_w.l(strcpy.o)
    0x000264d4   0x000264d4   0x00000020   Code   RO         5683    .text               mc_w.l(llushr.o)
    0x000264f4   0x000264f4   0x00000024   Code   RO         5696    .text               mc_w.l(init.o)
    0x00026518   0x00026518   0x00000056   Code   RO         5710    .text               mc_w.l(__dczerorl2.o)
    0x0002656e   0x0002656e   0x00000002   PAD
    0x00026570   0x00026570   0x000000a4   Code   RO         2125    i.GPIOTE_IRQHandler  nrfx_gpiote.o
    0x00026614   0x00026614   0x00000058   Code   RO         1986    i.POWER_CLOCK_IRQHandler  nrfx_clock.o
    0x0002666c   0x0002666c   0x00000010   Code   RO         3455    i.RTC1_IRQHandler   drv_rtc.o
    0x0002667c   0x0002667c   0x00000004   Code   RO         4830    i.SEGGER_RTT_Init   segger_rtt.o
    0x00026680   0x00026680   0x0000005c   Code   RO         4844    i.SEGGER_RTT_WriteNoLock  segger_rtt.o
    0x000266dc   0x000266dc   0x00000004   Code   RO         5081    i.SWI2_EGU2_IRQHandler  nrf_sdh.o
    0x000266e0   0x000266e0   0x000002d8   Code   RO         5299    i.SystemInit        system_nrf52.o
    0x000269b8   0x000269b8   0x0000000c   Code   RO         2430    i.UARTE0_UART0_IRQHandler  nrfx_prs.o
    0x000269c4   0x000269c4   0x00000068   Code   RO         4848    i._DoInit           segger_rtt.o
    0x00026a2c   0x00026a2c   0x00000016   Code   RO         4849    i._GetAvailWriteSpace  segger_rtt.o
    0x00026a42   0x00026a42   0x0000005a   Code   RO         4851    i._WriteBlocking    segger_rtt.o
    0x00026a9c   0x00026a9c   0x00000042   Code   RO         4852    i._WriteNoCheck     segger_rtt.o
    0x00026ade   0x00026ade   0x00000002   PAD
    0x00026ae0   0x00026ae0   0x00000020   Code   RO         5473    i.__0printf$2       mc_w.l(printf2.o)
    0x00026b00   0x00026b00   0x0000000e   Code   RO         5704    i.__scatterload_copy  mc_w.l(handlers.o)
    0x00026b0e   0x00026b0e   0x00000002   Code   RO         5705    i.__scatterload_null  mc_w.l(handlers.o)
    0x00026b10   0x00026b10   0x0000000e   Code   RO         5706    i.__scatterload_zeroinit  mc_w.l(handlers.o)
    0x00026b1e   0x00026b1e   0x00000002   PAD
    0x00026b20   0x00026b20   0x00000024   Code   RO         5082    i.__sd_nvic_app_accessible_irq  nrf_sdh.o
    0x00026b44   0x00026b44   0x000000d6   Code   RO         5480    i._printf_core      mc_w.l(printf2.o)
    0x00026c1a   0x00026c1a   0x00000010   Code   RO          932    i.adv_set_data_size_max_get  ble_advertising.o
    0x00026c2a   0x00026c2a   0x00000036   Code   RO          683    i.advertising_buttons_configure  bsp_btn_ble.o
    0x00026c60   0x00026c60   0x00000006   Code   RO          550    i.alert_timer_handler  bsp.o
    0x00026c66   0x00026c66   0x00000002   PAD
    0x00026c68   0x00026c68   0x00000024   Code   RO         2833    i.app_button_enable  app_button.o
    0x00026c8c   0x00026c8c   0x00000080   Code   RO         2834    i.app_button_init   app_button.o
    0x00026d0c   0x00026d0c   0x00000084   Code   RO         2991    i.app_error_fault_handler  app_error_weak.o
    0x00026d90   0x00026d90   0x00000016   Code   RO         2931    i.app_error_handler_bare  app_error.o
    0x00026da6   0x00026da6   0x00000016   Code   RO         3042    i.app_fifo_get      app_fifo.o
    0x00026dbc   0x00026dbc   0x00000020   Code   RO         3043    i.app_fifo_init     app_fifo.o
    0x00026ddc   0x00026ddc   0x0000001a   Code   RO         3045    i.app_fifo_put      app_fifo.o
    0x00026df6   0x00026df6   0x00000002   PAD
    0x00026df8   0x00026df8   0x0000000c   Code   RO         3166    i.app_timer_cnt_get  app_timer2.o
    0x00026e04   0x00026e04   0x00000020   Code   RO         3167    i.app_timer_create  app_timer2.o
    0x00026e24   0x00026e24   0x0000005c   Code   RO         3168    i.app_timer_init    app_timer2.o
    0x00026e80   0x00026e80   0x00000054   Code   RO         3171    i.app_timer_start   app_timer2.o
    0x00026ed4   0x00026ed4   0x00000044   Code   RO         3172    i.app_timer_stop    app_timer2.o
    0x00026f18   0x00026f18   0x00000034   Code   RO         3309    i.app_uart_get      app_uart_fifo.o
    0x00026f4c   0x00026f4c   0x000000a4   Code   RO         3310    i.app_uart_init     app_uart_fifo.o
    0x00026ff0   0x00026ff0   0x00000054   Code   RO         3311    i.app_uart_put      app_uart_fifo.o
    0x00027044   0x00027044   0x00000048   Code   RO         3387    i.app_util_critical_region_enter  app_util_platform.o
    0x0002708c   0x0002708c   0x00000034   Code   RO         3388    i.app_util_critical_region_exit  app_util_platform.o
    0x000270c0   0x000270c0   0x00000088   Code   RO         2484    i.apply_config      nrfx_uart.o
    0x00027148   0x00027148   0x00000088   Code   RO         2672    i.apply_config      nrfx_uarte.o
    0x000271d0   0x000271d0   0x00000182   Code   RO          823    i.ble_advdata_encode  ble_advdata.o
    0x00027352   0x00027352   0x00000020   Code   RO          825    i.ble_advdata_parse  ble_advdata.o
    0x00027372   0x00027372   0x00000046   Code   RO          826    i.ble_advdata_search  ble_advdata.o
    0x000273b8   0x000273b8   0x00000006   Code   RO          934    i.ble_advertising_conn_cfg_tag_set  ble_advertising.o
    0x000273be   0x000273be   0x000000f8   Code   RO          935    i.ble_advertising_init  ble_advertising.o
    0x000274b6   0x000274b6   0x0000006a   Code   RO          937    i.ble_advertising_on_ble_evt  ble_advertising.o
    0x00027520   0x00027520   0x0000003a   Code   RO          939    i.ble_advertising_restart_without_whitelist  ble_advertising.o
    0x0002755a   0x0002755a   0x00000230   Code   RO          940    i.ble_advertising_start  ble_advertising.o
    0x0002778a   0x0002778a   0x00000002   PAD
    0x0002778c   0x0002778c   0x00000068   Code   RO         1047    i.ble_conn_params_init  ble_conn_params.o
    0x000277f4   0x000277f4   0x00000026   Code   RO         1595    i.ble_cus_data_send  cus_service.o
    0x0002781a   0x0002781a   0x00000002   PAD
    0x0002781c   0x0002781c   0x000000e4   Code   RO         1596    i.ble_cus_init      cus_service.o
    0x00027900   0x00027900   0x00000080   Code   RO         1597    i.ble_cus_on_ble_evt  cus_service.o
    0x00027980   0x00027980   0x00000060   Code   RO          829    i.ble_device_addr_encode  ble_advdata.o
    0x000279e0   0x000279e0   0x000000d8   Code   RO            5    i.ble_evt_handler   main.o
    0x00027ab8   0x00027ab8   0x00000070   Code   RO          684    i.ble_evt_handler   bsp_btn_ble.o
    0x00027b28   0x00027b28   0x000000fc   Code   RO         1049    i.ble_evt_handler   ble_conn_params.o
    0x00027c24   0x00027c24   0x00000118   Code   RO         1146    i.ble_evt_handler   ble_conn_state.o
    0x00027d3c   0x00027d3c   0x00000008   Code   RO         1328    i.ble_srv_is_notification_enabled  ble_srv_common.o
    0x00027d44   0x00027d44   0x0000000c   Code   RO          405    i.bsp_board_button_idx_to_pin  boards.o
    0x00027d50   0x00027d50   0x00000020   Code   RO          406    i.bsp_board_button_state_get  boards.o
    0x00027d70   0x00027d70   0x00000054   Code   RO          407    i.bsp_board_init    boards.o
    0x00027dc4   0x00027dc4   0x00000024   Code   RO          409    i.bsp_board_led_invert  boards.o
    0x00027de8   0x00027de8   0x00000010   Code   RO          410    i.bsp_board_led_off  boards.o
    0x00027df8   0x00027df8   0x00000010   Code   RO          411    i.bsp_board_led_on  boards.o
    0x00027e08   0x00027e08   0x00000020   Code   RO          412    i.bsp_board_led_state_get  boards.o
    0x00027e28   0x00027e28   0x00000012   Code   RO          413    i.bsp_board_leds_off  boards.o
    0x00027e3a   0x00027e3a   0x00000012   Code   RO          414    i.bsp_board_leds_on  boards.o
    0x00027e4c   0x00027e4c   0x00000024   Code   RO          415    i.bsp_board_pin_to_button_idx  boards.o
    0x00027e70   0x00027e70   0x00000038   Code   RO          685    i.bsp_btn_ble_init  bsp_btn_ble.o
    0x00027ea8   0x00027ea8   0x0000001e   Code   RO          686    i.bsp_btn_ble_sleep_mode_prepare  bsp_btn_ble.o
    0x00027ec6   0x00027ec6   0x00000002   PAD
    0x00027ec8   0x00027ec8   0x00000090   Code   RO          551    i.bsp_button_event_handler  bsp.o
    0x00027f58   0x00027f58   0x0000000c   Code   RO          552    i.bsp_button_is_pressed  bsp.o
    0x00027f64   0x00027f64   0x0000004c   Code   RO            6    i.bsp_event_handler  main.o
    0x00027fb0   0x00027fb0   0x00000044   Code   RO          555    i.bsp_event_to_button_action_assign  bsp.o
    0x00027ff4   0x00027ff4   0x00000018   Code   RO          556    i.bsp_indication_set  bsp.o
    0x0002800c   0x0002800c   0x00000094   Code   RO          557    i.bsp_init          bsp.o
    0x000280a0   0x000280a0   0x000001c8   Code   RO          558    i.bsp_led_indication  bsp.o
    0x00028268   0x00028268   0x00000006   Code   RO          560    i.bsp_wakeup_button_enable  bsp.o
    0x0002826e   0x0002826e   0x00000002   PAD
    0x00028270   0x00028270   0x00000094   Code   RO         4578    i.buf_prealloc      nrf_log_frontend.o
    0x00028304   0x00028304   0x0000002e   Code   RO         4017    i.buffer_add        nrf_fprintf_format.o
    0x00028332   0x00028332   0x00000002   PAD
    0x00028334   0x00028334   0x00000018   Code   RO         4579    i.buffer_is_empty   nrf_log_frontend.o
    0x0002834c   0x0002834c   0x00000028   Code   RO         2836    i.button_get        app_button.o
    0x00028374   0x00028374   0x00000008   Code   RO          561    i.button_timer_handler  bsp.o
    0x0002837c   0x0002837c   0x0000001c   Code   RO         2126    i.channel_free      nrfx_gpiote.o
    0x00028398   0x00028398   0x00000048   Code   RO         2127    i.channel_port_alloc  nrfx_gpiote.o
    0x000283e0   0x000283e0   0x00000010   Code   RO         2128    i.channel_port_get  nrfx_gpiote.o
    0x000283f0   0x000283f0   0x00000190   Code   RO         1330    i.characteristic_add  ble_srv_common.o
    0x00028580   0x00028580   0x00000028   Code   RO         1635    i.clock_clk_started_notify  nrf_drv_clock.o
    0x000285a8   0x000285a8   0x0000001c   Code   RO         1636    i.clock_irq_handler  nrf_drv_clock.o
    0x000285c4   0x000285c4   0x00000018   Code   RO         3174    i.compare_func      app_timer2.o
    0x000285dc   0x000285dc   0x0000003e   Code   RO         1147    i.conn_handle_list_get  ble_conn_state.o
    0x0002861a   0x0002861a   0x00000088   Code   RO          830    i.conn_int_encode   ble_advdata.o
    0x000286a2   0x000286a2   0x00000004   Code   RO            7    i.conn_params_error_handler  main.o
    0x000286a6   0x000286a6   0x00000002   PAD
    0x000286a8   0x000286a8   0x00000048   Code   RO         1050    i.conn_params_negotiation  ble_conn_params.o
    0x000286f0   0x000286f0   0x000000dc   Code   RO            8    i.cus_data_handler  main.o
    0x000287cc   0x000287cc   0x000000c0   Code   RO         1388    i.data_length_update  nrf_ble_gatt.o
    0x0002888c   0x0002888c   0x00000048   Code   RO         2837    i.detection_delay_timeout_handler  app_button.o
    0x000288d4   0x000288d4   0x00000014   Code   RO         4580    i.dropped_sat16_get  nrf_log_frontend.o
    0x000288e8   0x000288e8   0x00000014   Code   RO         3456    i.drv_rtc_compare_disable  drv_rtc.o
    0x000288fc   0x000288fc   0x0000000e   Code   RO         3459    i.drv_rtc_compare_pending  drv_rtc.o
    0x0002890a   0x0002890a   0x00000050   Code   RO         3460    i.drv_rtc_compare_set  drv_rtc.o
    0x0002895a   0x0002895a   0x00000008   Code   RO         3461    i.drv_rtc_counter_get  drv_rtc.o
    0x00028962   0x00028962   0x00000002   PAD
    0x00028964   0x00028964   0x000000d8   Code   RO         3462    i.drv_rtc_init      drv_rtc.o
    0x00028a3c   0x00028a3c   0x0000001e   Code   RO         3463    i.drv_rtc_irq_trigger  drv_rtc.o
    0x00028a5a   0x00028a5a   0x00000008   Code   RO         3465    i.drv_rtc_overflow_enable  drv_rtc.o
    0x00028a62   0x00028a62   0x00000008   Code   RO         3466    i.drv_rtc_overflow_pending  drv_rtc.o
    0x00028a6a   0x00028a6a   0x00000008   Code   RO         3467    i.drv_rtc_start     drv_rtc.o
    0x00028a72   0x00028a72   0x00000008   Code   RO         3468    i.drv_rtc_stop      drv_rtc.o
    0x00028a7a   0x00028a7a   0x000000de   Code   RO         3473    i.drv_rtc_windowed_compare_set  drv_rtc.o
    0x00028b58   0x00028b58   0x00000012   Code   RO         3474    i.evt_enable        drv_rtc.o
    0x00028b6a   0x00028b6a   0x00000002   PAD
    0x00028b6c   0x00028b6c   0x000000e0   Code   RO         2838    i.evt_handle        app_button.o
    0x00028c4c   0x00028c4c   0x00000014   Code   RO         3475    i.evt_pending       drv_rtc.o
    0x00028c60   0x00028c60   0x00000014   Code   RO         3048    i.fifo_get          app_fifo.o
    0x00028c74   0x00028c74   0x00000012   Code   RO         3049    i.fifo_put          app_fifo.o
    0x00028c86   0x00028c86   0x0000000a   Code   RO         1148    i.flag_toggle       ble_conn_state.o
    0x00028c90   0x00028c90   0x00000028   Code   RO          942    i.flags_set         ble_advertising.o
    0x00028cb8   0x00028cb8   0x0000000e   Code   RO         4399    i.fputc             retarget.o
    0x00028cc6   0x00028cc6   0x00000002   PAD
    0x00028cc8   0x00028cc8   0x0000005c   Code   RO            9    i.gatt_evt_handler  main.o
    0x00028d24   0x00028d24   0x00000030   Code   RO           10    i.gatt_init         main.o
    0x00028d54   0x00028d54   0x00000034   Code   RO         3175    i.get_now           app_timer2.o
    0x00028d88   0x00028d88   0x0000003c   Code   RO         2839    i.gpiote_event_handler  app_button.o
    0x00028dc4   0x00028dc4   0x00000014   Code   RO         1051    i.instance_get      ble_conn_params.o
    0x00028dd8   0x00028dd8   0x000000a6   Code   RO         4018    i.int_print         nrf_fprintf_format.o
    0x00028e7e   0x00028e7e   0x00000002   PAD
    0x00028e80   0x00028e80   0x00000088   Code   RO         2673    i.interrupts_enable  nrfx_uarte.o
    0x00028f08   0x00028f08   0x00000034   Code   RO         4581    i.invalid_packets_omit  nrf_log_frontend.o
    0x00028f3c   0x00028f3c   0x00000044   Code   RO         1052    i.is_conn_params_ok  ble_conn_params.o
    0x00028f80   0x00028f80   0x00000030   Code   RO          562    i.leds_off          bsp.o
    0x00028fb0   0x00028fb0   0x00000014   Code   RO          563    i.leds_timer_handler  bsp.o
    0x00028fc4   0x00028fc4   0x00000018   Code   RO         1389    i.link_init         nrf_ble_gatt.o
    0x00028fdc   0x00028fdc   0x00000002   Code   RO         4582    i.log_pending_hook  nrf_log_frontend.o
    0x00028fde   0x00028fde   0x00000002   PAD
    0x00028fe0   0x00028fe0   0x000000a4   Code   RO         4583    i.log_skip          nrf_log_frontend.o
    0x00029084   0x00029084   0x0000024c   Code   RO           11    i.main              main.o
    0x000292d0   0x000292d0   0x00000064   Code   RO          831    i.manuf_specific_data_encode  ble_advdata.o
    0x00029334   0x00029334   0x0000007e   Code   RO         4057    i.memobj_op         nrf_memobj.o
    0x000293b2   0x000293b2   0x00000002   PAD
    0x000293b4   0x000293b4   0x00000030   Code   RO         4584    i.module_idx_get    nrf_log_frontend.o
    0x000293e4   0x000293e4   0x000000a6   Code   RO          832    i.name_encode       ble_advdata.o
    0x0002948a   0x0002948a   0x00000026   Code   RO         3673    i.nrf_atfifo_init   nrf_atfifo.o
    0x000294b0   0x000294b0   0x00000016   Code   RO         3674    i.nrf_atfifo_item_alloc  nrf_atfifo.o
    0x000294c6   0x000294c6   0x00000016   Code   RO         3675    i.nrf_atfifo_item_free  nrf_atfifo.o
    0x000294dc   0x000294dc   0x00000016   Code   RO         3676    i.nrf_atfifo_item_get  nrf_atfifo.o
    0x000294f2   0x000294f2   0x00000016   Code   RO         3677    i.nrf_atfifo_item_put  nrf_atfifo.o
    0x00029508   0x00029508   0x00000016   Code   RO         3739    i.nrf_atflags_clear  nrf_atflags.o
    0x0002951e   0x0002951e   0x00000016   Code   RO         3744    i.nrf_atflags_get   nrf_atflags.o
    0x00029534   0x00029534   0x00000014   Code   RO         3746    i.nrf_atflags_set   nrf_atflags.o
    0x00029548   0x00029548   0x00000006   Code   RO         3807    i.nrf_atomic_flag_clear_fetch  nrf_atomic.o
    0x0002954e   0x0002954e   0x00000006   Code   RO         3808    i.nrf_atomic_flag_set  nrf_atomic.o
    0x00029554   0x00029554   0x0000000c   Code   RO         3810    i.nrf_atomic_u32_add  nrf_atomic.o
    0x00029560   0x00029560   0x0000000c   Code   RO         3811    i.nrf_atomic_u32_and  nrf_atomic.o
    0x0002956c   0x0002956c   0x0000000a   Code   RO         3814    i.nrf_atomic_u32_fetch_and  nrf_atomic.o
    0x00029576   0x00029576   0x0000000a   Code   RO         3816    i.nrf_atomic_u32_fetch_store  nrf_atomic.o
    0x00029580   0x00029580   0x0000000c   Code   RO         3820    i.nrf_atomic_u32_or  nrf_atomic.o
    0x0002958c   0x0002958c   0x0000000c   Code   RO         3822    i.nrf_atomic_u32_sub  nrf_atomic.o
    0x00029598   0x00029598   0x00000044   Code   RO         3941    i.nrf_balloc_alloc  nrf_balloc.o
    0x000295dc   0x000295dc   0x00000030   Code   RO         3942    i.nrf_balloc_free   nrf_balloc.o
    0x0002960c   0x0002960c   0x00000030   Code   RO         3943    i.nrf_balloc_init   nrf_balloc.o
    0x0002963c   0x0002963c   0x00000010   Code   RO         2129    i.nrf_bitmask_bit_is_set  nrfx_gpiote.o
    0x0002964c   0x0002964c   0x00000018   Code   RO         1391    i.nrf_ble_gatt_att_mtu_periph_set  nrf_ble_gatt.o
    0x00029664   0x00029664   0x00000022   Code   RO         1395    i.nrf_ble_gatt_init  nrf_ble_gatt.o
    0x00029686   0x00029686   0x00000002   PAD
    0x00029688   0x00029688   0x00000150   Code   RO         1396    i.nrf_ble_gatt_on_ble_evt  nrf_ble_gatt.o
    0x000297d8   0x000297d8   0x00000016   Code   RO         1490    i.nrf_ble_qwr_conn_handle_assign  nrf_ble_qwr.o
    0x000297ee   0x000297ee   0x00000024   Code   RO         1491    i.nrf_ble_qwr_init  nrf_ble_qwr.o
    0x00029812   0x00029812   0x000000b6   Code   RO         1492    i.nrf_ble_qwr_on_ble_evt  nrf_ble_qwr.o
    0x000298c8   0x000298c8   0x0000000e   Code   RO         1987    i.nrf_clock_event_check  nrfx_clock.o
    0x000298d6   0x000298d6   0x00000010   Code   RO         1988    i.nrf_clock_event_clear  nrfx_clock.o
    0x000298e6   0x000298e6   0x00000002   PAD
    0x000298e8   0x000298e8   0x00000040   Code   RO         1643    i.nrf_drv_clock_init  nrf_drv_clock.o
    0x00029928   0x00029928   0x00000034   Code   RO         1647    i.nrf_drv_clock_lfclk_release  nrf_drv_clock.o
    0x0002995c   0x0002995c   0x00000068   Code   RO         1795    i.nrf_drv_uart_init  nrf_drv_uart.o
    0x000299c4   0x000299c4   0x00000020   Code   RO         3312    i.nrf_drv_uart_rx   app_uart_fifo.o
    0x000299e4   0x000299e4   0x00000020   Code   RO         3313    i.nrf_drv_uart_tx   app_uart_fifo.o
    0x00029a04   0x00029a04   0x0000001a   Code   RO         3978    i.nrf_fprintf       nrf_fprintf.o
    0x00029a1e   0x00029a1e   0x00000018   Code   RO         3979    i.nrf_fprintf_buffer_flush  nrf_fprintf.o
    0x00029a36   0x00029a36   0x000001da   Code   RO         4019    i.nrf_fprintf_fmt   nrf_fprintf_format.o
    0x00029c10   0x00029c10   0x00000024   Code   RO          417    i.nrf_gpio_cfg      boards.o
    0x00029c34   0x00029c34   0x00000024   Code   RO         2130    i.nrf_gpio_cfg      nrfx_gpiote.o
    0x00029c58   0x00029c58   0x00000024   Code   RO         2485    i.nrf_gpio_cfg      nrfx_uart.o
    0x00029c7c   0x00029c7c   0x00000024   Code   RO         2674    i.nrf_gpio_cfg      nrfx_uarte.o
    0x00029ca0   0x00029ca0   0x00000012   Code   RO         2487    i.nrf_gpio_cfg_input  nrfx_uart.o
    0x00029cb2   0x00029cb2   0x00000012   Code   RO         2676    i.nrf_gpio_cfg_input  nrfx_uarte.o
    0x00029cc4   0x00029cc4   0x00000014   Code   RO         2488    i.nrf_gpio_cfg_output  nrfx_uart.o
    0x00029cd8   0x00029cd8   0x00000014   Code   RO         2677    i.nrf_gpio_cfg_output  nrfx_uarte.o
    0x00029cec   0x00029cec   0x00000022   Code   RO         2132    i.nrf_gpio_cfg_sense_set  nrfx_gpiote.o
    0x00029d0e   0x00029d0e   0x00000002   PAD
    0x00029d10   0x00029d10   0x0000002c   Code   RO         2133    i.nrf_gpio_latches_read_and_clear  nrfx_gpiote.o
    0x00029d3c   0x00029d3c   0x0000001e   Code   RO         2134    i.nrf_gpio_pin_present_check  nrfx_gpiote.o
    0x00029d5a   0x00029d5a   0x00000016   Code   RO          418    i.nrf_gpio_pin_write  boards.o
    0x00029d70   0x00029d70   0x00000014   Code   RO         2135    i.nrf_gpiote_event_clear  nrfx_gpiote.o
    0x00029d84   0x00029d84   0x00000010   Code   RO         2136    i.nrf_gpiote_event_is_set  nrfx_gpiote.o
    0x00029d94   0x00029d94   0x0000005c   Code   RO         4585    i.nrf_log_backend_add  nrf_log_frontend.o
    0x00029df0   0x00029df0   0x00000002   Code   RO         4436    i.nrf_log_backend_rtt_flush  nrf_log_backend_rtt.o
    0x00029df2   0x00029df2   0x00000004   Code   RO         4437    i.nrf_log_backend_rtt_init  nrf_log_backend_rtt.o
    0x00029df6   0x00029df6   0x00000002   Code   RO         4438    i.nrf_log_backend_rtt_panic_set  nrf_log_backend_rtt.o
    0x00029df8   0x00029df8   0x00000018   Code   RO         4439    i.nrf_log_backend_rtt_put  nrf_log_backend_rtt.o
    0x00029e10   0x00029e10   0x000000c8   Code   RO         4505    i.nrf_log_backend_serial_put  nrf_log_backend_serial.o
    0x00029ed8   0x00029ed8   0x00000030   Code   RO         4587    i.nrf_log_color_id_get  nrf_log_frontend.o
    0x00029f08   0x00029f08   0x0000001c   Code   RO         4539    i.nrf_log_default_backends_init  nrf_log_default_backends.o
    0x00029f24   0x00029f24   0x00000238   Code   RO         4588    i.nrf_log_frontend_dequeue  nrf_log_frontend.o
    0x0002a15c   0x0002a15c   0x00000008   Code   RO         4590    i.nrf_log_frontend_std_0  nrf_log_frontend.o
    0x0002a164   0x0002a164   0x0000000e   Code   RO         4591    i.nrf_log_frontend_std_1  nrf_log_frontend.o
    0x0002a172   0x0002a172   0x00000010   Code   RO         4592    i.nrf_log_frontend_std_2  nrf_log_frontend.o
    0x0002a182   0x0002a182   0x00000002   PAD
    0x0002a184   0x0002a184   0x000000b0   Code   RO         4771    i.nrf_log_hexdump_entry_process  nrf_log_str_formatter.o
    0x0002a234   0x0002a234   0x00000028   Code   RO         4597    i.nrf_log_init      nrf_log_frontend.o
    0x0002a25c   0x0002a25c   0x00000014   Code   RO         4598    i.nrf_log_module_cnt_get  nrf_log_frontend.o
    0x0002a270   0x0002a270   0x0000001c   Code   RO         4601    i.nrf_log_module_name_get  nrf_log_frontend.o
    0x0002a28c   0x0002a28c   0x00000028   Code   RO         4602    i.nrf_log_panic     nrf_log_frontend.o
    0x0002a2b4   0x0002a2b4   0x000000b6   Code   RO         4772    i.nrf_log_std_entry_process  nrf_log_str_formatter.o
    0x0002a36a   0x0002a36a   0x00000060   Code   RO         4058    i.nrf_memobj_alloc  nrf_memobj.o
    0x0002a3ca   0x0002a3ca   0x00000032   Code   RO         4059    i.nrf_memobj_free   nrf_memobj.o
    0x0002a3fc   0x0002a3fc   0x00000008   Code   RO         4060    i.nrf_memobj_get    nrf_memobj.o
    0x0002a404   0x0002a404   0x00000004   Code   RO         4061    i.nrf_memobj_pool_init  nrf_memobj.o
    0x0002a408   0x0002a408   0x0000001e   Code   RO         4062    i.nrf_memobj_put    nrf_memobj.o
    0x0002a426   0x0002a426   0x00000010   Code   RO         4063    i.nrf_memobj_read   nrf_memobj.o
    0x0002a436   0x0002a436   0x00000010   Code   RO         4064    i.nrf_memobj_write  nrf_memobj.o
    0x0002a446   0x0002a446   0x00000002   PAD
    0x0002a448   0x0002a448   0x00000028   Code   RO         4136    i.nrf_pwr_mgmt_init  nrf_pwr_mgmt.o
    0x0002a470   0x0002a470   0x00000044   Code   RO         4137    i.nrf_pwr_mgmt_run  nrf_pwr_mgmt.o
    0x0002a4b4   0x0002a4b4   0x00000004   Code   RO           12    i.nrf_qwr_error_handler  main.o
    0x0002a4b8   0x0002a4b8   0x0000001c   Code   RO         4216    i.nrf_ringbuf_init  nrf_ringbuf.o
    0x0002a4d4   0x0002a4d4   0x0000000c   Code   RO         3476    i.nrf_rtc_event_clear  drv_rtc.o
    0x0002a4e0   0x0002a4e0   0x00000014   Code   RO         5202    i.nrf_sdh_ble_app_ram_start_get  nrf_sdh_ble.o
    0x0002a4f4   0x0002a4f4   0x00000130   Code   RO         5203    i.nrf_sdh_ble_default_cfg_set  nrf_sdh_ble.o
    0x0002a624   0x0002a624   0x00000130   Code   RO         5204    i.nrf_sdh_ble_enable  nrf_sdh_ble.o
    0x0002a754   0x0002a754   0x00000060   Code   RO         5205    i.nrf_sdh_ble_evts_poll  nrf_sdh_ble.o
    0x0002a7b4   0x0002a7b4   0x00000074   Code   RO         5084    i.nrf_sdh_enable_request  nrf_sdh.o
    0x0002a828   0x0002a828   0x00000024   Code   RO         5085    i.nrf_sdh_evts_poll  nrf_sdh.o
    0x0002a84c   0x0002a84c   0x0000000c   Code   RO         5086    i.nrf_sdh_is_enabled  nrf_sdh.o
    0x0002a858   0x0002a858   0x0000003c   Code   RO         5256    i.nrf_sdh_soc_evts_poll  nrf_sdh_soc.o
    0x0002a894   0x0002a894   0x0000000a   Code   RO         4274    i.nrf_section_iter_init  nrf_section_iter.o
    0x0002a89e   0x0002a89e   0x00000024   Code   RO         4275    i.nrf_section_iter_item_set  nrf_section_iter.o
    0x0002a8c2   0x0002a8c2   0x00000020   Code   RO         4276    i.nrf_section_iter_next  nrf_section_iter.o
    0x0002a8e2   0x0002a8e2   0x00000022   Code   RO         4309    i.nrf_sortlist_add  nrf_sortlist.o
    0x0002a904   0x0002a904   0x00000006   Code   RO         4311    i.nrf_sortlist_peek  nrf_sortlist.o
    0x0002a90a   0x0002a90a   0x0000000e   Code   RO         4312    i.nrf_sortlist_pop  nrf_sortlist.o
    0x0002a918   0x0002a918   0x0000001e   Code   RO         4313    i.nrf_sortlist_remove  nrf_sortlist.o
    0x0002a936   0x0002a936   0x00000002   PAD
    0x0002a938   0x0002a938   0x00000038   Code   RO         4365    i.nrf_strerror_find  nrf_strerror.o
    0x0002a970   0x0002a970   0x00000014   Code   RO         4366    i.nrf_strerror_get  nrf_strerror.o
    0x0002a984   0x0002a984   0x0000000a   Code   RO         2489    i.nrf_uart_event_check  nrfx_uart.o
    0x0002a98e   0x0002a98e   0x0000000c   Code   RO         2490    i.nrf_uart_event_clear  nrfx_uart.o
    0x0002a99a   0x0002a99a   0x0000000c   Code   RO         2491    i.nrf_uart_int_enable_check  nrfx_uart.o
    0x0002a9a6   0x0002a9a6   0x0000000a   Code   RO         2678    i.nrf_uarte_event_check  nrfx_uarte.o
    0x0002a9b0   0x0002a9b0   0x0000000c   Code   RO         2679    i.nrf_uarte_event_clear  nrfx_uarte.o
    0x0002a9bc   0x0002a9bc   0x00000010   Code   RO         1650    i.nrf_wdt_started   nrf_drv_clock.o
    0x0002a9cc   0x0002a9cc   0x0000002c   Code   RO         1993    i.nrfx_clock_enable  nrfx_clock.o
    0x0002a9f8   0x0002a9f8   0x00000020   Code   RO         1996    i.nrfx_clock_init   nrfx_clock.o
    0x0002aa18   0x0002aa18   0x00000030   Code   RO         1999    i.nrfx_clock_lfclk_stop  nrfx_clock.o
    0x0002aa48   0x0002aa48   0x00000010   Code   RO         3477    i.nrfx_coredep_delay_us  drv_rtc.o
    0x0002aa58   0x0002aa58   0x000000a0   Code   RO         2142    i.nrfx_gpiote_in_event_enable  nrfx_gpiote.o
    0x0002aaf8   0x0002aaf8   0x000000cc   Code   RO         2144    i.nrfx_gpiote_in_init  nrfx_gpiote.o
    0x0002abc4   0x0002abc4   0x00000014   Code   RO         2145    i.nrfx_gpiote_in_is_set  nrfx_gpiote.o
    0x0002abd8   0x0002abd8   0x00000074   Code   RO         2147    i.nrfx_gpiote_init  nrfx_gpiote.o
    0x0002ac4c   0x0002ac4c   0x00000014   Code   RO         2148    i.nrfx_gpiote_is_init  nrfx_gpiote.o
    0x0002ac60   0x0002ac60   0x00000010   Code   RO         2680    i.nrfx_is_in_ram    nrfx_uarte.o
    0x0002ac70   0x0002ac70   0x0000003a   Code   RO         2431    i.nrfx_prs_acquire  nrfx_prs.o
    0x0002acaa   0x0002acaa   0x00000002   PAD
    0x0002acac   0x0002acac   0x00000010   Code   RO         2492    i.nrfx_uart_0_irq_handler  nrfx_uart.o
    0x0002acbc   0x0002acbc   0x000000d4   Code   RO         2494    i.nrfx_uart_init    nrfx_uart.o
    0x0002ad90   0x0002ad90   0x000000ec   Code   RO         2495    i.nrfx_uart_rx      nrfx_uart.o
    0x0002ae7c   0x0002ae7c   0x000000a8   Code   RO         2500    i.nrfx_uart_tx      nrfx_uart.o
    0x0002af24   0x0002af24   0x00000020   Code   RO         2502    i.nrfx_uart_tx_in_progress  nrfx_uart.o
    0x0002af44   0x0002af44   0x00000010   Code   RO         2681    i.nrfx_uarte_0_irq_handler  nrfx_uarte.o
    0x0002af54   0x0002af54   0x0000006c   Code   RO         2683    i.nrfx_uarte_init   nrfx_uarte.o
    0x0002afc0   0x0002afc0   0x00000104   Code   RO         2684    i.nrfx_uarte_rx     nrfx_uarte.o
    0x0002b0c4   0x0002b0c4   0x000000ac   Code   RO         2687    i.nrfx_uarte_tx     nrfx_uarte.o
    0x0002b170   0x0002b170   0x0000001c   Code   RO         2689    i.nrfx_uarte_tx_in_progress  nrfx_uarte.o
    0x0002b18c   0x0002b18c   0x00000018   Code   RO         5300    i.nvmc_config       system_nrf52.o
    0x0002b1a4   0x0002b1a4   0x00000024   Code   RO           13    i.on_adv_evt        main.o
    0x0002b1c8   0x0002b1c8   0x0000001c   Code   RO           14    i.on_conn_params_evt  main.o
    0x0002b1e4   0x0002b1e4   0x000000a8   Code   RO         1397    i.on_connected_evt  nrf_ble_gatt.o
    0x0002b28c   0x0002b28c   0x000000ac   Code   RO         1398    i.on_exchange_mtu_request_evt  nrf_ble_gatt.o
    0x0002b338   0x0002b338   0x00000012   Code   RO          943    i.phy_is_valid      ble_advertising.o
    0x0002b34a   0x0002b34a   0x00000002   PAD
    0x0002b34c   0x0002b34c   0x0000001c   Code   RO         2166    i.pin_configured_set  nrfx_gpiote.o
    0x0002b368   0x0002b368   0x00000018   Code   RO         2167    i.pin_in_use_by_port  nrfx_gpiote.o
    0x0002b380   0x0002b380   0x00000018   Code   RO         2168    i.pin_in_use_by_te  nrfx_gpiote.o
    0x0002b398   0x0002b398   0x000000b4   Code   RO         2169    i.port_event_handle  nrfx_gpiote.o
    0x0002b44c   0x0002b44c   0x00000010   Code   RO         2170    i.port_handler_polarity_get  nrfx_gpiote.o
    0x0002b45c   0x0002b45c   0x0000003c   Code   RO         4774    i.postfix_process   nrf_log_str_formatter.o
    0x0002b498   0x0002b498   0x00000098   Code   RO         4775    i.prefix_process    nrf_log_str_formatter.o
    0x0002b530   0x0002b530   0x00000018   Code   RO         2433    i.prs_box_get       nrfx_prs.o
    0x0002b548   0x0002b548   0x0000005c   Code   RO         3176    i.rtc_irq           app_timer2.o
    0x0002b5a4   0x0002b5a4   0x0000006c   Code   RO         3177    i.rtc_schedule      app_timer2.o
    0x0002b610   0x0002b610   0x0000008c   Code   RO         3178    i.rtc_update        app_timer2.o
    0x0002b69c   0x0002b69c   0x00000032   Code   RO         2504    i.rx_byte           nrfx_uart.o
    0x0002b6ce   0x0002b6ce   0x00000016   Code   RO         2505    i.rx_done_event     nrfx_uart.o
    0x0002b6e4   0x0002b6e4   0x00000016   Code   RO         2691    i.rx_done_event     nrfx_uarte.o
    0x0002b6fa   0x0002b6fa   0x00000020   Code   RO         2506    i.rx_enable         nrfx_uart.o
    0x0002b71a   0x0002b71a   0x00000002   PAD
    0x0002b71c   0x0002b71c   0x00000058   Code   RO         1651    i.sd_state_evt_handler  nrf_drv_clock.o
    0x0002b774   0x0002b774   0x00000030   Code   RO         5091    i.sdh_request_observer_notify  nrf_sdh.o
    0x0002b7a4   0x0002b7a4   0x0000002c   Code   RO         5092    i.sdh_state_observer_notify  nrf_sdh.o
    0x0002b7d0   0x0002b7d0   0x00000010   Code   RO         1053    i.send_error_evt    ble_conn_params.o
    0x0002b7e0   0x0002b7e0   0x00000050   Code   RO         4440    i.serial_tx         nrf_log_backend_rtt.o
    0x0002b830   0x0002b830   0x00000088   Code   RO          833    i.service_data_encode  ble_advdata.o
    0x0002b8b8   0x0002b8b8   0x00000030   Code   RO         1332    i.set_security_req  ble_srv_common.o
    0x0002b8e8   0x0002b8e8   0x00000028   Code   RO           15    i.sleep_mode_enter  main.o
    0x0002b910   0x0002b910   0x00000018   Code   RO         1652    i.soc_evt_handler   nrf_drv_clock.o
    0x0002b928   0x0002b928   0x00000058   Code   RO         5094    i.softdevices_evt_irq_enable  nrf_sdh.o
    0x0002b980   0x0002b980   0x0000000c   Code   RO         3179    i.sortlist_pop      app_timer2.o
    0x0002b98c   0x0002b98c   0x00000030   Code   RO         2840    i.state_set         app_button.o
    0x0002b9bc   0x0002b9bc   0x00000098   Code   RO         4604    i.std_n             nrf_log_frontend.o
    0x0002ba54   0x0002ba54   0x00000098   Code   RO         3180    i.timer_expire      app_timer2.o
    0x0002baec   0x0002baec   0x00000080   Code   RO         3181    i.timer_req_process  app_timer2.o
    0x0002bb6c   0x0002bb6c   0x00000038   Code   RO         3182    i.timer_req_schedule  app_timer2.o
    0x0002bba4   0x0002bba4   0x00000018   Code   RO         2841    i.timer_start       app_button.o
    0x0002bbbc   0x0002bbbc   0x00000020   Code   RO         2507    i.tx_byte           nrfx_uart.o
    0x0002bbdc   0x0002bbdc   0x0000001a   Code   RO         2508    i.tx_done_event     nrfx_uart.o
    0x0002bbf6   0x0002bbf6   0x0000001a   Code   RO         2692    i.tx_done_event     nrfx_uarte.o
    0x0002bc10   0x0002bc10   0x00000064   Code   RO           16    i.uart_event_handle  main.o
    0x0002bc74   0x0002bc74   0x000000a4   Code   RO         3314    i.uart_event_handler  app_uart_fifo.o
    0x0002bd18   0x0002bd18   0x00000030   Code   RO         1796    i.uart_evt_handler  nrf_drv_uart.o
    0x0002bd48   0x0002bd48   0x0000012a   Code   RO         2509    i.uart_irq_handler  nrfx_uart.o
    0x0002be72   0x0002be72   0x00000002   PAD
    0x0002be74   0x0002be74   0x00000030   Code   RO         1797    i.uarte_evt_handler  nrf_drv_uart.o
    0x0002bea4   0x0002bea4   0x00000112   Code   RO         2693    i.uarte_irq_handler  nrfx_uarte.o
    0x0002bfb6   0x0002bfb6   0x0000000a   Code   RO          834    i.uint16_encode     ble_advdata.o
    0x0002bfc0   0x0002bfc0   0x000000b4   Code   RO         4020    i.unsigned_print    nrf_fprintf_format.o
    0x0002c074   0x0002c074   0x00000068   Code   RO         1054    i.update_timeout_handler  ble_conn_params.o
    0x0002c0dc   0x0002c0dc   0x00000018   Code   RO          944    i.use_whitelist     ble_advertising.o
    0x0002c0f4   0x0002c0f4   0x00000024   Code   RO         1493    i.user_mem_reply    nrf_ble_qwr.o
    0x0002c118   0x0002c118   0x00000020   Code   RO         2842    i.usr_event         app_button.o
    0x0002c138   0x0002c138   0x00000030   Code   RO          835    i.uuid_list_encode  ble_advdata.o
    0x0002c168   0x0002c168   0x0000009e   Code   RO          836    i.uuid_list_sized_encode  ble_advdata.o
    0x0002c206   0x0002c206   0x0000003a   Code   RO          564    i.wakeup_button_cfg  bsp.o
    0x0002c240   0x0002c240   0x00000018   Data   RO           18    .constdata          main.o
    0x0002c258   0x0002c258   0x00000008   Data   RO          419    .constdata          boards.o
    0x0002c260   0x0002c260   0x0000002c   Data   RO          566    .constdata          bsp.o
    0x0002c28c   0x0002c28c   0x00000016   Data   RO         1399    .constdata          nrf_ble_gatt.o
    0x0002c2a2   0x0002c2a2   0x00000002   PAD
    0x0002c2a4   0x0002c2a4   0x00000010   Data   RO         1598    .constdata          cus_service.o
    0x0002c2b4   0x0002c2b4   0x00000004   Data   RO         2172    .constdata          nrfx_gpiote.o
    0x0002c2b8   0x0002c2b8   0x00000004   Data   RO         2512    .constdata          nrfx_uart.o
    0x0002c2bc   0x0002c2bc   0x00000004   Data   RO         2696    .constdata          nrfx_uarte.o
    0x0002c2c0   0x0002c2c0   0x00000008   Data   RO         2844    .constdata          app_button.o
    0x0002c2c8   0x0002c2c8   0x00000014   Data   RO         3185    .constdata          app_timer2.o
    0x0002c2dc   0x0002c2dc   0x00000020   Data   RO         3316    .constdata          app_uart_fifo.o
    0x0002c2fc   0x0002c2fc   0x00000004   PAD
    0x0002c300   0x0002c300   0x00000006   Data   RO         3478    .constdata          drv_rtc.o
    0x0002c306   0x0002c306   0x00000010   Data   RO         4021    .constdata          nrf_fprintf_format.o
    0x0002c316   0x0002c316   0x00000002   PAD
    0x0002c318   0x0002c318   0x00000018   Data   RO         4141    .constdata          nrf_pwr_mgmt.o
    0x0002c330   0x0002c330   0x0000000c   Data   RO         4142    .constdata          nrf_pwr_mgmt.o
    0x0002c33c   0x0002c33c   0x0000013c   Data   RO         4367    .constdata          nrf_strerror.o
    0x0002c478   0x0002c478   0x0000000c   Data   RO         4442    .constdata          nrf_log_backend_rtt.o
    0x0002c484   0x0002c484   0x0000000c   PAD
    0x0002c490   0x0002c490   0x00000006   Data   RO         4443    .constdata          nrf_log_backend_rtt.o
    0x0002c496   0x0002c496   0x00000002   PAD
    0x0002c498   0x0002c498   0x0000000c   Data   RO         4609    .constdata          nrf_log_frontend.o
    0x0002c4a4   0x0002c4a4   0x00000010   Data   RO         5095    .constdata          nrf_sdh.o
    0x0002c4b4   0x0002c4b4   0x00000028   Data   RO         5096    .constdata          nrf_sdh.o
    0x0002c4dc   0x0002c4dc   0x00000010   Data   RO         5097    .constdata          nrf_sdh.o
    0x0002c4ec   0x0002c4ec   0x00000010   Data   RO         5098    .constdata          nrf_sdh.o
    0x0002c4fc   0x0002c4fc   0x00000020   Data   RO         5206    .constdata          nrf_sdh_ble.o
    0x0002c51c   0x0002c51c   0x00000010   Data   RO         5207    .constdata          nrf_sdh_ble.o
    0x0002c52c   0x0002c52c   0x00000010   Data   RO         5257    .constdata          nrf_sdh_soc.o
    0x0002c53c   0x0002c53c   0x0000000c   Data   RO         5258    .constdata          nrf_sdh_soc.o
    0x0002c548   0x0002c548   0x00000081   Data   RO         5367    .constdata          mc_w.l(ctype_o.o)
    0x0002c5c9   0x0002c5c9   0x00000003   PAD
    0x0002c5cc   0x0002c5cc   0x00000004   Data   RO         5368    .constdata          mc_w.l(ctype_o.o)
    0x0002c5d0   0x0002c5d0   0x000000a2   Data   RO         1400    .conststring        nrf_ble_gatt.o
    0x0002c672   0x0002c672   0x00000002   PAD
    0x0002c674   0x0002c674   0x000003eb   Data   RO         4368    .conststring        nrf_strerror.o
    0x0002ca5f   0x0002ca5f   0x00000001   PAD
    0x0002ca60   0x0002ca60   0x00000066   Data   RO         4776    .conststring        nrf_log_str_formatter.o
    0x0002cac6   0x0002cac6   0x00000002   PAD
    0x0002cac8   0x0002cac8   0x000001cf   Data   RO         5208    .conststring        nrf_sdh_ble.o
    0x0002cc97   0x0002cc97   0x00000001   PAD
    0x0002cc98   0x0002cc98   0x0000000d   Data   RO         1401    .conststrlit        nrf_ble_gatt.o
    0x0002cca5   0x0002cca5   0x00000003   PAD
    0x0002cca8   0x0002cca8   0x00000008   Data   RO         1540    .conststrlit        ble_nus.o
    0x0002ccb0   0x0002ccb0   0x00000006   Data   RO         1658    .conststrlit        nrf_drv_clock.o
    0x0002ccb6   0x0002ccb6   0x00000002   PAD
    0x0002ccb8   0x0002ccb8   0x00000006   Data   RO         2003    .conststrlit        nrfx_clock.o
    0x0002ccbe   0x0002ccbe   0x00000002   PAD
    0x0002ccc0   0x0002ccc0   0x00000007   Data   RO         2176    .conststrlit        nrfx_gpiote.o
    0x0002ccc7   0x0002ccc7   0x00000001   PAD
    0x0002ccc8   0x0002ccc8   0x00000004   Data   RO         2435    .conststrlit        nrfx_prs.o
    0x0002cccc   0x0002cccc   0x00000005   Data   RO         2515    .conststrlit        nrfx_uart.o
    0x0002ccd1   0x0002ccd1   0x00000003   PAD
    0x0002ccd4   0x0002ccd4   0x00000006   Data   RO         2699    .conststrlit        nrfx_uarte.o
    0x0002ccda   0x0002ccda   0x00000002   PAD
    0x0002ccdc   0x0002ccdc   0x0000000b   Data   RO         2845    .conststrlit        app_button.o
    0x0002cce7   0x0002cce7   0x00000001   PAD
    0x0002cce8   0x0002cce8   0x0000000a   Data   RO         3186    .conststrlit        app_timer2.o
    0x0002ccf2   0x0002ccf2   0x00000002   PAD
    0x0002ccf4   0x0002ccf4   0x00000009   Data   RO         4143    .conststrlit        nrf_pwr_mgmt.o
    0x0002ccfd   0x0002ccfd   0x00000003   PAD
    0x0002cd00   0x0002cd00   0x00000009   Data   RO         4314    .conststrlit        nrf_sortlist.o
    0x0002cd09   0x0002cd09   0x00000003   PAD
    0x0002cd0c   0x0002cd0c   0x00000010   Data   RO         4540    .conststrlit        nrf_log_default_backends.o
    0x0002cd1c   0x0002cd1c   0x00000004   Data   RO         4610    .conststrlit        nrf_log_frontend.o
    0x0002cd20   0x0002cd20   0x00000008   Data   RO         5099    .conststrlit        nrf_sdh.o
    0x0002cd28   0x0002cd28   0x0000000c   Data   RO         5209    .conststrlit        nrf_sdh_ble.o
    0x0002cd34   0x0002cd34   0x0000000c   Data   RO         5259    .conststrlit        nrf_sdh_soc.o
    0x0002cd40   0x0002cd40   0x00000020   Data   RO         5702    Region$$Table       anon$$obj.o
    0x0002cd60   0x0002cd60   0x00000010   Data   RO         4542    log_backends        nrf_log_default_backends.o
    0x0002cd70   0x0002cd70   0x00000008   Data   RO         1402    log_const_data      nrf_ble_gatt.o
    0x0002cd78   0x0002cd78   0x00000008   Data   RO         1541    log_const_data      ble_nus.o
    0x0002cd80   0x0002cd80   0x00000008   Data   RO         1659    log_const_data      nrf_drv_clock.o
    0x0002cd88   0x0002cd88   0x00000008   Data   RO         2005    log_const_data      nrfx_clock.o
    0x0002cd90   0x0002cd90   0x00000008   Data   RO         2177    log_const_data      nrfx_gpiote.o
    0x0002cd98   0x0002cd98   0x00000008   Data   RO         2437    log_const_data      nrfx_prs.o
    0x0002cda0   0x0002cda0   0x00000008   Data   RO         2516    log_const_data      nrfx_uart.o
    0x0002cda8   0x0002cda8   0x00000008   Data   RO         2700    log_const_data      nrfx_uarte.o
    0x0002cdb0   0x0002cdb0   0x00000008   Data   RO         2848    log_const_data      app_button.o
    0x0002cdb8   0x0002cdb8   0x00000008   Data   RO         3189    log_const_data      app_timer2.o
    0x0002cdc0   0x0002cdc0   0x00000008   Data   RO         4145    log_const_data      nrf_pwr_mgmt.o
    0x0002cdc8   0x0002cdc8   0x00000008   Data   RO         4315    log_const_data      nrf_sortlist.o
    0x0002cdd0   0x0002cdd0   0x00000008   Data   RO         4614    log_const_data      nrf_log_frontend.o
    0x0002cdd8   0x0002cdd8   0x00000008   Data   RO         5101    log_const_data      nrf_sdh.o
    0x0002cde0   0x0002cde0   0x00000008   Data   RO         5211    log_const_data      nrf_sdh_ble.o
    0x0002cde8   0x0002cde8   0x00000008   Data   RO         5260    log_const_data      nrf_sdh_soc.o
    0x0002cdf0   0x0002cdf0   0x00000014   Data   RO         4615    nrf_balloc          nrf_log_frontend.o
    0x0002ce04   0x0002ce04   0x00000008   Data   RO         1152    sdh_ble_observers0  ble_conn_state.o
    0x0002ce0c   0x0002ce0c   0x00000010   Data   RO           20    sdh_ble_observers1  main.o
    0x0002ce1c   0x0002ce1c   0x00000008   Data   RO          688    sdh_ble_observers1  bsp_btn_ble.o
    0x0002ce24   0x0002ce24   0x00000008   Data   RO         1057    sdh_ble_observers1  ble_conn_params.o
    0x0002ce2c   0x0002ce2c   0x00000010   Data   RO           21    sdh_ble_observers2  main.o
    0x0002ce3c   0x0002ce3c   0x00000008   Data   RO           22    sdh_ble_observers3  main.o
    0x0002ce44   0x0002ce44   0x00000008   Data   RO         1660    sdh_soc_observers0  nrf_drv_clock.o
    0x0002ce4c   0x0002ce4c   0x00000008   Data   RO         5212    sdh_stack_observers0  nrf_sdh_ble.o
    0x0002ce54   0x0002ce54   0x00000008   Data   RO         5261    sdh_stack_observers0  nrf_sdh_soc.o
    0x0002ce5c   0x0002ce5c   0x00000008   Data   RO         1661    sdh_state_observers0  nrf_drv_clock.o


    Execution Region RW_IRAM1 (Exec base: 0x20002ad8, Load base: 0x0002ce64, Size: 0x000032a0, Max: 0x0000d528, ABSOLUTE, COMPRESSED[0x00000058])

    Exec Addr    Load Addr    Size         Type   Attr      Idx    E Section Name        Object

    0x20002ad8   COMPRESSED   0x0000000a   Data   RW           19    .data               main.o
    0x20002ae2   COMPRESSED   0x00000002   PAD
    0x20002ae4   COMPRESSED   0x00000010   Data   RW          567    .data               bsp.o
    0x20002af4   COMPRESSED   0x00000004   PAD
    0x20002af8   COMPRESSED   0x00000020   Data   RW          568    .data               bsp.o
    0x20002b18   COMPRESSED   0x00000020   Data   RW          569    .data               bsp.o
    0x20002b38   COMPRESSED   0x00000020   Data   RW          570    .data               bsp.o
    0x20002b58   COMPRESSED   0x00000008   Data   RW          687    .data               bsp_btn_ble.o
    0x20002b60   COMPRESSED   0x00000008   Data   RW         1056    .data               ble_conn_params.o
    0x20002b68   COMPRESSED   0x0000000c   Data   RW         1798    .data               nrf_drv_uart.o
    0x20002b74   COMPRESSED   0x00000008   Data   RW         2004    .data               nrfx_clock.o
    0x20002b7c   COMPRESSED   0x00000008   Data   RW         2436    .data               nrfx_prs.o
    0x20002b84   COMPRESSED   0x00000004   PAD
    0x20002b88   COMPRESSED   0x00000018   Data   RW         2846    .data               app_button.o
    0x20002ba0   COMPRESSED   0x00000020   Data   RW         2847    .data               app_button.o
    0x20002bc0   COMPRESSED   0x00000020   Data   RW         3187    .data               app_timer2.o
    0x20002be0   COMPRESSED   0x00000004   Data   RW         3188    .data               app_timer2.o
    0x20002be4   COMPRESSED   0x0000001c   Data   RW         3317    .data               app_uart_fifo.o
    0x20002c00   COMPRESSED   0x0000000c   Data   RW         3479    .data               drv_rtc.o
    0x20002c0c   COMPRESSED   0x00000008   Data   RW         4144    .data               nrf_pwr_mgmt.o
    0x20002c14   COMPRESSED   0x00000004   Data   RW         4400    .data               retarget.o
    0x20002c18   COMPRESSED   0x00000001   Data   RW         4444    .data               nrf_log_backend_rtt.o
    0x20002c19   COMPRESSED   0x00000003   PAD
    0x20002c1c   COMPRESSED   0x00000008   Data   RW         4541    .data               nrf_log_default_backends.o
    0x20002c24   COMPRESSED   0x00000004   Data   RW         4611    .data               nrf_log_frontend.o
    0x20002c28   COMPRESSED   0x00000008   Data   RW         4612    .data               nrf_log_frontend.o
    0x20002c30   COMPRESSED   0x00000008   Data   RW         4613    .data               nrf_log_frontend.o
    0x20002c38   COMPRESSED   0x00000040   Data   RW         4777    .data               nrf_log_str_formatter.o
    0x20002c78   COMPRESSED   0x00000003   Data   RW         5100    .data               nrf_sdh.o
    0x20002c7b   COMPRESSED   0x00000001   Data   RW         5210    .data               nrf_sdh_ble.o
    0x20002c7c   COMPRESSED   0x00000004   Data   RW         5302    .data               system_nrf52.o
    0x20002c80        -       0x0000066c   Zero   RW           17    .bss                main.o
    0x200032ec        -       0x0000000c   Zero   RW          565    .bss                bsp.o
    0x200032f8        -       0x00000050   Zero   RW         1055    .bss                ble_conn_params.o
    0x20003348        -       0x0000007c   Zero   RW         1151    .bss                ble_conn_state.o
    0x200033c4        -       0x00000014   Zero   RW         1653    .bss                nrf_drv_clock.o
    0x200033d8        -       0x0000005c   Zero   RW         2171    .bss                nrfx_gpiote.o
    0x20003434        -       0x0000002c   Zero   RW         2510    .bss                nrfx_uart.o
    0x20003460        -       0x00000024   Zero   RW         2694    .bss                nrfx_uarte.o
    0x20003484        -       0x00000010   Zero   RW         2843    .bss                app_button.o
    0x20003494        -       0x00000010   Zero   RW         3183    .bss                app_timer2.o
    0x200034a4        -       0x00000058   Zero   RW         3184    .bss                app_timer2.o
    0x200034fc        -       0x00000020   Zero   RW         3315    .bss                app_uart_fifo.o
    0x2000351c        -       0x0000000c   Zero   RW         3393    .bss                app_util_platform.o
    0x20003528        -       0x0000000c   Zero   RW         4140    .bss                nrf_pwr_mgmt.o
    0x20003534        -       0x00000040   Zero   RW         4441    .bss                nrf_log_backend_rtt.o
    0x20003574        -       0x000000c0   Zero   RW         4605    .bss                nrf_log_frontend.o
    0x20003634        -       0x00000080   Zero   RW         4606    .bss                nrf_log_frontend.o
    0x200036b4        -       0x00000018   Zero   RW         4607    .bss                nrf_log_frontend.o
    0x200036cc        -       0x00000420   Zero   RW         4608    .bss                nrf_log_frontend.o
    0x20003aec        -       0x00000288   Zero   RW         4853    .bss                segger_rtt.o
    0x20003d74   COMPRESSED   0x00000004   PAD
    0x20003d78        -       0x00002000   Zero   RW         5288    STACK               arm_startup_nrf52.o


==============================================================================

Image component sizes


      Code (inc. data)   RO Data    RW Data    ZI Data      Debug   Object Name

       664         66         27         56         16      17674   app_button.o
        22          0          0          0          0       2505   app_error.o
       132         46          0          0          0      37222   app_error_weak.o
       118          0          0          0          0       4958   app_fifo.o
      1052         90         38         36        104      17017   app_timer2.o
       528         60         32         28         32      17834   app_uart_fifo.o
       124         14          0          0         12      10654   app_util_platform.o
        36          8        512          0       8192        920   arm_startup_nrf52.o
      1338          0          0          0          0      60436   ble_advdata.o
      1076          6          0          0          0      17891   ble_advertising.o
       636         44          8          8         80      12647   ble_conn_params.o
       352          6          8          0        124       6273   ble_conn_state.o
         0          0          0          0          0       1160   ble_link_ctx_manager.o
         0          0         16          0          0       3744   ble_nus.o
       456          6          0          0          0       3343   ble_srv_common.o
       358         40          8          0          0      61209   boards.o
       998         84         44        112         12      22871   bsp.o
       252         10          8          8          0      55108   bsp_btn_ble.o
       394          6         16          0          0       5316   cus_service.o
       704         76          6         12          0      48497   drv_rtc.o
      1452        344         64         10       1644     165072   main.o
       326          0          0          0          0       5891   nrf_atfifo.o
        64          0          0          0          0       3004   nrf_atflags.o
       306          0          0          0          0       7955   nrf_atomic.o
       164          0          0          0          0       3608   nrf_balloc.o
       950        272        205          0          0      37953   nrf_ble_gatt.o
       276          0          0          0          0       6173   nrf_ble_qwr.o
       312         36         30          0         20      47428   nrf_drv_clock.o
       200         26          0         12          0      17756   nrf_drv_uart.o
        50          0          0          0          0       3505   nrf_fprintf.o
       866          4         16          0          0       6518   nrf_fprintf_format.o
       112         18         18          1         64       6069   nrf_log_backend_rtt.o
       200          0          0          0          0      10901   nrf_log_backend_serial.o
        28          4         32          8          0       3313   nrf_log_default_backends.o
      1484        128         44         20       1400      30309   nrf_log_frontend.o
       570        108        102         64          0       5616   nrf_log_str_formatter.o
       346          0          0          0          0       9511   nrf_memobj.o
       108         16         53          8         12      42274   nrf_pwr_mgmt.o
        28          0          0          0          0       2351   nrf_ringbuf.o
       384         46        104          3          0      42699   nrf_sdh.o
       724        232        539          1          0       5885   nrf_sdh_ble.o
        60          4         56          0          0       2448   nrf_sdh_soc.o
        78          0          0          0          0       2756   nrf_section_iter.o
        84          0         17          0          0       4069   nrf_sortlist.o
        76         10       1319          0          0       2715   nrf_strerror.o
       242         32         14          8          0      47004   nrfx_clock.o
      1268        106         19          0         92      65653   nrfx_gpiote.o
        94         16         12          8          0       3733   nrfx_prs.o
      1368         38         17          0         44      30373   nrfx_uart.o
      1290         36         18          0         36      25051   nrfx_uarte.o
        14          0          0          4          0       2854   retarget.o
       378         34          0          0        648       8925   segger_rtt.o
       752         78          0          4          0      32269   system_nrf52.o

    ----------------------------------------------------------------------
     23946       2150       3484        424      12536    1098920   Object Totals
         0          0         32          0          0          0   (incl. Generated)
        52          0         50         13          4          0   (incl. Padding)

    ----------------------------------------------------------------------

      Code (inc. data)   RO Data    RW Data    ZI Data      Debug   Library Member Name

        86          0          0          0          0          0   __dczerorl2.o
         8          4        133          0          0         68   ctype_o.o
         0          0          0          0          0          0   entry.o
         0          0          0          0          0          0   entry10a.o
         0          0          0          0          0          0   entry11a.o
         8          4          0          0          0          0   entry2.o
         4          0          0          0          0          0   entry5.o
         0          0          0          0          0          0   entry7b.o
         0          0          0          0          0          0   entry8b.o
         8          4          0          0          0          0   entry9a.o
        30          0          0          0          0          0   handlers.o
        36          8          0          0          0         68   init.o
        30          0          0          0          0         68   llshl.o
        32          0          0          0          0         68   llushr.o
        36          0          0          0          0         68   memcpya.o
        36          0          0          0          0        108   memseta.o
       246         10          0          0          0        176   printf2.o
        18          0          0          0          0         68   strcpy.o
        14          0          0          0          0         68   strlen.o
        98          0          0          0          0         92   uldiv.o

    ----------------------------------------------------------------------
       694         30        136          0          0        852   Library Totals
         4          0          3          0          0          0   (incl. Padding)

    ----------------------------------------------------------------------

      Code (inc. data)   RO Data    RW Data    ZI Data      Debug   Library Name

       690         30        133          0          0        852   mc_w.l

    ----------------------------------------------------------------------
       694         30        136          0          0        852   Library Totals

    ----------------------------------------------------------------------

==============================================================================


      Code (inc. data)   RO Data    RW Data    ZI Data      Debug   

     24640       2180       3620        424      12536    1069044   Grand Totals
     24640       2180       3620         88      12536    1069044   ELF Image Totals (compressed)
     24640       2180       3620         88          0          0   ROM Totals

==============================================================================

    Total RO  Size (Code + RO Data)                28260 (  27.60kB)
    Total RW  Size (RW Data + ZI Data)             12960 (  12.66kB)
    Total ROM Size (Code + RO Data + RW Data)      28348 (  27.68kB)

==============================================================================

