Component: ARM Compiler 5.06 update 6 (build 750) Tool: armlink [4d35ed]

==============================================================================

Section Cross References

    main.o(i.advertising_init) refers to memseta.o(.text) for __aeabi_memclr4
    main.o(i.advertising_init) refers to ble_advertising.o(i.ble_advertising_init) for ble_advertising_init
    main.o(i.advertising_init) refers to app_error.o(i.app_error_handler_bare) for app_error_handler_bare
    main.o(i.advertising_init) refers to ble_advertising.o(i.ble_advertising_conn_cfg_tag_set) for ble_advertising_conn_cfg_tag_set
    main.o(i.advertising_init) refers to main.o(.data) for .data
    main.o(i.advertising_init) refers to main.o(i.on_adv_evt) for on_adv_evt
    main.o(i.advertising_init) refers to main.o(.bss) for .bss
    main.o(i.assert_nrf_callback) refers to app_error_handler_keil.o(.emb_text) for app_error_handler
    main.o(i.ble_evt_handler) refers to nrf_log_frontend.o(i.nrf_log_frontend_std_0) for nrf_log_frontend_std_0
    main.o(i.ble_evt_handler) refers to bsp.o(i.bsp_indication_set) for bsp_indication_set
    main.o(i.ble_evt_handler) refers to app_error.o(i.app_error_handler_bare) for app_error_handler_bare
    main.o(i.ble_evt_handler) refers to nrf_ble_qwr.o(i.nrf_ble_qwr_conn_handle_assign) for nrf_ble_qwr_conn_handle_assign
    main.o(i.ble_evt_handler) refers to main.o(.data) for .data
    main.o(i.ble_evt_handler) refers to nrf_log_frontend.o(log_const_data) for m_nrf_log_app_logs_data_const
    main.o(i.ble_evt_handler) refers to main.o(.bss) for .bss
    main.o(i.bsp_event_handler) refers to main.o(i.sleep_mode_enter) for sleep_mode_enter
    main.o(i.bsp_event_handler) refers to app_error.o(i.app_error_handler_bare) for app_error_handler_bare
    main.o(i.bsp_event_handler) refers to ble_advertising.o(i.ble_advertising_restart_without_whitelist) for ble_advertising_restart_without_whitelist
    main.o(i.bsp_event_handler) refers to main.o(.data) for .data
    main.o(i.bsp_event_handler) refers to main.o(.bss) for .bss
    main.o(i.conn_params_error_handler) refers to app_error.o(i.app_error_handler_bare) for app_error_handler_bare
    main.o(i.cus_data_handler) refers to printf2.o(i.__0printf$2) for __2printf
    main.o(i.cus_data_handler) refers to cus_service.o(i.ble_cus_data_send) for ble_cus_data_send
    main.o(i.cus_data_handler) refers to main.o(.data) for .data
    main.o(i.cus_data_handler) refers to main.o(.bss) for .bss
    main.o(i.gatt_evt_handler) refers to nrf_log_frontend.o(i.nrf_log_frontend_std_2) for nrf_log_frontend_std_2
    main.o(i.gatt_evt_handler) refers to main.o(.data) for .data
    main.o(i.gatt_evt_handler) refers to nrf_log_frontend.o(log_const_data) for m_nrf_log_app_logs_data_const
    main.o(i.gatt_init) refers to nrf_ble_gatt.o(i.nrf_ble_gatt_init) for nrf_ble_gatt_init
    main.o(i.gatt_init) refers to app_error.o(i.app_error_handler_bare) for app_error_handler_bare
    main.o(i.gatt_init) refers to nrf_ble_gatt.o(i.nrf_ble_gatt_att_mtu_periph_set) for nrf_ble_gatt_att_mtu_periph_set
    main.o(i.gatt_init) refers to main.o(i.gatt_evt_handler) for gatt_evt_handler
    main.o(i.gatt_init) refers to main.o(.bss) for .bss
    main.o(i.main) refers to memcpya.o(.text) for __aeabi_memcpy4
    main.o(i.main) refers to app_uart_fifo.o(i.app_uart_init) for app_uart_init
    main.o(i.main) refers to app_error.o(i.app_error_handler_bare) for app_error_handler_bare
    main.o(i.main) refers to nrf_log_frontend.o(i.nrf_log_init) for nrf_log_init
    main.o(i.main) refers to nrf_log_default_backends.o(i.nrf_log_default_backends_init) for nrf_log_default_backends_init
    main.o(i.main) refers to app_timer2.o(i.app_timer_init) for app_timer_init
    main.o(i.main) refers to bsp.o(i.bsp_init) for bsp_init
    main.o(i.main) refers to bsp_btn_ble.o(i.bsp_btn_ble_init) for bsp_btn_ble_init
    main.o(i.main) refers to nrf_pwr_mgmt.o(i.nrf_pwr_mgmt_init) for nrf_pwr_mgmt_init
    main.o(i.main) refers to nrf_sdh.o(i.nrf_sdh_enable_request) for nrf_sdh_enable_request
    main.o(i.main) refers to nrf_sdh_ble.o(i.nrf_sdh_ble_default_cfg_set) for nrf_sdh_ble_default_cfg_set
    main.o(i.main) refers to nrf_sdh_ble.o(i.nrf_sdh_ble_enable) for nrf_sdh_ble_enable
    main.o(i.main) refers to main.o(i.gatt_init) for gatt_init
    main.o(i.main) refers to nrf_ble_qwr.o(i.nrf_ble_qwr_init) for nrf_ble_qwr_init
    main.o(i.main) refers to cus_service.o(i.ble_cus_init) for ble_cus_init
    main.o(i.main) refers to main.o(i.advertising_init) for advertising_init
    main.o(i.main) refers to memseta.o(.text) for __aeabi_memclr4
    main.o(i.main) refers to ble_conn_params.o(i.ble_conn_params_init) for ble_conn_params_init
    main.o(i.main) refers to printf2.o(i.__0printf$2) for __2printf
    main.o(i.main) refers to nrf_log_frontend.o(i.nrf_log_frontend_std_0) for nrf_log_frontend_std_0
    main.o(i.main) refers to ble_advertising.o(i.ble_advertising_start) for ble_advertising_start
[...]
    pwr_mgmt_data0$$Base                      - Undefined Reference
    pwr_mgmt_data0$$Limit                     - Undefined Reference
    pwr_mgmt_data1$$Base                      - Undefined Reference
    pwr_mgmt_data1$$Limit                     - Undefined Reference
    pwr_mgmt_data2$$Base                      - Undefined Reference
    pwr_mgmt_data2$$Limit                     - Undefined Reference
    sdh_req_observers0$$Base                  - Undefined Reference
    sdh_req_observers0$$Limit                 - Undefined Reference
    sdh_req_observers1$$Base                  - Undefined Reference
    sdh_req_observers1$$Limit                 - Undefined Reference
    sdh_soc_observers1$$Base                  - Undefined Reference
    sdh_soc_observers1$$Limit                 - Undefined Reference
    sdh_stack_observers1$$Base                - Undefined Reference
    sdh_stack_observers1$$Limit               - Undefined Reference
    sdh_state_observers1$$Base                - Undefined Reference
    sdh_state_observers1$$Limit               - Undefined Reference
    __Vectors_Size                           0x00000200   Number         0  arm_startup_nrf52.o ABSOLUTE
    __Vectors                                0x00026000   Data           4  arm_startup_nrf52.o(RESET)
    __Vectors_End                            0x00026200   Data           0  arm_startup_nrf52.o(RESET)
    __main                                   0x00026201   Thumb Code     0  entry.o(.ARM.Collect$$$$00000000)
    _main_stk                                0x00026201   Thumb Code     0  entry2.o(.ARM.Collect$$$$00000001)
    _main_scatterload                        0x00026205   Thumb Code     0  entry5.o(.ARM.Collect$$$$00000004)
    __main_after_scatterload                 0x00026209   Thumb Code     0  entry5.o(.ARM.Collect$$$$00000004)
    _main_clock                              0x00026209   Thumb Code     0  entry7b.o(.ARM.Collect$$$$00000008)
    _main_cpp_init                           0x00026209   Thumb Code     0  entry8b.o(.ARM.Collect$$$$0000000A)
    _main_init                               0x00026209   Thumb Code     0  entry9a.o(.ARM.Collect$$$$0000000B)
    __rt_final_cpp                           0x00026211   Thumb Code     0  entry10a.o(.ARM.Collect$$$$0000000D)
    __rt_final_exit                          0x00026211   Thumb Code     0  entry11a.o(.ARM.Collect$$$$0000000F)
    __asm___12_nrf_atfifo_c_51f461e1__nrf_atfifo_wspace_req 0x00026215   Thumb Code    56  nrf_atfifo.o(.emb_text)
    __asm___12_nrf_atfifo_c_51f461e1__nrf_atfifo_wspace_close 0x0002624d   Thumb Code    18  nrf_atfifo.o(.emb_text)
    __asm___12_nrf_atfifo_c_51f461e1__nrf_atfifo_rspace_req 0x0002625f   Thumb Code    58  nrf_atfifo.o(.emb_text)
    __asm___12_nrf_atfifo_c_51f461e1__nrf_atfifo_rspace_close 0x00026299   Thumb Code    18  nrf_atfifo.o(.emb_text)
    __asm___12_nrf_atfifo_c_51f461e1__nrf_atfifo_space_clear 0x000262ab   Thumb Code    50  nrf_atfifo.o(.emb_text)
    __asm___12_nrf_atomic_c_85ca2469__nrf_atomic_internal_mov 0x000262dd   Thumb Code    24  nrf_atomic.o(.emb_text)
    __asm___12_nrf_atomic_c_85ca2469__nrf_atomic_internal_orr 0x000262f5   Thumb Code    26  nrf_atomic.o(.emb_text)
    __asm___12_nrf_atomic_c_85ca2469__nrf_atomic_internal_and 0x0002630f   Thumb Code    26  nrf_atomic.o(.emb_text)
    __asm___12_nrf_atomic_c_85ca2469__nrf_atomic_internal_eor 0x00026329   Thumb Code    26  nrf_atomic.o(.emb_text)
    __asm___12_nrf_atomic_c_85ca2469__nrf_atomic_internal_add 0x00026343   Thumb Code    26  nrf_atomic.o(.emb_text)
    __asm___12_nrf_atomic_c_85ca2469__nrf_atomic_internal_sub 0x0002635d   Thumb Code    26  nrf_atomic.o(.emb_text)
    __asm___12_nrf_atomic_c_85ca2469__nrf_atomic_internal_cmp_exch 0x00026377   Thumb Code    42  nrf_atomic.o(.emb_text)
    __asm___12_nrf_atomic_c_85ca2469__nrf_atomic_internal_sub_hs 0x000263a1   Thumb Code    30  nrf_atomic.o(.emb_text)
    Reset_Handler                            0x000263c1   Thumb Code     8  arm_startup_nrf52.o(.text)
    NMI_Handler                              0x000263c9   Thumb Code     2  arm_startup_nrf52.o(.text)
    HardFault_Handler                        0x000263cb   Thumb Code     2  arm_startup_nrf52.o(.text)
    MemoryManagement_Handler                 0x000263cd   Thumb Code     2  arm_startup_nrf52.o(.text)
    BusFault_Handler                         0x000263cf   Thumb Code     2  arm_startup_nrf52.o(.text)
    UsageFault_Handler                       0x000263d1   Thumb Code     2  arm_startup_nrf52.o(.text)
    SVC_Handler                              0x000263d3   Thumb Code     2  arm_startup_nrf52.o(.text)
    DebugMon_Handler                         0x000263d5   Thumb Code     2  arm_startup_nrf52.o(.text)
    PendSV_Handler                           0x000263d7   Thumb Code     2  arm_startup_nrf52.o(.text)
    SysTick_Handler                          0x000263d9   Thumb Code     2  arm_startup_nrf52.o(.text)
    CCM_AAR_IRQHandler                       0x000263db   Thumb Code     0  arm_startup_nrf52.o(.text)
    COMP_LPCOMP_IRQHandler                   0x000263db   Thumb Code     0  arm_startup_nrf52.o(.text)
    ECB_IRQHandler                           0x000263db   Thumb Code     0  arm_startup_nrf52.o(.text)
    FPU_IRQHandler                           0x000263db   Thumb Code     0  arm_startup_nrf52.o(.text)
    I2S_IRQHandler                           0x000263db   Thumb Code     0  arm_startup_nrf52.o(.text)
    MWU_IRQHandler                           0x000263db   Thumb Code     0  arm_startup_nrf52.o(.text)
    NFCT_IRQHandler                          0x000263db   Thumb Code     0  arm_startup_nrf52.o(.text)
    PDM_IRQHandler                           0x000263db   Thumb Code     0  arm_startup_nrf52.o(.text)
    PWM0_IRQHandler                          0x000263db   Thumb Code     0  arm_startup_nrf52.o(.text)
    PWM1_IRQHandler                          0x000263db   Thumb Code     0  arm_startup_nrf52.o(.text)
    PWM2_IRQHandler                          0x000263db   Thumb Code     0  arm_startup_nrf52.o(.text)
    QDEC_IRQHandler                          0x000263db   Thumb Code     0  arm_startup_nrf52.o(.text)
    RADIO_IRQHandler                         0x000263db   Thumb Code     0  arm_startup_nrf52.o(.text)
    RNG_IRQHandler                           0x000263db   Thumb Code     0  arm_startup_nrf52.o(.text)
    RTC0_IRQHandler                          0x000263db   Thumb Code     0  arm_startup_nrf52.o(.text)
    RTC2_IRQHandler                          0x000263db   Thumb Code     0  arm_startup_nrf52.o(.text)
    SAADC_IRQHandler                         0x000263db   Thumb Code     0  arm_startup_nrf52.o(.text)
    SPIM0_SPIS0_TWIM0_TWIS0_SPI0_TWI0_IRQHandler 0x000263db   Thumb Code     0  arm_startup_nrf52.o(.text)
    SPIM1_SPIS1_TWIM1_TWIS1_SPI1_TWI1_IRQHandler 0x000263db   Thumb Code     0  arm_startup_nrf52.o(.text)
    SPIM2_SPIS2_SPI2_IRQHandler              0x000263db   Thumb Code     0  arm_startup_nrf52.o(.text)
    SWI0_EGU0_IRQHandler                     0x000263db   Thumb Code     0  arm_startup_nrf52.o(.text)
    SWI1_EGU1_IRQHandler                     0x000263db   Thumb Code     0  arm_startup_nrf52.o(.text)
    SWI3_EGU3_IRQHandler                     0x000263db   Thumb Code     0  arm_startup_nrf52.o(.text)
    SWI4_EGU4_IRQHandler                     0x000263db   Thumb Code     0  arm_startup_nrf52.o(.text)
    SWI5_EGU5_IRQHandler                     0x000263db   Thumb Code     0  arm_startup_nrf52.o(.text)
    TEMP_IRQHandler                          0x000263db   Thumb Code     0  arm_startup_nrf52.o(.text)
    TIMER0_IRQHandler                        0x000263db   Thumb Code     0  arm_startup_nrf52.o(.text)
    TIMER1_IRQHandler                        0x000263db   Thumb Code     0  arm_startup_nrf52.o(.text)
    TIMER2_IRQHandler                        0x000263db   Thumb Code     0  arm_startup_nrf52.o(.text)
    TIMER3_IRQHandler                        0x000263db   Thumb Code     0  arm_startup_nrf52.o(.text)
    TIMER4_IRQHandler                        0x000263db   Thumb Code     0  arm_startup_nrf52.o(.text)
    WDT_IRQHandler                           0x000263db   Thumb Code     0  arm_startup_nrf52.o(.text)
    __aeabi_uldivmod                         0x000263e5   Thumb Code    98  uldiv.o(.text)
    __aeabi_llsl                             0x00026447   Thumb Code    30  llshl.o(.text)
    _ll_shift_l                              0x00026447   Thumb Code     0  llshl.o(.text)
    __rt_ctype_table                         0x00026465   Thumb Code     4  ctype_o.o(.text)
    __aeabi_memcpy                           0x0002646d   Thumb Code    36  memcpya.o(.text)
    __aeabi_memcpy4                          0x0002646d   Thumb Code     0  memcpya.o(.text)
    __aeabi_memcpy8                          0x0002646d   Thumb Code     0  memcpya.o(.text)
    __aeabi_memset                           0x00026491   Thumb Code    14  memseta.o(.text)
    __aeabi_memset4                          0x00026491   Thumb Code     0  memseta.o(.text)
    __aeabi_memset8                          0x00026491   Thumb Code     0  memseta.o(.text)
    __aeabi_memclr                           0x0002649f   Thumb Code     4  memseta.o(.text)
    __aeabi_memclr4                          0x0002649f   Thumb Code     0  memseta.o(.text)
    __aeabi_memclr8                          0x0002649f   Thumb Code     0  memseta.o(.text)
    _memset$wrapper                          0x000264a3   Thumb Code    18  memseta.o(.text)
    strlen                                   0x000264b5   Thumb Code    14  strlen.o(.text)
    strcpy                                   0x000264c3   Thumb Code    18  strcpy.o(.text)
    __aeabi_llsr                             0x000264d5   Thumb Code    32  llushr.o(.text)
    _ll_ushift_r                             0x000264d5   Thumb Code     0  llushr.o(.text)
    __scatterload                            0x000264f5   Thumb Code    28  init.o(.text)
    __scatterload_rt2                        0x000264f5   Thumb Code     0  init.o(.text)
    __decompress                             0x00026519   Thumb Code     0  __dczerorl2.o(.text)
    __decompress1                            0x00026519   Thumb Code    86  __dczerorl2.o(.text)
    GPIOTE_IRQHandler                        0x00026571   Thumb Code   154  nrfx_gpiote.o(i.GPIOTE_IRQHandler)
    POWER_CLOCK_IRQHandler                   0x00026615   Thumb Code    82  nrfx_clock.o(i.POWER_CLOCK_IRQHandler)
    RTC1_IRQHandler                          0x0002666d   Thumb Code    12  drv_rtc.o(i.RTC1_IRQHandler)
    SEGGER_RTT_Init                          0x0002667d   Thumb Code     4  segger_rtt.o(i.SEGGER_RTT_Init)
    SEGGER_RTT_WriteNoLock                   0x00026681   Thumb Code    86  segger_rtt.o(i.SEGGER_RTT_WriteNoLock)
    SWI2_EGU2_IRQHandler                     0x000266dd   Thumb Code     4  nrf_sdh.o(i.SWI2_EGU2_IRQHandler)
    SystemInit                               0x000266e1   Thumb Code   660  system_nrf52.o(i.SystemInit)
    UARTE0_UART0_IRQHandler                  0x000269b9   Thumb Code     6  nrfx_prs.o(i.UARTE0_UART0_IRQHandler)
    __0printf$2                              0x00026ae1   Thumb Code    22  printf2.o(i.__0printf$2)
    __1printf$2                              0x00026ae1   Thumb Code     0  printf2.o(i.__0printf$2)
    __2printf                                0x00026ae1   Thumb Code     0  printf2.o(i.__0printf$2)
    __scatterload_copy                       0x00026b01   Thumb Code    14  handlers.o(i.__scatterload_copy)
    __scatterload_null                       0x00026b0f   Thumb Code     2  handlers.o(i.__scatterload_null)
    __scatterload_zeroinit                   0x00026b11   Thumb Code    14  handlers.o(i.__scatterload_zeroinit)
    app_button_enable                        0x00026cf1   Thumb Code    32  app_button.o(i.app_button_enable)
    app_button_init                          0x00026d15   Thumb Code   106  app_button.o(i.app_button_init)
    app_error_fault_handler                  0x00026d95   Thumb Code    86  app_error_weak.o(i.app_error_fault_handler)
    app_error_handler_bare                   0x00026e19   Thumb Code    22  app_error.o(i.app_error_handler_bare)
    app_fifo_get                             0x00026e2f   Thumb Code    22  app_fifo.o(i.app_fifo_get)
    app_fifo_init                            0x00026e45   Thumb Code    32  app_fifo.o(i.app_fifo_init)
    app_fifo_put                             0x00026e65   Thumb Code    26  app_fifo.o(i.app_fifo_put)
    app_timer_cnt_get                        0x00026e81   Thumb Code     6  app_timer2.o(i.app_timer_cnt_get)
    app_timer_create                         0x00026e8d   Thumb Code    32  app_timer2.o(i.app_timer_create)
    app_timer_init                           0x00026ead   Thumb Code    70  app_timer2.o(i.app_timer_init)
    app_timer_start                          0x00026f09   Thumb Code    84  app_timer2.o(i.app_timer_start)
    app_timer_stop                           0x00026f5d   Thumb Code    68  app_timer2.o(i.app_timer_stop)
    app_uart_get                             0x00026fa1   Thumb Code    42  app_uart_fifo.o(i.app_uart_get)
    app_uart_init                            0x00026fd5   Thumb Code   148  app_uart_fifo.o(i.app_uart_init)
    app_uart_put                             0x00027079   Thumb Code    70  app_uart_fifo.o(i.app_uart_put)
    app_util_critical_region_enter           0x000270cd   Thumb Code    64  app_util_platform.o(i.app_util_critical_region_enter)
    app_util_critical_region_exit            0x00027115   Thumb Code    46  app_util_platform.o(i.app_util_critical_region_exit)
    ble_advdata_encode                       0x00027259   Thumb Code   386  ble_advdata.o(i.ble_advdata_encode)
    ble_advdata_parse                        0x000273db   Thumb Code    32  ble_advdata.o(i.ble_advdata_parse)
    ble_advdata_search                       0x000273fb   Thumb Code    70  ble_advdata.o(i.ble_advdata_search)
    ble_advertising_conn_cfg_tag_set         0x00027441   Thumb Code     6  ble_advertising.o(i.ble_advertising_conn_cfg_tag_set)
    ble_advertising_init                     0x00027447   Thumb Code   248  ble_advertising.o(i.ble_advertising_init)
    ble_advertising_on_ble_evt               0x0002753f   Thumb Code   106  ble_advertising.o(i.ble_advertising_on_ble_evt)
    ble_advertising_restart_without_whitelist 0x000275a9   Thumb Code    58  ble_advertising.o(i.ble_advertising_restart_without_whitelist)
    ble_advertising_start                    0x000275e3   Thumb Code   560  ble_advertising.o(i.ble_advertising_start)
    ble_conn_params_init                     0x00027815   Thumb Code    90  ble_conn_params.o(i.ble_conn_params_init)
    ble_cus_data_send                        0x0002787d   Thumb Code    38  cus_service.o(i.ble_cus_data_send)
    ble_cus_init                             0x000278a5   Thumb Code   222  cus_service.o(i.ble_cus_init)
    ble_cus_on_ble_evt                       0x00027989   Thumb Code   128  cus_service.o(i.ble_cus_on_ble_evt)
    ble_srv_is_notification_enabled          0x00027dc5   Thumb Code     8  ble_srv_common.o(i.ble_srv_is_notification_enabled)
    bsp_board_button_idx_to_pin              0x00027dcd   Thumb Code     6  boards.o(i.bsp_board_button_idx_to_pin)
    bsp_board_button_state_get               0x00027dd9   Thumb Code    28  boards.o(i.bsp_board_button_state_get)
    bsp_board_init                           0x00027df9   Thumb Code    80  boards.o(i.bsp_board_init)
    bsp_board_led_invert                     0x00027e4d   Thumb Code    32  boards.o(i.bsp_board_led_invert)
    bsp_board_led_off                        0x00027e71   Thumb Code    10  boards.o(i.bsp_board_led_off)
    bsp_board_led_on                         0x00027e81   Thumb Code    10  boards.o(i.bsp_board_led_on)
    bsp_board_led_state_get                  0x00027e91   Thumb Code    28  boards.o(i.bsp_board_led_state_get)
    bsp_board_leds_off                       0x00027eb1   Thumb Code    18  boards.o(i.bsp_board_leds_off)
    bsp_board_leds_on                        0x00027ec3   Thumb Code    18  boards.o(i.bsp_board_leds_on)
    bsp_board_pin_to_button_idx              0x00027ed5   Thumb Code    30  boards.o(i.bsp_board_pin_to_button_idx)
    bsp_btn_ble_init                         0x00027ef9   Thumb Code    52  bsp_btn_ble.o(i.bsp_btn_ble_init)
    bsp_btn_ble_sleep_mode_prepare           0x00027f31   Thumb Code    30  bsp_btn_ble.o(i.bsp_btn_ble_sleep_mode_prepare)
    bsp_button_is_pressed                    0x00027fe1   Thumb Code    12  bsp.o(i.bsp_button_is_pressed)
    bsp_event_handler                        0x00027fed   Thumb Code    66  main.o(i.bsp_event_handler)
    bsp_event_to_button_action_assign        0x00028039   Thumb Code    64  bsp.o(i.bsp_event_to_button_action_assign)
    bsp_indication_set                       0x0002807d   Thumb Code    20  bsp.o(i.bsp_indication_set)
    bsp_init                                 0x00028095   Thumb Code   128  bsp.o(i.bsp_init)
    bsp_wakeup_button_enable                 0x000282f1   Thumb Code     6  bsp.o(i.bsp_wakeup_button_enable)
    buffer_is_empty                          0x000283bd   Thumb Code    18  nrf_log_frontend.o(i.buffer_is_empty)
    characteristic_add                       0x00028479   Thumb Code   400  ble_srv_common.o(i.characteristic_add)
    conn_handle_list_get                     0x00028665   Thumb Code    62  ble_conn_state.o(i.conn_handle_list_get)
    drv_rtc_compare_disable                  0x00028971   Thumb Code    20  drv_rtc.o(i.drv_rtc_compare_disable)
    drv_rtc_compare_pending                  0x00028985   Thumb Code    14  drv_rtc.o(i.drv_rtc_compare_pending)
    drv_rtc_compare_set                      0x00028993   Thumb Code    80  drv_rtc.o(i.drv_rtc_compare_set)
    drv_rtc_counter_get                      0x000289e3   Thumb Code     8  drv_rtc.o(i.drv_rtc_counter_get)
    drv_rtc_init                             0x000289ed   Thumb Code   148  drv_rtc.o(i.drv_rtc_init)
    drv_rtc_irq_trigger                      0x00028ac5   Thumb Code    30  drv_rtc.o(i.drv_rtc_irq_trigger)
    drv_rtc_overflow_enable                  0x00028ae3   Thumb Code     8  drv_rtc.o(i.drv_rtc_overflow_enable)
    drv_rtc_overflow_pending                 0x00028aeb   Thumb Code     8  drv_rtc.o(i.drv_rtc_overflow_pending)
    drv_rtc_start                            0x00028af3   Thumb Code     8  drv_rtc.o(i.drv_rtc_start)
    drv_rtc_stop                             0x00028afb   Thumb Code     8  drv_rtc.o(i.drv_rtc_stop)
    drv_rtc_windowed_compare_set             0x00028b03   Thumb Code   222  drv_rtc.o(i.drv_rtc_windowed_compare_set)
    evt_handle                               0x00028bf5   Thumb Code   216  app_button.o(i.evt_handle)
    fputc                                    0x00028d41   Thumb Code    14  retarget.o(i.fputc)
    gatt_evt_handler                         0x00028d51   Thumb Code    52  main.o(i.gatt_evt_handler)
    gatt_init                                0x00028dad   Thumb Code    38  main.o(i.gatt_init)
    log_pending_hook                         0x00029065   Thumb Code     2  nrf_log_frontend.o(i.log_pending_hook)
    main                                     0x0002910d   Thumb Code   376  main.o(i.main)
    nrf_atfifo_init                          0x000294bf   Thumb Code    38  nrf_atfifo.o(i.nrf_atfifo_init)
    nrf_atfifo_item_alloc                    0x000294e5   Thumb Code    22  nrf_atfifo.o(i.nrf_atfifo_item_alloc)
    nrf_atfifo_item_free                     0x000294fb   Thumb Code    22  nrf_atfifo.o(i.nrf_atfifo_item_free)
    nrf_atfifo_item_get                      0x00029511   Thumb Code    22  nrf_atfifo.o(i.nrf_atfifo_item_get)
    nrf_atfifo_item_put                      0x00029527   Thumb Code    22  nrf_atfifo.o(i.nrf_atfifo_item_put)
    nrf_atflags_clear                        0x0002953d   Thumb Code    22  nrf_atflags.o(i.nrf_atflags_clear)
    nrf_atflags_get                          0x00029553   Thumb Code    22  nrf_atflags.o(i.nrf_atflags_get)
    nrf_atflags_set                          0x00029569   Thumb Code    20  nrf_atflags.o(i.nrf_atflags_set)
    nrf_atomic_flag_clear_fetch              0x0002957d   Thumb Code     6  nrf_atomic.o(i.nrf_atomic_flag_clear_fetch)
    nrf_atomic_flag_set                      0x00029583   Thumb Code     6  nrf_atomic.o(i.nrf_atomic_flag_set)
    nrf_atomic_u32_add                       0x00029589   Thumb Code    12  nrf_atomic.o(i.nrf_atomic_u32_add)
    nrf_atomic_u32_and                       0x00029595   Thumb Code    12  nrf_atomic.o(i.nrf_atomic_u32_and)
    nrf_atomic_u32_fetch_and                 0x000295a1   Thumb Code    10  nrf_atomic.o(i.nrf_atomic_u32_fetch_and)
    nrf_atomic_u32_fetch_store               0x000295ab   Thumb Code    10  nrf_atomic.o(i.nrf_atomic_u32_fetch_store)
    nrf_atomic_u32_or                        0x000295b5   Thumb Code    12  nrf_atomic.o(i.nrf_atomic_u32_or)
    nrf_atomic_u32_sub                       0x000295c1   Thumb Code    12  nrf_atomic.o(i.nrf_atomic_u32_sub)
    nrf_balloc_alloc                         0x000295cd   Thumb Code    68  nrf_balloc.o(i.nrf_balloc_alloc)
    nrf_balloc_free                          0x00029611   Thumb Code    48  nrf_balloc.o(i.nrf_balloc_free)
    nrf_balloc_init                          0x00029641   Thumb Code    48  nrf_balloc.o(i.nrf_balloc_init)
    nrf_ble_gatt_att_mtu_periph_set          0x00029681   Thumb Code    24  nrf_ble_gatt.o(i.nrf_ble_gatt_att_mtu_periph_set)
    nrf_ble_gatt_init                        0x00029699   Thumb Code    34  nrf_ble_gatt.o(i.nrf_ble_gatt_init)
    nrf_ble_gatt_on_ble_evt                  0x000296bd   Thumb Code   270  nrf_ble_gatt.o(i.nrf_ble_gatt_on_ble_evt)
    nrf_ble_qwr_conn_handle_assign           0x0002980d   Thumb Code    22  nrf_ble_qwr.o(i.nrf_ble_qwr_conn_handle_assign)
    nrf_ble_qwr_init                         0x00029823   Thumb Code    36  nrf_ble_qwr.o(i.nrf_ble_qwr_init)
    nrf_ble_qwr_on_ble_evt                   0x00029847   Thumb Code   182  nrf_ble_qwr.o(i.nrf_ble_qwr_on_ble_evt)
    nrf_drv_clock_init                       0x0002991d   Thumb Code    56  nrf_drv_clock.o(i.nrf_drv_clock_init)
    nrf_drv_clock_lfclk_release              0x0002995d   Thumb Code    48  nrf_drv_clock.o(i.nrf_drv_clock_lfclk_release)
    nrf_drv_uart_init                        0x00029991   Thumb Code    90  nrf_drv_uart.o(i.nrf_drv_uart_init)
    nrf_fprintf                              0x00029a39   Thumb Code    26  nrf_fprintf.o(i.nrf_fprintf)
    nrf_fprintf_buffer_flush                 0x00029a53   Thumb Code    24  nrf_fprintf.o(i.nrf_fprintf_buffer_flush)
    nrf_fprintf_fmt                          0x00029a6b   Thumb Code   474  nrf_fprintf_format.o(i.nrf_fprintf_fmt)
    nrf_log_backend_add                      0x00029dc9   Thumb Code    86  nrf_log_frontend.o(i.nrf_log_backend_add)
    nrf_log_backend_rtt_init                 0x00029e27   Thumb Code     4  nrf_log_backend_rtt.o(i.nrf_log_backend_rtt_init)
    nrf_log_backend_serial_put               0x00029e45   Thumb Code   200  nrf_log_backend_serial.o(i.nrf_log_backend_serial_put)
    nrf_log_color_id_get                     0x00029f0d   Thumb Code    42  nrf_log_frontend.o(i.nrf_log_color_id_get)
    nrf_log_default_backends_init            0x00029f3d   Thumb Code    24  nrf_log_default_backends.o(i.nrf_log_default_backends_init)
    nrf_log_frontend_dequeue                 0x00029f59   Thumb Code   528  nrf_log_frontend.o(i.nrf_log_frontend_dequeue)
    nrf_log_frontend_std_0                   0x0002a191   Thumb Code     8  nrf_log_frontend.o(i.nrf_log_frontend_std_0)
    nrf_log_frontend_std_1                   0x0002a199   Thumb Code    14  nrf_log_frontend.o(i.nrf_log_frontend_std_1)
    nrf_log_frontend_std_2                   0x0002a1a7   Thumb Code    16  nrf_log_frontend.o(i.nrf_log_frontend_std_2)
    nrf_log_hexdump_entry_process            0x0002a1b9   Thumb Code   150  nrf_log_str_formatter.o(i.nrf_log_hexdump_entry_process)
    nrf_log_init                             0x0002a269   Thumb Code    28  nrf_log_frontend.o(i.nrf_log_init)
    nrf_log_module_cnt_get                   0x0002a291   Thumb Code    10  nrf_log_frontend.o(i.nrf_log_module_cnt_get)
    nrf_log_module_name_get                  0x0002a2a5   Thumb Code    24  nrf_log_frontend.o(i.nrf_log_module_name_get)
    nrf_log_panic                            0x0002a2c1   Thumb Code    36  nrf_log_frontend.o(i.nrf_log_panic)
    nrf_log_std_entry_process                0x0002a2e9   Thumb Code   182  nrf_log_str_formatter.o(i.nrf_log_std_entry_process)
    nrf_memobj_alloc                         0x0002a39f   Thumb Code    96  nrf_memobj.o(i.nrf_memobj_alloc)
    nrf_memobj_free                          0x0002a3ff   Thumb Code    50  nrf_memobj.o(i.nrf_memobj_free)
    nrf_memobj_get                           0x0002a431   Thumb Code     8  nrf_memobj.o(i.nrf_memobj_get)
    nrf_memobj_pool_init                     0x0002a439   Thumb Code     4  nrf_memobj.o(i.nrf_memobj_pool_init)
    nrf_memobj_put                           0x0002a43d   Thumb Code    30  nrf_memobj.o(i.nrf_memobj_put)
    nrf_memobj_read                          0x0002a45b   Thumb Code    16  nrf_memobj.o(i.nrf_memobj_read)
    nrf_memobj_write                         0x0002a46b   Thumb Code    16  nrf_memobj.o(i.nrf_memobj_write)
    nrf_pwr_mgmt_init                        0x0002a47d   Thumb Code    28  nrf_pwr_mgmt.o(i.nrf_pwr_mgmt_init)
    nrf_pwr_mgmt_run                         0x0002a4a5   Thumb Code    64  nrf_pwr_mgmt.o(i.nrf_pwr_mgmt_run)
    nrf_ringbuf_init                         0x0002a4ed   Thumb Code    28  nrf_ringbuf.o(i.nrf_ringbuf_init)
    nrf_sdh_ble_app_ram_start_get            0x0002a515   Thumb Code    16  nrf_sdh_ble.o(i.nrf_sdh_ble_app_ram_start_get)
    nrf_sdh_ble_default_cfg_set              0x0002a529   Thumb Code   272  nrf_sdh_ble.o(i.nrf_sdh_ble_default_cfg_set)
    nrf_sdh_ble_enable                       0x0002a659   Thumb Code   116  nrf_sdh_ble.o(i.nrf_sdh_ble_enable)
    nrf_sdh_enable_request                   0x0002a7e9   Thumb Code   102  nrf_sdh.o(i.nrf_sdh_enable_request)
    nrf_sdh_evts_poll                        0x0002a85d   Thumb Code    32  nrf_sdh.o(i.nrf_sdh_evts_poll)
    nrf_sdh_is_enabled                       0x0002a881   Thumb Code     6  nrf_sdh.o(i.nrf_sdh_is_enabled)
    nrf_section_iter_init                    0x0002a8c9   Thumb Code    10  nrf_section_iter.o(i.nrf_section_iter_init)
    nrf_section_iter_next                    0x0002a8f7   Thumb Code    32  nrf_section_iter.o(i.nrf_section_iter_next)
    nrf_sortlist_add                         0x0002a917   Thumb Code    34  nrf_sortlist.o(i.nrf_sortlist_add)
    nrf_sortlist_peek                        0x0002a939   Thumb Code     6  nrf_sortlist.o(i.nrf_sortlist_peek)
    nrf_sortlist_pop                         0x0002a93f   Thumb Code    14  nrf_sortlist.o(i.nrf_sortlist_pop)
    nrf_sortlist_remove                      0x0002a94d   Thumb Code    30  nrf_sortlist.o(i.nrf_sortlist_remove)
    nrf_strerror_find                        0x0002a96d   Thumb Code    52  nrf_strerror.o(i.nrf_strerror_find)
    nrf_strerror_get                         0x0002a9a5   Thumb Code    14  nrf_strerror.o(i.nrf_strerror_get)
    nrfx_clock_enable                        0x0002aa01   Thumb Code    34  nrfx_clock.o(i.nrfx_clock_enable)
    nrfx_clock_init                          0x0002aa2d   Thumb Code    26  nrfx_clock.o(i.nrfx_clock_init)
    nrfx_clock_lfclk_stop                    0x0002aa4d   Thumb Code    38  nrfx_clock.o(i.nrfx_clock_lfclk_stop)
    nrfx_gpiote_in_event_enable              0x0002aa8d   Thumb Code   152  nrfx_gpiote.o(i.nrfx_gpiote_in_event_enable)
    nrfx_gpiote_in_init                      0x0002ab2d   Thumb Code   190  nrfx_gpiote.o(i.nrfx_gpiote_in_init)
    nrfx_gpiote_in_is_set                    0x0002abf9   Thumb Code    20  nrfx_gpiote.o(i.nrfx_gpiote_in_is_set)
    nrfx_gpiote_init                         0x0002ac0d   Thumb Code   102  nrfx_gpiote.o(i.nrfx_gpiote_init)
    nrfx_gpiote_is_init                      0x0002ac81   Thumb Code    14  nrfx_gpiote.o(i.nrfx_gpiote_is_init)
    nrfx_prs_acquire                         0x0002aca5   Thumb Code    58  nrfx_prs.o(i.nrfx_prs_acquire)
    nrfx_uart_0_irq_handler                  0x0002ace1   Thumb Code     8  nrfx_uart.o(i.nrfx_uart_0_irq_handler)
    nrfx_uart_init                           0x0002acf1   Thumb Code   200  nrfx_uart.o(i.nrfx_uart_init)
    nrfx_uart_rx                             0x0002adc5   Thumb Code   230  nrfx_uart.o(i.nrfx_uart_rx)
    nrfx_uart_tx                             0x0002aeb1   Thumb Code   162  nrfx_uart.o(i.nrfx_uart_tx)
    nrfx_uart_tx_in_progress                 0x0002af59   Thumb Code    26  nrfx_uart.o(i.nrfx_uart_tx_in_progress)
    nrfx_uarte_0_irq_handler                 0x0002af79   Thumb Code     8  nrfx_uarte.o(i.nrfx_uarte_0_irq_handler)
    nrfx_uarte_init                          0x0002af89   Thumb Code   100  nrfx_uarte.o(i.nrfx_uarte_init)
    nrfx_uarte_rx                            0x0002aff5   Thumb Code   256  nrfx_uarte.o(i.nrfx_uarte_rx)
    nrfx_uarte_tx                            0x0002b0f9   Thumb Code   166  nrfx_uarte.o(i.nrfx_uarte_tx)
    nrfx_uarte_tx_in_progress                0x0002b1a5   Thumb Code    22  nrfx_uarte.o(i.nrfx_uarte_tx_in_progress)
    nvmc_config                              0x0002b1c1   Thumb Code    14  system_nrf52.o(i.nvmc_config)
    uart_event_handle                        0x0002bc45   Thumb Code    92  main.o(i.uart_event_handle)
    nrf_log_backend_rtt_api                  0x0002c4a8   Data          12  nrf_log_backend_rtt.o(.constdata)
    m_ram_start                              0x0002c54c   Data           4  nrf_sdh_ble.o(.constdata)
    __ctype_table                            0x0002c578   Data         129  ctype_o.o(.constdata)
    Region$$Table$$Base                      0x0002cd70   Number         0  anon$$obj.o(Region$$Table)
    Region$$Table$$Limit                     0x0002cd90   Number         0  anon$$obj.o(Region$$Table)
    log_const_data$$Base                     0x0002cda0   Number         0  nrf_ble_gatt.o(log_const_data)
    m_nrf_log_nrf_ble_gatt_logs_data_const   0x0002cda0   Data           8  nrf_ble_gatt.o(log_const_data)
    m_nrf_log_ble_nus_logs_data_const        0x0002cda8   Data           8  ble_nus.o(log_const_data)
    m_nrf_log_clock_logs_data_const          0x0002cdb0   Data           8  nrf_drv_clock.o(log_const_data)
    m_nrf_log_CLOCK_logs_data_const          0x0002cdb8   Data           8  nrfx_clock.o(log_const_data)
    m_nrf_log_GPIOTE_logs_data_const         0x0002cdc0   Data           8  nrfx_gpiote.o(log_const_data)
    m_nrf_log_PRS_logs_data_const            0x0002cdc8   Data           8  nrfx_prs.o(log_const_data)
    m_nrf_log_UART_logs_data_const           0x0002cdd0   Data           8  nrfx_uart.o(log_const_data)
    m_nrf_log_UARTE_logs_data_const          0x0002cdd8   Data           8  nrfx_uarte.o(log_const_data)
    m_nrf_log_app_button_logs_data_const     0x0002cde0   Data           8  app_button.o(log_const_data)
    m_nrf_log_app_timer_logs_data_const      0x0002cde8   Data           8  app_timer2.o(log_const_data)
    m_nrf_log_pwr_mgmt_logs_data_const       0x0002cdf0   Data           8  nrf_pwr_mgmt.o(log_const_data)
    m_nrf_log_sortlist_logs_data_const       0x0002cdf8   Data           8  nrf_sortlist.o(log_const_data)
    m_nrf_log_app_logs_data_const            0x0002ce00   Data           8  nrf_log_frontend.o(log_const_data)
    m_nrf_log_nrf_sdh_logs_data_const        0x0002ce08   Data           8  nrf_sdh.o(log_const_data)
    m_nrf_log_nrf_sdh_ble_logs_data_const    0x0002ce10   Data           8  nrf_sdh_ble.o(log_const_data)
    m_nrf_log_nrf_sdh_soc_logs_data_const    0x0002ce18   Data           8  nrf_sdh_soc.o(log_const_data)
    log_const_data$$Limit                    0x0002ce20   Number         0  nrf_sdh_soc.o(log_const_data)
    log_mempool                              0x0002ce20   Data          20  nrf_log_frontend.o(nrf_balloc)
    sdh_ble_observers0$$Base                 0x0002ce34   Number         0  ble_conn_state.o(sdh_ble_observers0)
    sdh_ble_observers0$$Limit                0x0002ce3c   Number         0  ble_conn_state.o(sdh_ble_observers0)
    sdh_ble_observers1$$Base                 0x0002ce3c   Number         0  main.o(sdh_ble_observers1)
    sdh_ble_observers1$$Limit                0x0002ce5c   Number         0  ble_conn_params.o(sdh_ble_observers1)
    sdh_ble_observers2$$Base                 0x0002ce5c   Number         0  main.o(sdh_ble_observers2)
    sdh_ble_observers2$$Limit                0x0002ce6c   Number         0  main.o(sdh_ble_observers2)
    sdh_ble_observers3$$Base                 0x0002ce6c   Number         0  main.o(sdh_ble_observers3)
    sdh_ble_observers3$$Limit                0x0002ce74   Number         0  main.o(sdh_ble_observers3)
    sdh_soc_observers0$$Base                 0x0002ce74   Number         0  nrf_drv_clock.o(sdh_soc_observers0)
    sdh_soc_observers0$$Limit                0x0002ce7c   Number         0  nrf_drv_clock.o(sdh_soc_observers0)
    sdh_stack_observers0$$Base               0x0002ce7c   Number         0  nrf_sdh_ble.o(sdh_stack_observers0)
    sdh_stack_observers0$$Limit              0x0002ce8c   Number         0  nrf_sdh_soc.o(sdh_stack_observers0)
    sdh_state_observers0$$Base               0x0002ce8c   Number         0  nrf_drv_clock.o(sdh_state_observers0)
    sdh_state_observers0$$Limit              0x0002ce94   Number         0  nrf_drv_clock.o(sdh_state_observers0)
    Image$$RW_IRAM1$$Base                    0x20002ad8   Number         0  anon$$obj.o ABSOLUTE
    nrf_drv_uart_use_easy_dma                0x20002b68   Data           1  nrf_drv_uart.o(.data)
    __stdout                                 0x20002c14   Data           4  retarget.o(.data)
    SystemCoreClock                          0x20002c7c   Data           4  system_nrf52.o(.data)
    nrf_nvic_state                           0x2000351c   Data          12  app_util_platform.o(.bss)
    _SEGGER_RTT                              0x20003aec   Data         120  segger_rtt.o(.bss)
    __initial_sp                             0x20005d78   Data           0  arm_startup_nrf52.o(STACK)



==============================================================================

Memory Map of the image

  Image Entry point : 0x00026201

  Load Region LR_IROM1 (Base: 0x00026000, Size: 0x0000703c, Max: 0x0005a000, ABSOLUTE, COMPRESSED[0x00006eec])

    Execution Region ER_IROM1 (Exec base: 0x00026000, Load base: 0x00026000, Size: 0x00006e94, Max: 0x0005a000, ABSOLUTE)

    Exec Addr    Load Addr    Size         Type   Attr      Idx    E Section Name        Object

    0x00026000   0x00026000   0x00000200   Data   RO         5295    RESET               arm_startup_nrf52.o
    0x00026200   0x00026200   0x00000000   Code   RO         5364  * .ARM.Collect$$$$00000000  mc_w.l(entry.o)
    0x00026200   0x00026200   0x00000004   Code   RO         5672    .ARM.Collect$$$$00000001  mc_w.l(entry2.o)
    0x00026204   0x00026204   0x00000004   Code   RO         5675    .ARM.Collect$$$$00000004  mc_w.l(entry5.o)
    0x00026208   0x00026208   0x00000000   Code   RO         5677    .ARM.Collect$$$$00000008  mc_w.l(entry7b.o)
    0x00026208   0x00026208   0x00000000   Code   RO         5679    .ARM.Collect$$$$0000000A  mc_w.l(entry8b.o)
    0x00026208   0x00026208   0x00000008   Code   RO         5680    .ARM.Collect$$$$0000000B  mc_w.l(entry9a.o)
    0x00026210   0x00026210   0x00000000   Code   RO         5682    .ARM.Collect$$$$0000000D  mc_w.l(entry10a.o)
    0x00026210   0x00026210   0x00000000   Code   RO         5684    .ARM.Collect$$$$0000000F  mc_w.l(entry11a.o)
    0x00026210   0x00026210   0x00000004   Code   RO         5673    .ARM.Collect$$$$00002712  mc_w.l(entry2.o)
    0x00026214   0x00026214   0x000000c8   Code   RO         3674    .emb_text           nrf_atfifo.o
    0x000262dc   0x000262dc   0x000000e2   Code   RO         3810    .emb_text           nrf_atomic.o
    0x000263be   0x000263be   0x00000002   PAD
    0x000263c0   0x000263c0   0x00000024   Code   RO         5296    .text               arm_startup_nrf52.o
    0x000263e4   0x000263e4   0x00000062   Code   RO         5367    .text               mc_w.l(uldiv.o)
    0x00026446   0x00026446   0x0000001e   Code   RO         5369    .text               mc_w.l(llshl.o)
    0x00026464   0x00026464   0x00000008   Code   RO         5371    .text               mc_w.l(ctype_o.o)
    0x0002646c   0x0002646c   0x00000024   Code   RO         5399    .text               mc_w.l(memcpya.o)
    0x00026490   0x00026490   0x00000024   Code   RO         5401    .text               mc_w.l(memseta.o)
    0x000264b4   0x000264b4   0x0000000e   Code   RO         5403    .text               mc_w.l(strlen.o)
    0x000264c2   0x000264c2   0x00000012   Code   RO         5407    .text               mc_w.l(strcpy.o)
    0x000264d4   0x000264d4   0x00000020   Code   RO         5688    .text               mc_w.l(llushr.o)
    0x000264f4   0x000264f4   0x00000024   Code   RO         5701    .text               mc_w.l(init.o)
    0x00026518   0x00026518   0x00000056   Code   RO         5715    .text               mc_w.l(__dczerorl2.o)
    0x0002656e   0x0002656e   0x00000002   PAD
    0x00026570   0x00026570   0x000000a4   Code   RO         2130    i.GPIOTE_IRQHandler  nrfx_gpiote.o
    0x00026614   0x00026614   0x00000058   Code   RO         1991    i.POWER_CLOCK_IRQHandler  nrfx_clock.o
    0x0002666c   0x0002666c   0x00000010   Code   RO         3460    i.RTC1_IRQHandler   drv_rtc.o
    0x0002667c   0x0002667c   0x00000004   Code   RO         4835    i.SEGGER_RTT_Init   segger_rtt.o
    0x00026680   0x00026680   0x0000005c   Code   RO         4849    i.SEGGER_RTT_WriteNoLock  segger_rtt.o
    0x000266dc   0x000266dc   0x00000004   Code   RO         5086    i.SWI2_EGU2_IRQHandler  nrf_sdh.o
    0x000266e0   0x000266e0   0x000002d8   Code   RO         5304    i.SystemInit        system_nrf52.o
    0x000269b8   0x000269b8   0x0000000c   Code   RO         2435    i.UARTE0_UART0_IRQHandler  nrfx_prs.o
    0x000269c4   0x000269c4   0x00000068   Code   RO         4853    i._DoInit           segger_rtt.o
    0x00026a2c   0x00026a2c   0x00000016   Code   RO         4854    i._GetAvailWriteSpace  segger_rtt.o
    0x00026a42   0x00026a42   0x0000005a   Code   RO         4856    i._WriteBlocking    segger_rtt.o
    0x00026a9c   0x00026a9c   0x00000042   Code   RO         4857    i._WriteNoCheck     segger_rtt.o
    0x00026ade   0x00026ade   0x00000002   PAD
    0x00026ae0   0x00026ae0   0x00000020   Code   RO         5478    i.__0printf$2       mc_w.l(printf2.o)
    0x00026b00   0x00026b00   0x0000000e   Code   RO         5709    i.__scatterload_copy  mc_w.l(handlers.o)
    0x00026b0e   0x00026b0e   0x00000002   Code   RO         5710    i.__scatterload_null  mc_w.l(handlers.o)
    0x00026b10   0x00026b10   0x0000000e   Code   RO         5711    i.__scatterload_zeroinit  mc_w.l(handlers.o)
    0x00026b1e   0x00026b1e   0x00000002   PAD
    0x00026b20   0x00026b20   0x00000024   Code   RO         5087    i.__sd_nvic_app_accessible_irq  nrf_sdh.o
    0x00026b44   0x00026b44   0x000000d6   Code   RO         5485    i._printf_core      mc_w.l(printf2.o)
    0x00026c1a   0x00026c1a   0x00000010   Code   RO          937    i.adv_set_data_size_max_get  ble_advertising.o
    0x00026c2a   0x00026c2a   0x00000036   Code   RO          688    i.advertising_buttons_configure  bsp_btn_ble.o
    0x00026c60   0x00026c60   0x00000088   Code   RO            4    i.advertising_init  main.o
    0x00026ce8   0x00026ce8   0x00000006   Code   RO          555    i.alert_timer_handler  bsp.o
    0x00026cee   0x00026cee   0x00000002   PAD
    0x00026cf0   0x00026cf0   0x00000024   Code   RO         2838    i.app_button_enable  app_button.o
    0x00026d14   0x00026d14   0x00000080   Code   RO         2839    i.app_button_init   app_button.o
    0x00026d94   0x00026d94   0x00000084   Code   RO         2996    i.app_error_fault_handler  app_error_weak.o
    0x00026e18   0x00026e18   0x00000016   Code   RO         2936    i.app_error_handler_bare  app_error.o
    0x00026e2e   0x00026e2e   0x00000016   Code   RO         3047    i.app_fifo_get      app_fifo.o
    0x00026e44   0x00026e44   0x00000020   Code   RO         3048    i.app_fifo_init     app_fifo.o
    0x00026e64   0x00026e64   0x0000001a   Code   RO         3050    i.app_fifo_put      app_fifo.o
    0x00026e7e   0x00026e7e   0x00000002   PAD
    0x00026e80   0x00026e80   0x0000000c   Code   RO         3171    i.app_timer_cnt_get  app_timer2.o
    0x00026e8c   0x00026e8c   0x00000020   Code   RO         3172    i.app_timer_create  app_timer2.o
    0x00026eac   0x00026eac   0x0000005c   Code   RO         3173    i.app_timer_init    app_timer2.o
    0x00026f08   0x00026f08   0x00000054   Code   RO         3176    i.app_timer_start   app_timer2.o
    0x00026f5c   0x00026f5c   0x00000044   Code   RO         3177    i.app_timer_stop    app_timer2.o
    0x00026fa0   0x00026fa0   0x00000034   Code   RO         3314    i.app_uart_get      app_uart_fifo.o
    0x00026fd4   0x00026fd4   0x000000a4   Code   RO         3315    i.app_uart_init     app_uart_fifo.o
    0x00027078   0x00027078   0x00000054   Code   RO         3316    i.app_uart_put      app_uart_fifo.o
    0x000270cc   0x000270cc   0x00000048   Code   RO         3392    i.app_util_critical_region_enter  app_util_platform.o
    0x00027114   0x00027114   0x00000034   Code   RO         3393    i.app_util_critical_region_exit  app_util_platform.o
    0x00027148   0x00027148   0x00000088   Code   RO         2489    i.apply_config      nrfx_uart.o
    0x000271d0   0x000271d0   0x00000088   Code   RO         2677    i.apply_config      nrfx_uarte.o
    0x00027258   0x00027258   0x00000182   Code   RO          828    i.ble_advdata_encode  ble_advdata.o
    0x000273da   0x000273da   0x00000020   Code   RO          830    i.ble_advdata_parse  ble_advdata.o
    0x000273fa   0x000273fa   0x00000046   Code   RO          831    i.ble_advdata_search  ble_advdata.o
    0x00027440   0x00027440   0x00000006   Code   RO          939    i.ble_advertising_conn_cfg_tag_set  ble_advertising.o
    0x00027446   0x00027446   0x000000f8   Code   RO          940    i.ble_advertising_init  ble_advertising.o
    0x0002753e   0x0002753e   0x0000006a   Code   RO          942    i.ble_advertising_on_ble_evt  ble_advertising.o
    0x000275a8   0x000275a8   0x0000003a   Code   RO          944    i.ble_advertising_restart_without_whitelist  ble_advertising.o
    0x000275e2   0x000275e2   0x00000230   Code   RO          945    i.ble_advertising_start  ble_advertising.o
    0x00027812   0x00027812   0x00000002   PAD
    0x00027814   0x00027814   0x00000068   Code   RO         1052    i.ble_conn_params_init  ble_conn_params.o
    0x0002787c   0x0002787c   0x00000026   Code   RO         1600    i.ble_cus_data_send  cus_service.o
    0x000278a2   0x000278a2   0x00000002   PAD
    0x000278a4   0x000278a4   0x000000e4   Code   RO         1601    i.ble_cus_init      cus_service.o
    0x00027988   0x00027988   0x00000080   Code   RO         1602    i.ble_cus_on_ble_evt  cus_service.o
    0x00027a08   0x00027a08   0x00000060   Code   RO          834    i.ble_device_addr_encode  ble_advdata.o
    0x00027a68   0x00027a68   0x000000d8   Code   RO            6    i.ble_evt_handler   main.o
    0x00027b40   0x00027b40   0x00000070   Code   RO          689    i.ble_evt_handler   bsp_btn_ble.o
    0x00027bb0   0x00027bb0   0x000000fc   Code   RO         1054    i.ble_evt_handler   ble_conn_params.o
    0x00027cac   0x00027cac   0x00000118   Code   RO         1151    i.ble_evt_handler   ble_conn_state.o
    0x00027dc4   0x00027dc4   0x00000008   Code   RO         1333    i.ble_srv_is_notification_enabled  ble_srv_common.o
    0x00027dcc   0x00027dcc   0x0000000c   Code   RO          410    i.bsp_board_button_idx_to_pin  boards.o
    0x00027dd8   0x00027dd8   0x00000020   Code   RO          411    i.bsp_board_button_state_get  boards.o
    0x00027df8   0x00027df8   0x00000054   Code   RO          412    i.bsp_board_init    boards.o
    0x00027e4c   0x00027e4c   0x00000024   Code   RO          414    i.bsp_board_led_invert  boards.o
    0x00027e70   0x00027e70   0x00000010   Code   RO          415    i.bsp_board_led_off  boards.o
    0x00027e80   0x00027e80   0x00000010   Code   RO          416    i.bsp_board_led_on  boards.o
    0x00027e90   0x00027e90   0x00000020   Code   RO          417    i.bsp_board_led_state_get  boards.o
    0x00027eb0   0x00027eb0   0x00000012   Code   RO          418    i.bsp_board_leds_off  boards.o
    0x00027ec2   0x00027ec2   0x00000012   Code   RO          419    i.bsp_board_leds_on  boards.o
    0x00027ed4   0x00027ed4   0x00000024   Code   RO          420    i.bsp_board_pin_to_button_idx  boards.o
    0x00027ef8   0x00027ef8   0x00000038   Code   RO          690    i.bsp_btn_ble_init  bsp_btn_ble.o
    0x00027f30   0x00027f30   0x0000001e   Code   RO          691    i.bsp_btn_ble_sleep_mode_prepare  bsp_btn_ble.o
    0x00027f4e   0x00027f4e   0x00000002   PAD
    0x00027f50   0x00027f50   0x00000090   Code   RO          556    i.bsp_button_event_handler  bsp.o
    0x00027fe0   0x00027fe0   0x0000000c   Code   RO          557    i.bsp_button_is_pressed  bsp.o
    0x00027fec   0x00027fec   0x0000004c   Code   RO            7    i.bsp_event_handler  main.o
    0x00028038   0x00028038   0x00000044   Code   RO          560    i.bsp_event_to_button_action_assign  bsp.o
    0x0002807c   0x0002807c   0x00000018   Code   RO          561    i.bsp_indication_set  bsp.o
    0x00028094   0x00028094   0x00000094   Code   RO          562    i.bsp_init          bsp.o
    0x00028128   0x00028128   0x000001c8   Code   RO          563    i.bsp_led_indication  bsp.o
    0x000282f0   0x000282f0   0x00000006   Code   RO          565    i.bsp_wakeup_button_enable  bsp.o
    0x000282f6   0x000282f6   0x00000002   PAD
    0x000282f8   0x000282f8   0x00000094   Code   RO         4583    i.buf_prealloc      nrf_log_frontend.o
    0x0002838c   0x0002838c   0x0000002e   Code   RO         4022    i.buffer_add        nrf_fprintf_format.o
    0x000283ba   0x000283ba   0x00000002   PAD
    0x000283bc   0x000283bc   0x00000018   Code   RO         4584    i.buffer_is_empty   nrf_log_frontend.o
    0x000283d4   0x000283d4   0x00000028   Code   RO         2841    i.button_get        app_button.o
    0x000283fc   0x000283fc   0x00000008   Code   RO          566    i.button_timer_handler  bsp.o
    0x00028404   0x00028404   0x0000001c   Code   RO         2131    i.channel_free      nrfx_gpiote.o
    0x00028420   0x00028420   0x00000048   Code   RO         2132    i.channel_port_alloc  nrfx_gpiote.o
    0x00028468   0x00028468   0x00000010   Code   RO         2133    i.channel_port_get  nrfx_gpiote.o
    0x00028478   0x00028478   0x00000190   Code   RO         1335    i.characteristic_add  ble_srv_common.o
    0x00028608   0x00028608   0x00000028   Code   RO         1640    i.clock_clk_started_notify  nrf_drv_clock.o
    0x00028630   0x00028630   0x0000001c   Code   RO         1641    i.clock_irq_handler  nrf_drv_clock.o
    0x0002864c   0x0002864c   0x00000018   Code   RO         3179    i.compare_func      app_timer2.o
    0x00028664   0x00028664   0x0000003e   Code   RO         1152    i.conn_handle_list_get  ble_conn_state.o
    0x000286a2   0x000286a2   0x00000088   Code   RO          835    i.conn_int_encode   ble_advdata.o
    0x0002872a   0x0002872a   0x00000004   Code   RO            8    i.conn_params_error_handler  main.o
    0x0002872e   0x0002872e   0x00000002   PAD
    0x00028730   0x00028730   0x00000048   Code   RO         1055    i.conn_params_negotiation  ble_conn_params.o
    0x00028778   0x00028778   0x000000dc   Code   RO            9    i.cus_data_handler  main.o
    0x00028854   0x00028854   0x000000c0   Code   RO         1393    i.data_length_update  nrf_ble_gatt.o
    0x00028914   0x00028914   0x00000048   Code   RO         2842    i.detection_delay_timeout_handler  app_button.o
    0x0002895c   0x0002895c   0x00000014   Code   RO         4585    i.dropped_sat16_get  nrf_log_frontend.o
    0x00028970   0x00028970   0x00000014   Code   RO         3461    i.drv_rtc_compare_disable  drv_rtc.o
    0x00028984   0x00028984   0x0000000e   Code   RO         3464    i.drv_rtc_compare_pending  drv_rtc.o
    0x00028992   0x00028992   0x00000050   Code   RO         3465    i.drv_rtc_compare_set  drv_rtc.o
    0x000289e2   0x000289e2   0x00000008   Code   RO         3466    i.drv_rtc_counter_get  drv_rtc.o
    0x000289ea   0x000289ea   0x00000002   PAD
    0x000289ec   0x000289ec   0x000000d8   Code   RO         3467    i.drv_rtc_init      drv_rtc.o
    0x00028ac4   0x00028ac4   0x0000001e   Code   RO         3468    i.drv_rtc_irq_trigger  drv_rtc.o
    0x00028ae2   0x00028ae2   0x00000008   Code   RO         3470    i.drv_rtc_overflow_enable  drv_rtc.o
    0x00028aea   0x00028aea   0x00000008   Code   RO         3471    i.drv_rtc_overflow_pending  drv_rtc.o
    0x00028af2   0x00028af2   0x00000008   Code   RO         3472    i.drv_rtc_start     drv_rtc.o
    0x00028afa   0x00028afa   0x00000008   Code   RO         3473    i.drv_rtc_stop      drv_rtc.o
    0x00028b02   0x00028b02   0x000000de   Code   RO         3478    i.drv_rtc_windowed_compare_set  drv_rtc.o
    0x00028be0   0x00028be0   0x00000012   Code   RO         3479    i.evt_enable        drv_rtc.o
    0x00028bf2   0x00028bf2   0x00000002   PAD
    0x00028bf4   0x00028bf4   0x000000e0   Code   RO         2843    i.evt_handle        app_button.o
    0x00028cd4   0x00028cd4   0x00000014   Code   RO         3480    i.evt_pending       drv_rtc.o
    0x00028ce8   0x00028ce8   0x00000014   Code   RO         3053    i.fifo_get          app_fifo.o
    0x00028cfc   0x00028cfc   0x00000012   Code   RO         3054    i.fifo_put          app_fifo.o
    0x00028d0e   0x00028d0e   0x0000000a   Code   RO         1153    i.flag_toggle       ble_conn_state.o
    0x00028d18   0x00028d18   0x00000028   Code   RO          947    i.flags_set         ble_advertising.o
    0x00028d40   0x00028d40   0x0000000e   Code   RO         4404    i.fputc             retarget.o
    0x00028d4e   0x00028d4e   0x00000002   PAD
    0x00028d50   0x00028d50   0x0000005c   Code   RO           10    i.gatt_evt_handler  main.o
    0x00028dac   0x00028dac   0x00000030   Code   RO           11    i.gatt_init         main.o
    0x00028ddc   0x00028ddc   0x00000034   Code   RO         3180    i.get_now           app_timer2.o
    0x00028e10   0x00028e10   0x0000003c   Code   RO         2844    i.gpiote_event_handler  app_button.o
    0x00028e4c   0x00028e4c   0x00000014   Code   RO         1056    i.instance_get      ble_conn_params.o
    0x00028e60   0x00028e60   0x000000a6   Code   RO         4023    i.int_print         nrf_fprintf_format.o
    0x00028f06   0x00028f06   0x00000002   PAD
    0x00028f08   0x00028f08   0x00000088   Code   RO         2678    i.interrupts_enable  nrfx_uarte.o
    0x00028f90   0x00028f90   0x00000034   Code   RO         4586    i.invalid_packets_omit  nrf_log_frontend.o
    0x00028fc4   0x00028fc4   0x00000044   Code   RO         1057    i.is_conn_params_ok  ble_conn_params.o
    0x00029008   0x00029008   0x00000030   Code   RO          567    i.leds_off          bsp.o
    0x00029038   0x00029038   0x00000014   Code   RO          568    i.leds_timer_handler  bsp.o
    0x0002904c   0x0002904c   0x00000018   Code   RO         1394    i.link_init         nrf_ble_gatt.o
    0x00029064   0x00029064   0x00000002   Code   RO         4587    i.log_pending_hook  nrf_log_frontend.o
    0x00029066   0x00029066   0x00000002   PAD
    0x00029068   0x00029068   0x000000a4   Code   RO         4588    i.log_skip          nrf_log_frontend.o
    0x0002910c   0x0002910c   0x000001f8   Code   RO           12    i.main              main.o
    0x00029304   0x00029304   0x00000064   Code   RO          836    i.manuf_specific_data_encode  ble_advdata.o
    0x00029368   0x00029368   0x0000007e   Code   RO         4062    i.memobj_op         nrf_memobj.o
    0x000293e6   0x000293e6   0x00000002   PAD
    0x000293e8   0x000293e8   0x00000030   Code   RO         4589    i.module_idx_get    nrf_log_frontend.o
    0x00029418   0x00029418   0x000000a6   Code   RO          837    i.name_encode       ble_advdata.o
    0x000294be   0x000294be   0x00000026   Code   RO         3678    i.nrf_atfifo_init   nrf_atfifo.o
    0x000294e4   0x000294e4   0x00000016   Code   RO         3679    i.nrf_atfifo_item_alloc  nrf_atfifo.o
    0x000294fa   0x000294fa   0x00000016   Code   RO         3680    i.nrf_atfifo_item_free  nrf_atfifo.o
    0x00029510   0x00029510   0x00000016   Code   RO         3681    i.nrf_atfifo_item_get  nrf_atfifo.o
    0x00029526   0x00029526   0x00000016   Code   RO         3682    i.nrf_atfifo_item_put  nrf_atfifo.o
    0x0002953c   0x0002953c   0x00000016   Code   RO         3744    i.nrf_atflags_clear  nrf_atflags.o
    0x00029552   0x00029552   0x00000016   Code   RO         3749    i.nrf_atflags_get   nrf_atflags.o
    0x00029568   0x00029568   0x00000014   Code   RO         3751    i.nrf_atflags_set   nrf_atflags.o
    0x0002957c   0x0002957c   0x00000006   Code   RO         3812    i.nrf_atomic_flag_clear_fetch  nrf_atomic.o
    0x00029582   0x00029582   0x00000006   Code   RO         3813    i.nrf_atomic_flag_set  nrf_atomic.o
    0x00029588   0x00029588   0x0000000c   Code   RO         3815    i.nrf_atomic_u32_add  nrf_atomic.o
    0x00029594   0x00029594   0x0000000c   Code   RO         3816    i.nrf_atomic_u32_and  nrf_atomic.o
    0x000295a0   0x000295a0   0x0000000a   Code   RO         3819    i.nrf_atomic_u32_fetch_and  nrf_atomic.o
    0x000295aa   0x000295aa   0x0000000a   Code   RO         3821    i.nrf_atomic_u32_fetch_store  nrf_atomic.o
    0x000295b4   0x000295b4   0x0000000c   Code   RO         3825    i.nrf_atomic_u32_or  nrf_atomic.o
    0x000295c0   0x000295c0   0x0000000c   Code   RO         3827    i.nrf_atomic_u32_sub  nrf_atomic.o
    0x000295cc   0x000295cc   0x00000044   Code   RO         3946    i.nrf_balloc_alloc  nrf_balloc.o
    0x00029610   0x00029610   0x00000030   Code   RO         3947    i.nrf_balloc_free   nrf_balloc.o
    0x00029640   0x00029640   0x00000030   Code   RO         3948    i.nrf_balloc_init   nrf_balloc.o
    0x00029670   0x00029670   0x00000010   Code   RO         2134    i.nrf_bitmask_bit_is_set  nrfx_gpiote.o
    0x00029680   0x00029680   0x00000018   Code   RO         1396    i.nrf_ble_gatt_att_mtu_periph_set  nrf_ble_gatt.o
    0x00029698   0x00029698   0x00000022   Code   RO         1400    i.nrf_ble_gatt_init  nrf_ble_gatt.o
    0x000296ba   0x000296ba   0x00000002   PAD
    0x000296bc   0x000296bc   0x00000150   Code   RO         1401    i.nrf_ble_gatt_on_ble_evt  nrf_ble_gatt.o
    0x0002980c   0x0002980c   0x00000016   Code   RO         1495    i.nrf_ble_qwr_conn_handle_assign  nrf_ble_qwr.o
    0x00029822   0x00029822   0x00000024   Code   RO         1496    i.nrf_ble_qwr_init  nrf_ble_qwr.o
    0x00029846   0x00029846   0x000000b6   Code   RO         1497    i.nrf_ble_qwr_on_ble_evt  nrf_ble_qwr.o
    0x000298fc   0x000298fc   0x0000000e   Code   RO         1992    i.nrf_clock_event_check  nrfx_clock.o
    0x0002990a   0x0002990a   0x00000010   Code   RO         1993    i.nrf_clock_event_clear  nrfx_clock.o
    0x0002991a   0x0002991a   0x00000002   PAD
    0x0002991c   0x0002991c   0x00000040   Code   RO         1648    i.nrf_drv_clock_init  nrf_drv_clock.o
    0x0002995c   0x0002995c   0x00000034   Code   RO         1652    i.nrf_drv_clock_lfclk_release  nrf_drv_clock.o
    0x00029990   0x00029990   0x00000068   Code   RO         1800    i.nrf_drv_uart_init  nrf_drv_uart.o
    0x000299f8   0x000299f8   0x00000020   Code   RO         3317    i.nrf_drv_uart_rx   app_uart_fifo.o
    0x00029a18   0x00029a18   0x00000020   Code   RO         3318    i.nrf_drv_uart_tx   app_uart_fifo.o
    0x00029a38   0x00029a38   0x0000001a   Code   RO         3983    i.nrf_fprintf       nrf_fprintf.o
    0x00029a52   0x00029a52   0x00000018   Code   RO         3984    i.nrf_fprintf_buffer_flush  nrf_fprintf.o
    0x00029a6a   0x00029a6a   0x000001da   Code   RO         4024    i.nrf_fprintf_fmt   nrf_fprintf_format.o
    0x00029c44   0x00029c44   0x00000024   Code   RO          422    i.nrf_gpio_cfg      boards.o
    0x00029c68   0x00029c68   0x00000024   Code   RO         2135    i.nrf_gpio_cfg      nrfx_gpiote.o
    0x00029c8c   0x00029c8c   0x00000024   Code   RO         2490    i.nrf_gpio_cfg      nrfx_uart.o
    0x00029cb0   0x00029cb0   0x00000024   Code   RO         2679    i.nrf_gpio_cfg      nrfx_uarte.o
    0x00029cd4   0x00029cd4   0x00000012   Code   RO         2492    i.nrf_gpio_cfg_input  nrfx_uart.o
    0x00029ce6   0x00029ce6   0x00000012   Code   RO         2681    i.nrf_gpio_cfg_input  nrfx_uarte.o
    0x00029cf8   0x00029cf8   0x00000014   Code   RO         2493    i.nrf_gpio_cfg_output  nrfx_uart.o
    0x00029d0c   0x00029d0c   0x00000014   Code   RO         2682    i.nrf_gpio_cfg_output  nrfx_uarte.o
    0x00029d20   0x00029d20   0x00000022   Code   RO         2137    i.nrf_gpio_cfg_sense_set  nrfx_gpiote.o
    0x00029d42   0x00029d42   0x00000002   PAD
    0x00029d44   0x00029d44   0x0000002c   Code   RO         2138    i.nrf_gpio_latches_read_and_clear  nrfx_gpiote.o
    0x00029d70   0x00029d70   0x0000001e   Code   RO         2139    i.nrf_gpio_pin_present_check  nrfx_gpiote.o
    0x00029d8e   0x00029d8e   0x00000016   Code   RO          423    i.nrf_gpio_pin_write  boards.o
    0x00029da4   0x00029da4   0x00000014   Code   RO         2140    i.nrf_gpiote_event_clear  nrfx_gpiote.o
    0x00029db8   0x00029db8   0x00000010   Code   RO         2141    i.nrf_gpiote_event_is_set  nrfx_gpiote.o
    0x00029dc8   0x00029dc8   0x0000005c   Code   RO         4590    i.nrf_log_backend_add  nrf_log_frontend.o
    0x00029e24   0x00029e24   0x00000002   Code   RO         4441    i.nrf_log_backend_rtt_flush  nrf_log_backend_rtt.o
    0x00029e26   0x00029e26   0x00000004   Code   RO         4442    i.nrf_log_backend_rtt_init  nrf_log_backend_rtt.o
    0x00029e2a   0x00029e2a   0x00000002   Code   RO         4443    i.nrf_log_backend_rtt_panic_set  nrf_log_backend_rtt.o
    0x00029e2c   0x00029e2c   0x00000018   Code   RO         4444    i.nrf_log_backend_rtt_put  nrf_log_backend_rtt.o
    0x00029e44   0x00029e44   0x000000c8   Code   RO         4510    i.nrf_log_backend_serial_put  nrf_log_backend_serial.o
    0x00029f0c   0x00029f0c   0x00000030   Code   RO         4592    i.nrf_log_color_id_get  nrf_log_frontend.o
    0x00029f3c   0x00029f3c   0x0000001c   Code   RO         4544    i.nrf_log_default_backends_init  nrf_log_default_backends.o
    0x00029f58   0x00029f58   0x00000238   Code   RO         4593    i.nrf_log_frontend_dequeue  nrf_log_frontend.o
    0x0002a190   0x0002a190   0x00000008   Code   RO         4595    i.nrf_log_frontend_std_0  nrf_log_frontend.o
    0x0002a198   0x0002a198   0x0000000e   Code   RO         4596    i.nrf_log_frontend_std_1  nrf_log_frontend.o
    0x0002a1a6   0x0002a1a6   0x00000010   Code   RO         4597    i.nrf_log_frontend_std_2  nrf_log_frontend.o
    0x0002a1b6   0x0002a1b6   0x00000002   PAD
    0x0002a1b8   0x0002a1b8   0x000000b0   Code   RO         4776    i.nrf_log_hexdump_entry_process  nrf_log_str_formatter.o
    0x0002a268   0x0002a268   0x00000028   Code   RO         4602    i.nrf_log_init      nrf_log_frontend.o
    0x0002a290   0x0002a290   0x00000014   Code   RO         4603    i.nrf_log_module_cnt_get  nrf_log_frontend.o
    0x0002a2a4   0x0002a2a4   0x0000001c   Code   RO         4606    i.nrf_log_module_name_get  nrf_log_frontend.o
    0x0002a2c0   0x0002a2c0   0x00000028   Code   RO         4607    i.nrf_log_panic     nrf_log_frontend.o
    0x0002a2e8   0x0002a2e8   0x000000b6   Code   RO         4777    i.nrf_log_std_entry_process  nrf_log_str_formatter.o
    0x0002a39e   0x0002a39e   0x00000060   Code   RO         4063    i.nrf_memobj_alloc  nrf_memobj.o
    0x0002a3fe   0x0002a3fe   0x00000032   Code   RO         4064    i.nrf_memobj_free   nrf_memobj.o
    0x0002a430   0x0002a430   0x00000008   Code   RO         4065    i.nrf_memobj_get    nrf_memobj.o
    0x0002a438   0x0002a438   0x00000004   Code   RO         4066    i.nrf_memobj_pool_init  nrf_memobj.o
    0x0002a43c   0x0002a43c   0x0000001e   Code   RO         4067    i.nrf_memobj_put    nrf_memobj.o
    0x0002a45a   0x0002a45a   0x00000010   Code   RO         4068    i.nrf_memobj_read   nrf_memobj.o
    0x0002a46a   0x0002a46a   0x00000010   Code   RO         4069    i.nrf_memobj_write  nrf_memobj.o
    0x0002a47a   0x0002a47a   0x00000002   PAD
    0x0002a47c   0x0002a47c   0x00000028   Code   RO         4141    i.nrf_pwr_mgmt_init  nrf_pwr_mgmt.o
    0x0002a4a4   0x0002a4a4   0x00000044   Code   RO         4142    i.nrf_pwr_mgmt_run  nrf_pwr_mgmt.o
    0x0002a4e8   0x0002a4e8   0x00000004   Code   RO           13    i.nrf_qwr_error_handler  main.o
    0x0002a4ec   0x0002a4ec   0x0000001c   Code   RO         4221    i.nrf_ringbuf_init  nrf_ringbuf.o
    0x0002a508   0x0002a508   0x0000000c   Code   RO         3481    i.nrf_rtc_event_clear  drv_rtc.o
    0x0002a514   0x0002a514   0x00000014   Code   RO         5207    i.nrf_sdh_ble_app_ram_start_get  nrf_sdh_ble.o
    0x0002a528   0x0002a528   0x00000130   Code   RO         5208    i.nrf_sdh_ble_default_cfg_set  nrf_sdh_ble.o
    0x0002a658   0x0002a658   0x00000130   Code   RO         5209    i.nrf_sdh_ble_enable  nrf_sdh_ble.o
    0x0002a788   0x0002a788   0x00000060   Code   RO         5210    i.nrf_sdh_ble_evts_poll  nrf_sdh_ble.o
    0x0002a7e8   0x0002a7e8   0x00000074   Code   RO         5089    i.nrf_sdh_enable_request  nrf_sdh.o
    0x0002a85c   0x0002a85c   0x00000024   Code   RO         5090    i.nrf_sdh_evts_poll  nrf_sdh.o
    0x0002a880   0x0002a880   0x0000000c   Code   RO         5091    i.nrf_sdh_is_enabled  nrf_sdh.o
    0x0002a88c   0x0002a88c   0x0000003c   Code   RO         5261    i.nrf_sdh_soc_evts_poll  nrf_sdh_soc.o
    0x0002a8c8   0x0002a8c8   0x0000000a   Code   RO         4279    i.nrf_section_iter_init  nrf_section_iter.o
    0x0002a8d2   0x0002a8d2   0x00000024   Code   RO         4280    i.nrf_section_iter_item_set  nrf_section_iter.o
    0x0002a8f6   0x0002a8f6   0x00000020   Code   RO         4281    i.nrf_section_iter_next  nrf_section_iter.o
    0x0002a916   0x0002a916   0x00000022   Code   RO         4314    i.nrf_sortlist_add  nrf_sortlist.o
    0x0002a938   0x0002a938   0x00000006   Code   RO         4316    i.nrf_sortlist_peek  nrf_sortlist.o
    0x0002a93e   0x0002a93e   0x0000000e   Code   RO         4317    i.nrf_sortlist_pop  nrf_sortlist.o
    0x0002a94c   0x0002a94c   0x0000001e   Code   RO         4318    i.nrf_sortlist_remove  nrf_sortlist.o
    0x0002a96a   0x0002a96a   0x00000002   PAD
    0x0002a96c   0x0002a96c   0x00000038   Code   RO         4370    i.nrf_strerror_find  nrf_strerror.o
    0x0002a9a4   0x0002a9a4   0x00000014   Code   RO         4371    i.nrf_strerror_get  nrf_strerror.o
    0x0002a9b8   0x0002a9b8   0x0000000a   Code   RO         2494    i.nrf_uart_event_check  nrfx_uart.o
    0x0002a9c2   0x0002a9c2   0x0000000c   Code   RO         2495    i.nrf_uart_event_clear  nrfx_uart.o
    0x0002a9ce   0x0002a9ce   0x0000000c   Code   RO         2496    i.nrf_uart_int_enable_check  nrfx_uart.o
    0x0002a9da   0x0002a9da   0x0000000a   Code   RO         2683    i.nrf_uarte_event_check  nrfx_uarte.o
    0x0002a9e4   0x0002a9e4   0x0000000c   Code   RO         2684    i.nrf_uarte_event_clear  nrfx_uarte.o
    0x0002a9f0   0x0002a9f0   0x00000010   Code   RO         1655    i.nrf_wdt_started   nrf_drv_clock.o
    0x0002aa00   0x0002aa00   0x0000002c   Code   RO         1998    i.nrfx_clock_enable  nrfx_clock.o
    0x0002aa2c   0x0002aa2c   0x00000020   Code   RO         2001    i.nrfx_clock_init   nrfx_clock.o
    0x0002aa4c   0x0002aa4c   0x00000030   Code   RO         2004    i.nrfx_clock_lfclk_stop  nrfx_clock.o
    0x0002aa7c   0x0002aa7c   0x00000010   Code   RO         3482    i.nrfx_coredep_delay_us  drv_rtc.o
    0x0002aa8c   0x0002aa8c   0x000000a0   Code   RO         2147    i.nrfx_gpiote_in_event_enable  nrfx_gpiote.o
    0x0002ab2c   0x0002ab2c   0x000000cc   Code   RO         2149    i.nrfx_gpiote_in_init  nrfx_gpiote.o
    0x0002abf8   0x0002abf8   0x00000014   Code   RO         2150    i.nrfx_gpiote_in_is_set  nrfx_gpiote.o
    0x0002ac0c   0x0002ac0c   0x00000074   Code   RO         2152    i.nrfx_gpiote_init  nrfx_gpiote.o
    0x0002ac80   0x0002ac80   0x00000014   Code   RO         2153    i.nrfx_gpiote_is_init  nrfx_gpiote.o
    0x0002ac94   0x0002ac94   0x00000010   Code   RO         2685    i.nrfx_is_in_ram    nrfx_uarte.o
    0x0002aca4   0x0002aca4   0x0000003a   Code   RO         2436    i.nrfx_prs_acquire  nrfx_prs.o
    0x0002acde   0x0002acde   0x00000002   PAD
    0x0002ace0   0x0002ace0   0x00000010   Code   RO         2497    i.nrfx_uart_0_irq_handler  nrfx_uart.o
    0x0002acf0   0x0002acf0   0x000000d4   Code   RO         2499    i.nrfx_uart_init    nrfx_uart.o
    0x0002adc4   0x0002adc4   0x000000ec   Code   RO         2500    i.nrfx_uart_rx      nrfx_uart.o
    0x0002aeb0   0x0002aeb0   0x000000a8   Code   RO         2505    i.nrfx_uart_tx      nrfx_uart.o
    0x0002af58   0x0002af58   0x00000020   Code   RO         2507    i.nrfx_uart_tx_in_progress  nrfx_uart.o
    0x0002af78   0x0002af78   0x00000010   Code   RO         2686    i.nrfx_uarte_0_irq_handler  nrfx_uarte.o
    0x0002af88   0x0002af88   0x0000006c   Code   RO         2688    i.nrfx_uarte_init   nrfx_uarte.o
    0x0002aff4   0x0002aff4   0x00000104   Code   RO         2689    i.nrfx_uarte_rx     nrfx_uarte.o
    0x0002b0f8   0x0002b0f8   0x000000ac   Code   RO         2692    i.nrfx_uarte_tx     nrfx_uarte.o
    0x0002b1a4   0x0002b1a4   0x0000001c   Code   RO         2694    i.nrfx_uarte_tx_in_progress  nrfx_uarte.o
    0x0002b1c0   0x0002b1c0   0x00000018   Code   RO         5305    i.nvmc_config       system_nrf52.o
    0x0002b1d8   0x0002b1d8   0x00000024   Code   RO           14    i.on_adv_evt        main.o
    0x0002b1fc   0x0002b1fc   0x0000001c   Code   RO           15    i.on_conn_params_evt  main.o
    0x0002b218   0x0002b218   0x000000a8   Code   RO         1402    i.on_connected_evt  nrf_ble_gatt.o
    0x0002b2c0   0x0002b2c0   0x000000ac   Code   RO         1403    i.on_exchange_mtu_request_evt  nrf_ble_gatt.o
    0x0002b36c   0x0002b36c   0x00000012   Code   RO          948    i.phy_is_valid      ble_advertising.o
    0x0002b37e   0x0002b37e   0x00000002   PAD
    0x0002b380   0x0002b380   0x0000001c   Code   RO         2171    i.pin_configured_set  nrfx_gpiote.o
    0x0002b39c   0x0002b39c   0x00000018   Code   RO         2172    i.pin_in_use_by_port  nrfx_gpiote.o
    0x0002b3b4   0x0002b3b4   0x00000018   Code   RO         2173    i.pin_in_use_by_te  nrfx_gpiote.o
    0x0002b3cc   0x0002b3cc   0x000000b4   Code   RO         2174    i.port_event_handle  nrfx_gpiote.o
    0x0002b480   0x0002b480   0x00000010   Code   RO         2175    i.port_handler_polarity_get  nrfx_gpiote.o
    0x0002b490   0x0002b490   0x0000003c   Code   RO         4779    i.postfix_process   nrf_log_str_formatter.o
    0x0002b4cc   0x0002b4cc   0x00000098   Code   RO         4780    i.prefix_process    nrf_log_str_formatter.o
    0x0002b564   0x0002b564   0x00000018   Code   RO         2438    i.prs_box_get       nrfx_prs.o
    0x0002b57c   0x0002b57c   0x0000005c   Code   RO         3181    i.rtc_irq           app_timer2.o
    0x0002b5d8   0x0002b5d8   0x0000006c   Code   RO         3182    i.rtc_schedule      app_timer2.o
    0x0002b644   0x0002b644   0x0000008c   Code   RO         3183    i.rtc_update        app_timer2.o
    0x0002b6d0   0x0002b6d0   0x00000032   Code   RO         2509    i.rx_byte           nrfx_uart.o
    0x0002b702   0x0002b702   0x00000016   Code   RO         2510    i.rx_done_event     nrfx_uart.o
    0x0002b718   0x0002b718   0x00000016   Code   RO         2696    i.rx_done_event     nrfx_uarte.o
    0x0002b72e   0x0002b72e   0x00000020   Code   RO         2511    i.rx_enable         nrfx_uart.o
    0x0002b74e   0x0002b74e   0x00000002   PAD
    0x0002b750   0x0002b750   0x00000058   Code   RO         1656    i.sd_state_evt_handler  nrf_drv_clock.o
    0x0002b7a8   0x0002b7a8   0x00000030   Code   RO         5096    i.sdh_request_observer_notify  nrf_sdh.o
    0x0002b7d8   0x0002b7d8   0x0000002c   Code   RO         5097    i.sdh_state_observer_notify  nrf_sdh.o
    0x0002b804   0x0002b804   0x00000010   Code   RO         1058    i.send_error_evt    ble_conn_params.o
    0x0002b814   0x0002b814   0x00000050   Code   RO         4445    i.serial_tx         nrf_log_backend_rtt.o
    0x0002b864   0x0002b864   0x00000088   Code   RO          838    i.service_data_encode  ble_advdata.o
    0x0002b8ec   0x0002b8ec   0x00000030   Code   RO         1337    i.set_security_req  ble_srv_common.o
    0x0002b91c   0x0002b91c   0x00000028   Code   RO           16    i.sleep_mode_enter  main.o
    0x0002b944   0x0002b944   0x00000018   Code   RO         1657    i.soc_evt_handler   nrf_drv_clock.o
    0x0002b95c   0x0002b95c   0x00000058   Code   RO         5099    i.softdevices_evt_irq_enable  nrf_sdh.o
    0x0002b9b4   0x0002b9b4   0x0000000c   Code   RO         3184    i.sortlist_pop      app_timer2.o
    0x0002b9c0   0x0002b9c0   0x00000030   Code   RO         2845    i.state_set         app_button.o
    0x0002b9f0   0x0002b9f0   0x00000098   Code   RO         4609    i.std_n             nrf_log_frontend.o
    0x0002ba88   0x0002ba88   0x00000098   Code   RO         3185    i.timer_expire      app_timer2.o
    0x0002bb20   0x0002bb20   0x00000080   Code   RO         3186    i.timer_req_process  app_timer2.o
    0x0002bba0   0x0002bba0   0x00000038   Code   RO         3187    i.timer_req_schedule  app_timer2.o
    0x0002bbd8   0x0002bbd8   0x00000018   Code   RO         2846    i.timer_start       app_button.o
    0x0002bbf0   0x0002bbf0   0x00000020   Code   RO         2512    i.tx_byte           nrfx_uart.o
    0x0002bc10   0x0002bc10   0x0000001a   Code   RO         2513    i.tx_done_event     nrfx_uart.o
    0x0002bc2a   0x0002bc2a   0x0000001a   Code   RO         2697    i.tx_done_event     nrfx_uarte.o
    0x0002bc44   0x0002bc44   0x00000064   Code   RO           17    i.uart_event_handle  main.o
    0x0002bca8   0x0002bca8   0x000000a4   Code   RO         3319    i.uart_event_handler  app_uart_fifo.o
    0x0002bd4c   0x0002bd4c   0x00000030   Code   RO         1801    i.uart_evt_handler  nrf_drv_uart.o
    0x0002bd7c   0x0002bd7c   0x0000012a   Code   RO         2514    i.uart_irq_handler  nrfx_uart.o
    0x0002bea6   0x0002bea6   0x00000002   PAD
    0x0002bea8   0x0002bea8   0x00000030   Code   RO         1802    i.uarte_evt_handler  nrf_drv_uart.o
    0x0002bed8   0x0002bed8   0x00000112   Code   RO         2698    i.uarte_irq_handler  nrfx_uarte.o
    0x0002bfea   0x0002bfea   0x0000000a   Code   RO          839    i.uint16_encode     ble_advdata.o
    0x0002bff4   0x0002bff4   0x000000b4   Code   RO         4025    i.unsigned_print    nrf_fprintf_format.o
    0x0002c0a8   0x0002c0a8   0x00000068   Code   RO         1059    i.update_timeout_handler  ble_conn_params.o
    0x0002c110   0x0002c110   0x00000018   Code   RO          949    i.use_whitelist     ble_advertising.o
    0x0002c128   0x0002c128   0x00000024   Code   RO         1498    i.user_mem_reply    nrf_ble_qwr.o
    0x0002c14c   0x0002c14c   0x00000020   Code   RO         2847    i.usr_event         app_button.o
    0x0002c16c   0x0002c16c   0x00000030   Code   RO          840    i.uuid_list_encode  ble_advdata.o
    0x0002c19c   0x0002c19c   0x0000009e   Code   RO          841    i.uuid_list_sized_encode  ble_advdata.o
    0x0002c23a   0x0002c23a   0x0000003a   Code   RO          569    i.wakeup_button_cfg  bsp.o
    0x0002c274   0x0002c274   0x00000018   Data   RO           19    .constdata          main.o
    0x0002c28c   0x0002c28c   0x00000008   Data   RO          424    .constdata          boards.o
    0x0002c294   0x0002c294   0x0000002c   Data   RO          571    .constdata          bsp.o
    0x0002c2c0   0x0002c2c0   0x00000016   Data   RO         1404    .constdata          nrf_ble_gatt.o
    0x0002c2d6   0x0002c2d6   0x00000002   PAD
    0x0002c2d8   0x0002c2d8   0x00000010   Data   RO         1603    .constdata          cus_service.o
    0x0002c2e8   0x0002c2e8   0x00000004   Data   RO         2177    .constdata          nrfx_gpiote.o
    0x0002c2ec   0x0002c2ec   0x00000004   Data   RO         2517    .constdata          nrfx_uart.o
    0x0002c2f0   0x0002c2f0   0x00000004   Data   RO         2701    .constdata          nrfx_uarte.o
    0x0002c2f4   0x0002c2f4   0x00000008   Data   RO         2849    .constdata          app_button.o
    0x0002c2fc   0x0002c2fc   0x00000014   Data   RO         3190    .constdata          app_timer2.o
    0x0002c310   0x0002c310   0x00000020   Data   RO         3321    .constdata          app_uart_fifo.o
    0x0002c330   0x0002c330   0x00000006   Data   RO         3483    .constdata          drv_rtc.o
    0x0002c336   0x0002c336   0x00000010   Data   RO         4026    .constdata          nrf_fprintf_format.o
    0x0002c346   0x0002c346   0x00000002   PAD
    0x0002c348   0x0002c348   0x00000018   Data   RO         4146    .constdata          nrf_pwr_mgmt.o
    0x0002c360   0x0002c360   0x0000000c   Data   RO         4147    .constdata          nrf_pwr_mgmt.o
    0x0002c36c   0x0002c36c   0x0000013c   Data   RO         4372    .constdata          nrf_strerror.o
    0x0002c4a8   0x0002c4a8   0x0000000c   Data   RO         4447    .constdata          nrf_log_backend_rtt.o
    0x0002c4b4   0x0002c4b4   0x0000000c   PAD
    0x0002c4c0   0x0002c4c0   0x00000006   Data   RO         4448    .constdata          nrf_log_backend_rtt.o
    0x0002c4c6   0x0002c4c6   0x00000002   PAD
    0x0002c4c8   0x0002c4c8   0x0000000c   Data   RO         4614    .constdata          nrf_log_frontend.o
    0x0002c4d4   0x0002c4d4   0x00000010   Data   RO         5100    .constdata          nrf_sdh.o
    0x0002c4e4   0x0002c4e4   0x00000028   Data   RO         5101    .constdata          nrf_sdh.o
    0x0002c50c   0x0002c50c   0x00000010   Data   RO         5102    .constdata          nrf_sdh.o
    0x0002c51c   0x0002c51c   0x00000010   Data   RO         5103    .constdata          nrf_sdh.o
    0x0002c52c   0x0002c52c   0x00000020   Data   RO         5211    .constdata          nrf_sdh_ble.o
    0x0002c54c   0x0002c54c   0x00000010   Data   RO         5212    .constdata          nrf_sdh_ble.o
    0x0002c55c   0x0002c55c   0x00000010   Data   RO         5262    .constdata          nrf_sdh_soc.o
    0x0002c56c   0x0002c56c   0x0000000c   Data   RO         5263    .constdata          nrf_sdh_soc.o
    0x0002c578   0x0002c578   0x00000081   Data   RO         5372    .constdata          mc_w.l(ctype_o.o)
    0x0002c5f9   0x0002c5f9   0x00000003   PAD
    0x0002c5fc   0x0002c5fc   0x00000004   Data   RO         5373    .constdata          mc_w.l(ctype_o.o)
    0x0002c600   0x0002c600   0x000000a2   Data   RO         1405    .conststring        nrf_ble_gatt.o
    0x0002c6a2   0x0002c6a2   0x00000002   PAD
    0x0002c6a4   0x0002c6a4   0x000003eb   Data   RO         4373    .conststring        nrf_strerror.o
    0x0002ca8f   0x0002ca8f   0x00000001   PAD
    0x0002ca90   0x0002ca90   0x00000066   Data   RO         4781    .conststring        nrf_log_str_formatter.o
    0x0002caf6   0x0002caf6   0x00000002   PAD
    0x0002caf8   0x0002caf8   0x000001cf   Data   RO         5213    .conststring        nrf_sdh_ble.o
    0x0002ccc7   0x0002ccc7   0x00000001   PAD
    0x0002ccc8   0x0002ccc8   0x0000000d   Data   RO         1406    .conststrlit        nrf_ble_gatt.o
    0x0002ccd5   0x0002ccd5   0x00000003   PAD
    0x0002ccd8   0x0002ccd8   0x00000008   Data   RO         1545    .conststrlit        ble_nus.o
    0x0002cce0   0x0002cce0   0x00000006   Data   RO         1663    .conststrlit        nrf_drv_clock.o
    0x0002cce6   0x0002cce6   0x00000002   PAD
    0x0002cce8   0x0002cce8   0x00000006   Data   RO         2008    .conststrlit        nrfx_clock.o
    0x0002ccee   0x0002ccee   0x00000002   PAD
    0x0002ccf0   0x0002ccf0   0x00000007   Data   RO         2181    .conststrlit        nrfx_gpiote.o
    0x0002ccf7   0x0002ccf7   0x00000001   PAD
    0x0002ccf8   0x0002ccf8   0x00000004   Data   RO         2440    .conststrlit        nrfx_prs.o
    0x0002ccfc   0x0002ccfc   0x00000005   Data   RO         2520    .conststrlit        nrfx_uart.o
    0x0002cd01   0x0002cd01   0x00000003   PAD
    0x0002cd04   0x0002cd04   0x00000006   Data   RO         2704    .conststrlit        nrfx_uarte.o
    0x0002cd0a   0x0002cd0a   0x00000002   PAD
    0x0002cd0c   0x0002cd0c   0x0000000b   Data   RO         2850    .conststrlit        app_button.o
    0x0002cd17   0x0002cd17   0x00000001   PAD
    0x0002cd18   0x0002cd18   0x0000000a   Data   RO         3191    .conststrlit        app_timer2.o
    0x0002cd22   0x0002cd22   0x00000002   PAD
    0x0002cd24   0x0002cd24   0x00000009   Data   RO         4148    .conststrlit        nrf_pwr_mgmt.o
    0x0002cd2d   0x0002cd2d   0x00000003   PAD
    0x0002cd30   0x0002cd30   0x00000009   Data   RO         4319    .conststrlit        nrf_sortlist.o
    0x0002cd39   0x0002cd39   0x00000003   PAD
    0x0002cd3c   0x0002cd3c   0x00000010   Data   RO         4545    .conststrlit        nrf_log_default_backends.o
    0x0002cd4c   0x0002cd4c   0x00000004   Data   RO         4615    .conststrlit        nrf_log_frontend.o
    0x0002cd50   0x0002cd50   0x00000008   Data   RO         5104    .conststrlit        nrf_sdh.o
    0x0002cd58   0x0002cd58   0x0000000c   Data   RO         5214    .conststrlit        nrf_sdh_ble.o
    0x0002cd64   0x0002cd64   0x0000000c   Data   RO         5264    .conststrlit        nrf_sdh_soc.o
    0x0002cd70   0x0002cd70   0x00000020   Data   RO         5707    Region$$Table       anon$$obj.o
    0x0002cd90   0x0002cd90   0x00000010   Data   RO         4547    log_backends        nrf_log_default_backends.o
    0x0002cda0   0x0002cda0   0x00000008   Data   RO         1407    log_const_data      nrf_ble_gatt.o
    0x0002cda8   0x0002cda8   0x00000008   Data   RO         1546    log_const_data      ble_nus.o
    0x0002cdb0   0x0002cdb0   0x00000008   Data   RO         1664    log_const_data      nrf_drv_clock.o
    0x0002cdb8   0x0002cdb8   0x00000008   Data   RO         2010    log_const_data      nrfx_clock.o
    0x0002cdc0   0x0002cdc0   0x00000008   Data   RO         2182    log_const_data      nrfx_gpiote.o
    0x0002cdc8   0x0002cdc8   0x00000008   Data   RO         2442    log_const_data      nrfx_prs.o
    0x0002cdd0   0x0002cdd0   0x00000008   Data   RO         2521    log_const_data      nrfx_uart.o
    0x0002cdd8   0x0002cdd8   0x00000008   Data   RO         2705    log_const_data      nrfx_uarte.o
    0x0002cde0   0x0002cde0   0x00000008   Data   RO         2853    log_const_data      app_button.o
    0x0002cde8   0x0002cde8   0x00000008   Data   RO         3194    log_const_data      app_timer2.o
    0x0002cdf0   0x0002cdf0   0x00000008   Data   RO         4150    log_const_data      nrf_pwr_mgmt.o
    0x0002cdf8   0x0002cdf8   0x00000008   Data   RO         4320    log_const_data      nrf_sortlist.o
    0x0002ce00   0x0002ce00   0x00000008   Data   RO         4619    log_const_data      nrf_log_frontend.o
    0x0002ce08   0x0002ce08   0x00000008   Data   RO         5106    log_const_data      nrf_sdh.o
    0x0002ce10   0x0002ce10   0x00000008   Data   RO         5216    log_const_data      nrf_sdh_ble.o
    0x0002ce18   0x0002ce18   0x00000008   Data   RO         5265    log_const_data      nrf_sdh_soc.o
    0x0002ce20   0x0002ce20   0x00000014   Data   RO         4620    nrf_balloc          nrf_log_frontend.o
    0x0002ce34   0x0002ce34   0x00000008   Data   RO         1157    sdh_ble_observers0  ble_conn_state.o
    0x0002ce3c   0x0002ce3c   0x00000010   Data   RO           21    sdh_ble_observers1  main.o
    0x0002ce4c   0x0002ce4c   0x00000008   Data   RO          693    sdh_ble_observers1  bsp_btn_ble.o
    0x0002ce54   0x0002ce54   0x00000008   Data   RO         1062    sdh_ble_observers1  ble_conn_params.o
    0x0002ce5c   0x0002ce5c   0x00000010   Data   RO           22    sdh_ble_observers2  main.o
    0x0002ce6c   0x0002ce6c   0x00000008   Data   RO           23    sdh_ble_observers3  main.o
    0x0002ce74   0x0002ce74   0x00000008   Data   RO         1665    sdh_soc_observers0  nrf_drv_clock.o
    0x0002ce7c   0x0002ce7c   0x00000008   Data   RO         5217    sdh_stack_observers0  nrf_sdh_ble.o
    0x0002ce84   0x0002ce84   0x00000008   Data   RO         5266    sdh_stack_observers0  nrf_sdh_soc.o
    0x0002ce8c   0x0002ce8c   0x00000008   Data   RO         1666    sdh_state_observers0  nrf_drv_clock.o


    Execution Region RW_IRAM1 (Exec base: 0x20002ad8, Load base: 0x0002ce94, Size: 0x000032a0, Max: 0x0000d528, ABSOLUTE, COMPRESSED[0x00000058])

    Exec Addr    Load Addr    Size         Type   Attr      Idx    E Section Name        Object

    0x20002ad8   COMPRESSED   0x0000000a   Data   RW           20    .data               main.o
    0x20002ae2   COMPRESSED   0x00000002   PAD
    0x20002ae4   COMPRESSED   0x00000010   Data   RW          572    .data               bsp.o
    0x20002af4   COMPRESSED   0x00000004   PAD
    0x20002af8   COMPRESSED   0x00000020   Data   RW          573    .data               bsp.o
    0x20002b18   COMPRESSED   0x00000020   Data   RW          574    .data               bsp.o
    0x20002b38   COMPRESSED   0x00000020   Data   RW          575    .data               bsp.o
    0x20002b58   COMPRESSED   0x00000008   Data   RW          692    .data               bsp_btn_ble.o
    0x20002b60   COMPRESSED   0x00000008   Data   RW         1061    .data               ble_conn_params.o
    0x20002b68   COMPRESSED   0x0000000c   Data   RW         1803    .data               nrf_drv_uart.o
    0x20002b74   COMPRESSED   0x00000008   Data   RW         2009    .data               nrfx_clock.o
    0x20002b7c   COMPRESSED   0x00000008   Data   RW         2441    .data               nrfx_prs.o
    0x20002b84   COMPRESSED   0x00000004   PAD
    0x20002b88   COMPRESSED   0x00000018   Data   RW         2851    .data               app_button.o
    0x20002ba0   COMPRESSED   0x00000020   Data   RW         2852    .data               app_button.o
    0x20002bc0   COMPRESSED   0x00000020   Data   RW         3192    .data               app_timer2.o
    0x20002be0   COMPRESSED   0x00000004   Data   RW         3193    .data               app_timer2.o
    0x20002be4   COMPRESSED   0x0000001c   Data   RW         3322    .data               app_uart_fifo.o
    0x20002c00   COMPRESSED   0x0000000c   Data   RW         3484    .data               drv_rtc.o
    0x20002c0c   COMPRESSED   0x00000008   Data   RW         4149    .data               nrf_pwr_mgmt.o
    0x20002c14   COMPRESSED   0x00000004   Data   RW         4405    .data               retarget.o
    0x20002c18   COMPRESSED   0x00000001   Data   RW         4449    .data               nrf_log_backend_rtt.o
    0x20002c19   COMPRESSED   0x00000003   PAD
    0x20002c1c   COMPRESSED   0x00000008   Data   RW         4546    .data               nrf_log_default_backends.o
    0x20002c24   COMPRESSED   0x00000004   Data   RW         4616    .data               nrf_log_frontend.o
    0x20002c28   COMPRESSED   0x00000008   Data   RW         4617    .data               nrf_log_frontend.o
    0x20002c30   COMPRESSED   0x00000008   Data   RW         4618    .data               nrf_log_frontend.o
    0x20002c38   COMPRESSED   0x00000040   Data   RW         4782    .data               nrf_log_str_formatter.o
    0x20002c78   COMPRESSED   0x00000003   Data   RW         5105    .data               nrf_sdh.o
    0x20002c7b   COMPRESSED   0x00000001   Data   RW         5215    .data               nrf_sdh_ble.o
    0x20002c7c   COMPRESSED   0x00000004   Data   RW         5307    .data               system_nrf52.o
    0x20002c80        -       0x0000066c   Zero   RW           18    .bss                main.o
    0x200032ec        -       0x0000000c   Zero   RW          570    .bss                bsp.o
    0x200032f8        -       0x00000050   Zero   RW         1060    .bss                ble_conn_params.o
    0x20003348        -       0x0000007c   Zero   RW         1156    .bss                ble_conn_state.o
    0x200033c4        -       0x00000014   Zero   RW         1658    .bss                nrf_drv_clock.o
    0x200033d8        -       0x0000005c   Zero   RW         2176    .bss                nrfx_gpiote.o
    0x20003434        -       0x0000002c   Zero   RW         2515    .bss                nrfx_uart.o
    0x20003460        -       0x00000024   Zero   RW         2699    .bss                nrfx_uarte.o
    0x20003484        -       0x00000010   Zero   RW         2848    .bss                app_button.o
    0x20003494        -       0x00000010   Zero   RW         3188    .bss                app_timer2.o
    0x200034a4        -       0x00000058   Zero   RW         3189    .bss                app_timer2.o
    0x200034fc        -       0x00000020   Zero   RW         3320    .bss                app_uart_fifo.o
    0x2000351c        -       0x0000000c   Zero   RW         3398    .bss                app_util_platform.o
    0x20003528        -       0x0000000c   Zero   RW         4145    .bss                nrf_pwr_mgmt.o
    0x20003534        -       0x00000040   Zero   RW         4446    .bss                nrf_log_backend_rtt.o
    0x20003574        -       0x000000c0   Zero   RW         4610    .bss                nrf_log_frontend.o
    0x20003634        -       0x00000080   Zero   RW         4611    .bss                nrf_log_frontend.o
    0x200036b4        -       0x00000018   Zero   RW         4612    .bss                nrf_log_frontend.o
    0x200036cc        -       0x00000420   Zero   RW         4613    .bss                nrf_log_frontend.o
    0x20003aec        -       0x00000288   Zero   RW         4858    .bss                segger_rtt.o
    0x20003d74   COMPRESSED   0x00000004   PAD
    0x20003d78        -       0x00002000   Zero   RW         5293    STACK               arm_startup_nrf52.o


==============================================================================

Image component sizes


      Code (inc. data)   RO Data    RW Data    ZI Data      Debug   Object Name

       664         66         27         56         16      17674   app_button.o
        22          0          0          0          0       2505   app_error.o
       132         46          0          0          0      37222   app_error_weak.o
       118          0          0          0          0       4958   app_fifo.o
      1052         90         38         36        104      17017   app_timer2.o
       528         60         32         28         32      17834   app_uart_fifo.o
       124         14          0          0         12      10654   app_util_platform.o
        36          8        512          0       8192        920   arm_startup_nrf52.o
      1338          0          0          0          0      60436   ble_advdata.o
      1076          6          0          0          0      17891   ble_advertising.o
       636         44          8          8         80      12647   ble_conn_params.o
       352          6          8          0        124       6273   ble_conn_state.o
         0          0          0          0          0       1160   ble_link_ctx_manager.o
         0          0         16          0          0       3744   ble_nus.o
       456          6          0          0          0       3343   ble_srv_common.o
       358         40          8          0          0      61209   boards.o
       998         84         44        112         12      22871   bsp.o
       252         10          8          8          0      55108   bsp_btn_ble.o
       394          6         16          0          0       5316   cus_service.o
       704         76          6         12          0      48497   drv_rtc.o
      1504        358         64         10       1644     165600   main.o
       326          0          0          0          0       5891   nrf_atfifo.o
        64          0          0          0          0       3004   nrf_atflags.o
       306          0          0          0          0       7955   nrf_atomic.o
       164          0          0          0          0       3608   nrf_balloc.o
       950        272        205          0          0      37953   nrf_ble_gatt.o
       276          0          0          0          0       6173   nrf_ble_qwr.o
       312         36         30          0         20      47428   nrf_drv_clock.o
       200         26          0         12          0      17756   nrf_drv_uart.o
        50          0          0          0          0       3505   nrf_fprintf.o
       866          4         16          0          0       6518   nrf_fprintf_format.o
       112         18         18          1         64       6069   nrf_log_backend_rtt.o
       200          0          0          0          0      10901   nrf_log_backend_serial.o
        28          4         32          8          0       3313   nrf_log_default_backends.o
      1484        128         44         20       1400      30309   nrf_log_frontend.o
       570        108        102         64          0       5616   nrf_log_str_formatter.o
       346          0          0          0          0       9511   nrf_memobj.o
       108         16         53          8         12      42274   nrf_pwr_mgmt.o
        28          0          0          0          0       2351   nrf_ringbuf.o
       384         46        104          3          0      42699   nrf_sdh.o
       724        232        539          1          0       5885   nrf_sdh_ble.o
        60          4         56          0          0       2448   nrf_sdh_soc.o
        78          0          0          0          0       2756   nrf_section_iter.o
        84          0         17          0          0       4069   nrf_sortlist.o
        76         10       1319          0          0       2715   nrf_strerror.o
       242         32         14          8          0      47004   nrfx_clock.o
      1268        106         19          0         92      65653   nrfx_gpiote.o
        94         16         12          8          0       3733   nrfx_prs.o
      1368         38         17          0         44      30373   nrfx_uart.o
      1290         36         18          0         36      25051   nrfx_uarte.o
        14          0          0          4          0       2854   retarget.o
       378         34          0          0        648       8925   segger_rtt.o
       752         78          0          4          0      32269   system_nrf52.o

    ----------------------------------------------------------------------
     23998       2164       3480        424      12536    1099448   Object Totals
         0          0         32          0          0          0   (incl. Generated)
        52          0         46         13          4          0   (incl. Padding)

    ----------------------------------------------------------------------

      Code (inc. data)   RO Data    RW Data    ZI Data      Debug   Library Member Name

        86          0          0          0          0          0   __dczerorl2.o
         8          4        133          0          0         68   ctype_o.o
         0          0          0          0          0          0   entry.o
         0          0          0          0          0          0   entry10a.o
         0          0          0          0          0          0   entry11a.o
         8          4          0          0          0          0   entry2.o
         4          0          0          0          0          0   entry5.o
         0          0          0          0          0          0   entry7b.o
         0          0          0          0          0          0   entry8b.o
         8          4          0          0          0          0   entry9a.o
        30          0          0          0          0          0   handlers.o
        36          8          0          0          0         68   init.o
        30          0          0          0          0         68   llshl.o
        32          0          0          0          0         68   llushr.o
        36          0          0          0          0         68   memcpya.o
        36          0          0          0          0        108   memseta.o
       246         10          0          0          0        176   printf2.o
        18          0          0          0          0         68   strcpy.o
        14          0          0          0          0         68   strlen.o
        98          0          0          0          0         92   uldiv.o

    ----------------------------------------------------------------------
       694         30        136          0          0        852   Library Totals
         4          0          3          0          0          0   (incl. Padding)

    ----------------------------------------------------------------------

      Code (inc. data)   RO Data    RW Data    ZI Data      Debug   Library Name

       690         30        133          0          0        852   mc_w.l

    ----------------------------------------------------------------------
       694         30        136          0          0        852   Library Totals

    ----------------------------------------------------------------------

==============================================================================


      Code (inc. data)   RO Data    RW Data    ZI Data      Debug   

     24692       2194       3616        424      12536    1069472   Grand Totals
     24692       2194       3616         88      12536    1069472   ELF Image Totals (compressed)
     24692       2194       3616         88          0          0   ROM Totals

==============================================================================

    Total RO  Size (Code + RO Data)                28308 (  27.64kB)
    Total RW  Size (RW Data + ZI Data)             12960 (  12.66kB)
    Total ROM Size (Code + RO Data + RW Data)      28396 (  27.73kB)

==============================================================================

