Component: ARM Compiler 5.06 update 6 (build 750) Tool: armlink [4d35ed]

==============================================================================

Section Cross References

    main.o(i.advertising_init) refers to memseta.o(.text) for __aeabi_memclr4
    main.o(i.advertising_init) refers to ble_advdata.o(i.ble_advdata_encode) for ble_advdata_encode
    main.o(i.advertising_init) refers to app_error.o(i.app_error_handler_bare) for app_error_handler_bare
    main.o(i.advertising_init) refers to main.o(.data) for .data
    main.o(i.advertising_init) refers to main.o(.bss) for .bss
    main.o(i.assert_nrf_callback) refers to app_error_handler_keil.o(.emb_text) for app_error_handler
    main.o(i.main) refers to nrf_log_frontend.o(i.nrf_log_init) for nrf_log_init
    main.o(i.main) refers to app_error.o(i.app_error_handler_bare) for app_error_handler_bare
    main.o(i.main) refers to nrf_log_default_backends.o(i.nrf_log_default_backends_init) for nrf_log_default_backends_init
    main.o(i.main) refers to app_timer2.o(i.app_timer_init) for app_timer_init
    main.o(i.main) refers to bsp.o(i.bsp_init) for bsp_init
    main.o(i.main) refers to nrf_pwr_mgmt.o(i.nrf_pwr_mgmt_init) for nrf_pwr_mgmt_init
    main.o(i.main) refers to nrf_sdh.o(i.nrf_sdh_enable_request) for nrf_sdh_enable_request
    main.o(i.main) refers to nrf_sdh_ble.o(i.nrf_sdh_ble_default_cfg_set) for nrf_sdh_ble_default_cfg_set
    main.o(i.main) refers to nrf_sdh_ble.o(i.nrf_sdh_ble_enable) for nrf_sdh_ble_enable
    main.o(i.main) refers to main.o(i.advertising_init) for advertising_init
    main.o(i.main) refers to nrf_log_frontend.o(i.nrf_log_frontend_std_0) for nrf_log_frontend_std_0
    main.o(i.main) refers to bsp.o(i.bsp_indication_set) for bsp_indication_set
    main.o(i.main) refers to nrf_log_frontend.o(i.nrf_log_frontend_dequeue) for nrf_log_frontend_dequeue
    main.o(i.main) refers to nrf_pwr_mgmt.o(i.nrf_pwr_mgmt_run) for nrf_pwr_mgmt_run
    main.o(i.main) refers to nrf_log_frontend.o(log_const_data) for m_nrf_log_app_logs_data_const
    main.o(i.main) refers to main.o(.data) for .data
    main.o(.data) refers to main.o(.bss) for m_enc_advdata
    main.o(.data) refers to main.o(.bss) for m_enc_srdata
    boards.o(i.bsp_board_button_idx_to_pin) refers to boards.o(.constdata) for .constdata
    boards.o(i.bsp_board_button_state_get) refers to boards.o(.constdata) for .constdata
    boards.o(i.bsp_board_init) refers to boards.o(i.nrf_gpio_cfg) for nrf_gpio_cfg
    boards.o(i.bsp_board_init) refers to boards.o(i.bsp_board_leds_off) for bsp_board_leds_off
    boards.o(i.bsp_board_init) refers to boards.o(.constdata) for .constdata
    boards.o(i.bsp_board_led_idx_to_pin) refers to boards.o(.constdata) for .constdata
    boards.o(i.bsp_board_led_invert) refers to boards.o(.constdata) for .constdata
    boards.o(i.bsp_board_led_off) refers to boards.o(i.nrf_gpio_pin_write) for nrf_gpio_pin_write
    boards.o(i.bsp_board_led_off) refers to boards.o(.constdata) for .constdata
    boards.o(i.bsp_board_led_on) refers to boards.o(i.nrf_gpio_pin_write) for nrf_gpio_pin_write
    boards.o(i.bsp_board_led_on) refers to boards.o(.constdata) for .constdata
    boards.o(i.bsp_board_led_state_get) refers to boards.o(.constdata) for .constdata
    boards.o(i.bsp_board_leds_off) refers to boards.o(i.bsp_board_led_off) for bsp_board_led_off
    boards.o(i.bsp_board_leds_on) refers to boards.o(i.bsp_board_led_on) for bsp_board_led_on
    boards.o(i.bsp_board_pin_to_button_idx) refers to boards.o(.constdata) for .constdata
    boards.o(i.bsp_board_pin_to_led_idx) refers to boards.o(.constdata) for .constdata
    bsp.o(i.alert_timer_handler) refers to boards.o(i.bsp_board_led_invert) for bsp_board_led_invert
    bsp.o(i.bsp_button_event_handler) refers to boards.o(i.bsp_board_pin_to_button_idx) for bsp_board_pin_to_button_idx
    bsp.o(i.bsp_button_event_handler) refers to app_timer2.o(i.app_timer_start) for app_timer_start
    bsp.o(i.bsp_button_event_handler) refers to app_timer2.o(i.app_timer_stop) for app_timer_stop
    bsp.o(i.bsp_button_event_handler) refers to bsp.o(.constdata) for .constdata
    bsp.o(i.bsp_button_event_handler) refers to bsp.o(.data) for .data
    bsp.o(i.bsp_button_event_handler) refers to bsp.o(.bss) for .bss
    bsp.o(i.bsp_button_is_pressed) refers to boards.o(i.bsp_board_button_state_get) for bsp_board_button_state_get
    bsp.o(i.bsp_buttons_disable) refers to app_button.o(i.app_button_disable) for app_button_disable
    bsp.o(i.bsp_buttons_enable) refers to app_button.o(i.app_button_enable) for app_button_enable
    bsp.o(i.bsp_event_to_button_action_assign) refers to bsp.o(.bss) for .bss
    bsp.o(i.bsp_indication_set) refers to bsp.o(i.bsp_led_indication) for bsp_led_indication
    bsp.o(i.bsp_indication_set) refers to bsp.o(.data) for .data
    bsp.o(i.bsp_init) refers to bsp.o(i.bsp_event_to_button_action_assign) for bsp_event_to_button_action_assign
[...]
    .conststrlit                             0x0002aff0   Section        6  nrfx_clock.o(.conststrlit)
    .conststrlit                             0x0002aff8   Section        7  nrfx_gpiote.o(.conststrlit)
    .conststrlit                             0x0002b000   Section        4  nrfx_prs.o(.conststrlit)
    .conststrlit                             0x0002b004   Section        5  nrfx_uart.o(.conststrlit)
    .conststrlit                             0x0002b00c   Section        6  nrfx_uarte.o(.conststrlit)
    .conststrlit                             0x0002b014   Section       11  app_button.o(.conststrlit)
    .conststrlit                             0x0002b020   Section       10  app_timer2.o(.conststrlit)
    .conststrlit                             0x0002b02c   Section        9  nrf_pwr_mgmt.o(.conststrlit)
    .conststrlit                             0x0002b038   Section        9  nrf_sortlist.o(.conststrlit)
    .conststrlit                             0x0002b044   Section       17  nrf_log_default_backends.o(.conststrlit)
    .conststrlit                             0x0002b058   Section        4  nrf_log_frontend.o(.conststrlit)
    .conststrlit                             0x0002b05c   Section        8  nrf_sdh.o(.conststrlit)
    .conststrlit                             0x0002b064   Section       12  nrf_sdh_ble.o(.conststrlit)
    .conststrlit                             0x0002b070   Section       12  nrf_sdh_soc.o(.conststrlit)
    log_backends                             0x0002b09c   Section       16  nrf_log_default_backends.o(log_backends)
    __tagsym$$used                           0x0002b09c   Number         0  nrf_log_default_backends.o(log_backends)
    uart_log_backend                         0x0002b09c   Data          16  nrf_log_default_backends.o(log_backends)
    log_const_data                           0x0002b0ac   Section        8  nrf_drv_clock.o(log_const_data)
    __tagsym$$used                           0x0002b0ac   Number         0  nrf_drv_clock.o(log_const_data)
    log_const_data                           0x0002b0b4   Section        8  nrfx_clock.o(log_const_data)
    __tagsym$$used                           0x0002b0b4   Number         0  nrfx_clock.o(log_const_data)
    log_const_data                           0x0002b0bc   Section        8  nrfx_gpiote.o(log_const_data)
    __tagsym$$used                           0x0002b0bc   Number         0  nrfx_gpiote.o(log_const_data)
    log_const_data                           0x0002b0c4   Section        8  nrfx_prs.o(log_const_data)
    __tagsym$$used                           0x0002b0c4   Number         0  nrfx_prs.o(log_const_data)
    log_const_data                           0x0002b0cc   Section        8  nrfx_uart.o(log_const_data)
    __tagsym$$used                           0x0002b0cc   Number         0  nrfx_uart.o(log_const_data)
    log_const_data                           0x0002b0d4   Section        8  nrfx_uarte.o(log_const_data)
    __tagsym$$used                           0x0002b0d4   Number         0  nrfx_uarte.o(log_const_data)
    log_const_data                           0x0002b0dc   Section        8  app_button.o(log_const_data)
    __tagsym$$used                           0x0002b0dc   Number         0  app_button.o(log_const_data)
    log_const_data                           0x0002b0e4   Section        8  app_timer2.o(log_const_data)
    __tagsym$$used                           0x0002b0e4   Number         0  app_timer2.o(log_const_data)
    log_const_data                           0x0002b0ec   Section        8  nrf_pwr_mgmt.o(log_const_data)
    __tagsym$$used                           0x0002b0ec   Number         0  nrf_pwr_mgmt.o(log_const_data)
    log_const_data                           0x0002b0f4   Section        8  nrf_sortlist.o(log_const_data)
    __tagsym$$used                           0x0002b0f4   Number         0  nrf_sortlist.o(log_const_data)
    log_const_data                           0x0002b0fc   Section        8  nrf_log_frontend.o(log_const_data)
    __tagsym$$used                           0x0002b0fc   Number         0  nrf_log_frontend.o(log_const_data)
    log_const_data                           0x0002b104   Section        8  nrf_sdh.o(log_const_data)
    __tagsym$$used                           0x0002b104   Number         0  nrf_sdh.o(log_const_data)
    log_const_data                           0x0002b10c   Section        8  nrf_sdh_ble.o(log_const_data)
    __tagsym$$used                           0x0002b10c   Number         0  nrf_sdh_ble.o(log_const_data)
    log_const_data                           0x0002b114   Section        8  nrf_sdh_soc.o(log_const_data)
    __tagsym$$used                           0x0002b114   Number         0  nrf_sdh_soc.o(log_const_data)
    nrf_balloc                               0x0002b11c   Section       20  nrf_log_frontend.o(nrf_balloc)
    __tagsym$$used                           0x0002b11c   Number         0  nrf_log_frontend.o(nrf_balloc)
    sdh_soc_observers0                       0x0002b130   Section        8  nrf_drv_clock.o(sdh_soc_observers0)
    __tagsym$$used                           0x0002b130   Number         0  nrf_drv_clock.o(sdh_soc_observers0)
    m_soc_evt_observer                       0x0002b130   Data           8  nrf_drv_clock.o(sdh_soc_observers0)
    sdh_stack_observers0                     0x0002b138   Section        8  nrf_sdh_ble.o(sdh_stack_observers0)
    __tagsym$$used                           0x0002b138   Number         0  nrf_sdh_ble.o(sdh_stack_observers0)
    m_nrf_sdh_ble_evts_poll                  0x0002b138   Data           8  nrf_sdh_ble.o(sdh_stack_observers0)
    sdh_stack_observers0                     0x0002b140   Section        8  nrf_sdh_soc.o(sdh_stack_observers0)
    __tagsym$$used                           0x0002b140   Number         0  nrf_sdh_soc.o(sdh_stack_observers0)
    m_nrf_sdh_soc_evts_poll                  0x0002b140   Data           8  nrf_sdh_soc.o(sdh_stack_observers0)
    sdh_state_observers0                     0x0002b148   Section        8  nrf_drv_clock.o(sdh_state_observers0)
    __tagsym$$used                           0x0002b148   Number         0  nrf_drv_clock.o(sdh_state_observers0)
    m_sd_state_observer                      0x0002b148   Data           8  nrf_drv_clock.o(sdh_state_observers0)
    .data                                    0x200018c8   Section       30  main.o(.data)
    m_adv_handle                             0x200018c8   Data           1  main.o(.data)
    m_adv_data                               0x200018cc   Data          16  main.o(.data)
    m_beacon_info                            0x200018dc   Data          10  main.o(.data)
    .data                                    0x200018e8   Section       16  bsp.o(.data)
    m_stable_state                           0x200018e8   Data           1  bsp.o(.data)
    m_leds_clear                             0x200018e9   Data           1  bsp.o(.data)
    m_alert_on                               0x200018ea   Data           1  bsp.o(.data)
    current_long_push_pin_no                 0x200018eb   Data           1  bsp.o(.data)
    m_indication_type                        0x200018ec   Data           4  bsp.o(.data)
    m_registered_callback                    0x200018f0   Data           4  bsp.o(.data)
    release_event_at_push                    0x200018f4   Data           4  bsp.o(.data)
    .data                                    0x200018f8   Section       32  bsp.o(.data)
    m_bsp_leds_tmr_data                      0x200018f8   Data          32  bsp.o(.data)
    .data                                    0x20001918   Section       32  bsp.o(.data)
    m_bsp_alert_tmr_data                     0x20001918   Data          32  bsp.o(.data)
    .data                                    0x20001938   Section       32  bsp.o(.data)
    m_bsp_button_tmr_data                    0x20001938   Data          32  bsp.o(.data)
    .data                                    0x20001958   Section       12  nrf_drv_uart.o(.data)
    m_handlers                               0x2000195c   Data           4  nrf_drv_uart.o(.data)
    m_contexts                               0x20001960   Data           4  nrf_drv_uart.o(.data)
    .data                                    0x20001964   Section        8  nrfx_clock.o(.data)
    m_clock_cb                               0x20001964   Data           8  nrfx_clock.o(.data)
    .data                                    0x2000196c   Section        8  nrfx_prs.o(.data)
    m_prs_box_4                              0x2000196c   Data           8  nrfx_prs.o(.data)
    .data                                    0x20001978   Section       24  app_button.o(.data)
    m_button_count                           0x20001978   Data           1  app_button.o(.data)
    mp_buttons                               0x2000197c   Data           4  app_button.o(.data)
    m_detection_delay                        0x20001980   Data           4  app_button.o(.data)
    m_pin_active                             0x20001988   Data           8  app_button.o(.data)
    .data                                    0x20001990   Section       32  app_button.o(.data)
    m_detection_delay_timer_id_data          0x20001990   Data          32  app_button.o(.data)
    .data                                    0x200019b0   Section       32  app_timer2.o(.data)
    m_global_active                          0x200019b0   Data           1  app_timer2.o(.data)
    mp_active_timer                          0x200019b4   Data           4  app_timer2.o(.data)
    m_rtc_inst                               0x200019b8   Data           8  app_timer2.o(.data)
    m_base_counter                           0x200019c0   Data           8  app_timer2.o(.data)
    m_stamp64                                0x200019c8   Data           8  app_timer2.o(.data)
    .data                                    0x200019d0   Section        4  app_timer2.o(.data)
    m_app_timer_sortlist_sortlist_cb         0x200019d0   Data           4  app_timer2.o(.data)
    .data                                    0x200019d4   Section       12  drv_rtc.o(.data)
    m_handlers                               0x200019d4   Data           4  drv_rtc.o(.data)
    m_cb                                     0x200019d8   Data           8  drv_rtc.o(.data)
    .data                                    0x200019e0   Section        8  nrf_pwr_mgmt.o(.data)
    m_pwr_mgmt_evt                           0x200019e0   Data           1  nrf_pwr_mgmt.o(.data)
    m_shutdown_started                       0x200019e1   Data           1  nrf_pwr_mgmt.o(.data)
    m_sysoff_mtx                             0x200019e4   Data           4  nrf_pwr_mgmt.o(.data)
    .data                                    0x200019e8   Section       24  nrf_log_backend_uart.o(.data)
    m_xfer_done                              0x200019e8   Data           1  nrf_log_backend_uart.o(.data)
    m_async_mode                             0x200019e9   Data           1  nrf_log_backend_uart.o(.data)
    .data                                    0x20001a00   Section        8  nrf_log_default_backends.o(.data)
    log_backend_cb_uart_log_backend          0x20001a00   Data           8  nrf_log_default_backends.o(.data)
    .data                                    0x20001a08   Section        4  nrf_log_frontend.o(.data)
    m_buffer_mask                            0x20001a08   Data           4  nrf_log_frontend.o(.data)
    .data                                    0x20001a0c   Section        8  nrf_log_frontend.o(.data)
    log_mempool_nrf_balloc_pool_stack        0x20001a0c   Data           8  nrf_log_frontend.o(.data)
    .data                                    0x20001a14   Section        8  nrf_log_frontend.o(.data)
    log_mempool_nrf_balloc_cb                0x20001a14   Data           8  nrf_log_frontend.o(.data)
    .data                                    0x20001a1c   Section       64  nrf_log_str_formatter.o(.data)
    m_freq                                   0x20001a1c   Data           4  nrf_log_str_formatter.o(.data)
    m_timestamp_div                          0x20001a20   Data           4  nrf_log_str_formatter.o(.data)
    severity_names                           0x20001a24   Data          20  nrf_log_str_formatter.o(.data)
    m_colors                                 0x20001a38   Data          36  nrf_log_str_formatter.o(.data)
    .data                                    0x20001a5c   Section        3  nrf_sdh.o(.data)
    m_nrf_sdh_enabled                        0x20001a5c   Data           1  nrf_sdh.o(.data)
    m_nrf_sdh_suspended                      0x20001a5d   Data           1  nrf_sdh.o(.data)
    m_nrf_sdh_continue                       0x20001a5e   Data           1  nrf_sdh.o(.data)
    .data                                    0x20001a5f   Section        1  nrf_sdh_ble.o(.data)
    m_stack_is_enabled                       0x20001a5f   Data           1  nrf_sdh_ble.o(.data)
    .data                                    0x20001a60   Section        4  system_nrf52.o(.data)
    __tagsym$$used                           0x20001a60   Number         0  system_nrf52.o(.data)
    .bss                                     0x20001a64   Section       24  main.o(.bss)
    m_adv_params                             0x20001a64   Data          24  main.o(.bss)
    .bss                                     0x20001a7c   Section       31  main.o(.bss)
    m_enc_advdata                            0x20001a7c   Data          31  main.o(.bss)
    .bss                                     0x20001a9b   Section       31  main.o(.bss)
    m_enc_srdata                             0x20001a9b   Data          31  main.o(.bss)
    .bss                                     0x20001aba   Section       12  bsp.o(.bss)
    m_events_list                            0x20001aba   Data          12  bsp.o(.bss)
    .bss                                     0x20001ac8   Section       20  nrf_drv_clock.o(.bss)
    m_clock_cb                               0x20001ac8   Data          20  nrf_drv_clock.o(.bss)
    .bss                                     0x20001adc   Section       92  nrfx_gpiote.o(.bss)
    m_cb                                     0x20001adc   Data          92  nrfx_gpiote.o(.bss)
    .bss                                     0x20001b38   Section       44  nrfx_uart.o(.bss)
    m_cb                                     0x20001b38   Data          44  nrfx_uart.o(.bss)
    .bss                                     0x20001b64   Section       36  nrfx_uarte.o(.bss)
    m_cb                                     0x20001b64   Data          36  nrfx_uarte.o(.bss)
    .bss                                     0x20001b88   Section       16  app_button.o(.bss)
    m_pin_states                             0x20001b88   Data          16  app_button.o(.bss)
    .bss                                     0x20001b98   Section       16  app_timer2.o(.bss)
    m_req_fifo_inst                          0x20001b98   Data          16  app_timer2.o(.bss)
    .bss                                     0x20001ba8   Section       88  app_timer2.o(.bss)
    m_req_fifo_data                          0x20001ba8   Data          88  app_timer2.o(.bss)
    .bss                                     0x20001c00   Section       12  app_util_platform.o(.bss)
    .bss                                     0x20001c0c   Section       12  nrf_pwr_mgmt.o(.bss)
    m_handlers_iter                          0x20001c0c   Data          12  nrf_pwr_mgmt.o(.bss)
    .bss                                     0x20001c18   Section       64  nrf_log_backend_uart.o(.bss)
    m_string_buff                            0x20001c18   Data          64  nrf_log_backend_uart.o(.bss)
    .bss                                     0x20001c58   Section      192  nrf_log_frontend.o(.bss)
    log_mempool_nrf_balloc_pool_mem          0x20001c58   Data         192  nrf_log_frontend.o(.bss)
    .bss                                     0x20001d18   Section      128  nrf_log_frontend.o(.bss)
    m_log_push_ringbuf_buf                   0x20001d18   Data         128  nrf_log_frontend.o(.bss)
    .bss                                     0x20001d98   Section       24  nrf_log_frontend.o(.bss)
    m_log_push_ringbuf_cb                    0x20001d98   Data          24  nrf_log_frontend.o(.bss)
    .bss                                     0x20001db0   Section     1056  nrf_log_frontend.o(.bss)
    m_log_data                               0x20001db0   Data        1056  nrf_log_frontend.o(.bss)
    STACK                                    0x200021d0   Section     8192  arm_startup_nrf52.o(STACK)

    Global Symbols

    Symbol Name                              Value     Ov Type        Size  Object(Section)

    BuildAttributes$$THM_ISAv4$E$P$D$K$B$S$7EM$VFPi3$EXTD16$VFPS$VFMA$PE$A:L22UL41UL21$X:L11$S22US41US21$IEEE1$IW$USESV6$~STKCKD$USESV7$~SHL$OSPACE$EBA8$MICROLIB$REQ8$EABIv2 0x00000000   Number         0  anon$$obj.o ABSOLUTE
    __ARM_use_no_argv                        0x00000000   Number         0  main.o ABSOLUTE
    __use_no_errno                           0x00000000   Number         0  useno.o ABSOLUTE
    __use_no_exception_handling              0x00000000   Number         0  useno.o ABSOLUTE
    __use_no_fp                              0x00000000   Number         0  useno.o ABSOLUTE
    __use_no_heap                            0x00000000   Number         0  useno.o ABSOLUTE
    __use_no_heap_region                     0x00000000   Number         0  useno.o ABSOLUTE
    __use_no_semihosting                     0x00000000   Number         0  useno.o ABSOLUTE
    __use_no_semihosting_swi                 0x00000000   Number         0  useno.o ABSOLUTE
    __use_no_signal_handling                 0x00000000   Number         0  useno.o ABSOLUTE
    __cpp_initialize__aeabi_                  - Undefined Weak Reference
    __cxa_finalize                            - Undefined Weak Reference
    _clock_init                               - Undefined Weak Reference
    _microlib_exit                            - Undefined Weak Reference
    log_dynamic_data$$Base                    - Undefined Reference
    pwr_mgmt_data0$$Base                      - Undefined Reference
    pwr_mgmt_data0$$Limit                     - Undefined Reference
    pwr_mgmt_data1$$Base                      - Undefined Reference
    pwr_mgmt_data1$$Limit                     - Undefined Reference
    pwr_mgmt_data2$$Base                      - Undefined Reference
    pwr_mgmt_data2$$Limit                     - Undefined Reference
    sdh_ble_observers0$$Base                  - Undefined Reference
    sdh_ble_observers0$$Limit                 - Undefined Reference
    sdh_ble_observers1$$Base                  - Undefined Reference
    sdh_ble_observers1$$Limit                 - Undefined Reference
    sdh_ble_observers2$$Base                  - Undefined Reference
    sdh_ble_observers2$$Limit                 - Undefined Reference
    sdh_ble_observers3$$Base                  - Undefined Reference
    sdh_ble_observers3$$Limit                 - Undefined Reference
    sdh_req_observers0$$Base                  - Undefined Reference
    sdh_req_observers0$$Limit                 - Undefined Reference
    sdh_req_observers1$$Base                  - Undefined Reference
    sdh_req_observers1$$Limit                 - Undefined Reference
    sdh_soc_observers1$$Base                  - Undefined Reference
    sdh_soc_observers1$$Limit                 - Undefined Reference
    sdh_stack_observers1$$Base                - Undefined Reference
    sdh_stack_observers1$$Limit               - Undefined Reference
    sdh_state_observers1$$Base                - Undefined Reference
    sdh_state_observers1$$Limit               - Undefined Reference
    __Vectors_Size                           0x00000200   Number         0  arm_startup_nrf52.o ABSOLUTE
    __Vectors                                0x00026000   Data           4  arm_startup_nrf52.o(RESET)
    __Vectors_End                            0x00026200   Data           0  arm_startup_nrf52.o(RESET)
    __main                                   0x00026201   Thumb Code     0  entry.o(.ARM.Collect$$$$00000000)
    _main_stk                                0x00026201   Thumb Code     0  entry2.o(.ARM.Collect$$$$00000001)
    _main_scatterload                        0x00026205   Thumb Code     0  entry5.o(.ARM.Collect$$$$00000004)
    __main_after_scatterload                 0x00026209   Thumb Code     0  entry5.o(.ARM.Collect$$$$00000004)
    _main_clock                              0x00026209   Thumb Code     0  entry7b.o(.ARM.Collect$$$$00000008)
    _main_cpp_init                           0x00026209   Thumb Code     0  entry8b.o(.ARM.Collect$$$$0000000A)
    _main_init                               0x00026209   Thumb Code     0  entry9a.o(.ARM.Collect$$$$0000000B)
    __rt_final_cpp                           0x00026211   Thumb Code     0  entry10a.o(.ARM.Collect$$$$0000000D)
    __rt_final_exit                          0x00026211   Thumb Code     0  entry11a.o(.ARM.Collect$$$$0000000F)
    __asm___12_nrf_atfifo_c_51f461e1__nrf_atfifo_wspace_req 0x00026215   Thumb Code    56  nrf_atfifo.o(.emb_text)
    __asm___12_nrf_atfifo_c_51f461e1__nrf_atfifo_wspace_close 0x0002624d   Thumb Code    18  nrf_atfifo.o(.emb_text)
    __asm___12_nrf_atfifo_c_51f461e1__nrf_atfifo_rspace_req 0x0002625f   Thumb Code    58  nrf_atfifo.o(.emb_text)
    __asm___12_nrf_atfifo_c_51f461e1__nrf_atfifo_rspace_close 0x00026299   Thumb Code    18  nrf_atfifo.o(.emb_text)
    __asm___12_nrf_atfifo_c_51f461e1__nrf_atfifo_space_clear 0x000262ab   Thumb Code    50  nrf_atfifo.o(.emb_text)
    __asm___12_nrf_atomic_c_85ca2469__nrf_atomic_internal_mov 0x000262dd   Thumb Code    24  nrf_atomic.o(.emb_text)
    __asm___12_nrf_atomic_c_85ca2469__nrf_atomic_internal_orr 0x000262f5   Thumb Code    26  nrf_atomic.o(.emb_text)
    __asm___12_nrf_atomic_c_85ca2469__nrf_atomic_internal_and 0x0002630f   Thumb Code    26  nrf_atomic.o(.emb_text)
    __asm___12_nrf_atomic_c_85ca2469__nrf_atomic_internal_eor 0x00026329   Thumb Code    26  nrf_atomic.o(.emb_text)
    __asm___12_nrf_atomic_c_85ca2469__nrf_atomic_internal_add 0x00026343   Thumb Code    26  nrf_atomic.o(.emb_text)
    __asm___12_nrf_atomic_c_85ca2469__nrf_atomic_internal_sub 0x0002635d   Thumb Code    26  nrf_atomic.o(.emb_text)
    __asm___12_nrf_atomic_c_85ca2469__nrf_atomic_internal_cmp_exch 0x00026377   Thumb Code    42  nrf_atomic.o(.emb_text)
    __asm___12_nrf_atomic_c_85ca2469__nrf_atomic_internal_sub_hs 0x000263a1   Thumb Code    30  nrf_atomic.o(.emb_text)
    Reset_Handler                            0x000263c1   Thumb Code     8  arm_startup_nrf52.o(.text)
    NMI_Handler                              0x000263c9   Thumb Code     2  arm_startup_nrf52.o(.text)
    HardFault_Handler                        0x000263cb   Thumb Code     2  arm_startup_nrf52.o(.text)
    MemoryManagement_Handler                 0x000263cd   Thumb Code     2  arm_startup_nrf52.o(.text)
    BusFault_Handler                         0x000263cf   Thumb Code     2  arm_startup_nrf52.o(.text)
    UsageFault_Handler                       0x000263d1   Thumb Code     2  arm_startup_nrf52.o(.text)
    SVC_Handler                              0x000263d3   Thumb Code     2  arm_startup_nrf52.o(.text)
    DebugMon_Handler                         0x000263d5   Thumb Code     2  arm_startup_nrf52.o(.text)
    PendSV_Handler                           0x000263d7   Thumb Code     2  arm_startup_nrf52.o(.text)
    SysTick_Handler                          0x000263d9   Thumb Code     2  arm_startup_nrf52.o(.text)
    CCM_AAR_IRQHandler                       0x000263db   Thumb Code     0  arm_startup_nrf52.o(.text)
    COMP_LPCOMP_IRQHandler                   0x000263db   Thumb Code     0  arm_startup_nrf52.o(.text)
    ECB_IRQHandler                           0x000263db   Thumb Code     0  arm_startup_nrf52.o(.text)
    FPU_IRQHandler                           0x000263db   Thumb Code     0  arm_startup_nrf52.o(.text)
    I2S_IRQHandler                           0x000263db   Thumb Code     0  arm_startup_nrf52.o(.text)
    MWU_IRQHandler                           0x000263db   Thumb Code     0  arm_startup_nrf52.o(.text)
    NFCT_IRQHandler                          0x000263db   Thumb Code     0  arm_startup_nrf52.o(.text)
    PDM_IRQHandler                           0x000263db   Thumb Code     0  arm_startup_nrf52.o(.text)
    PWM0_IRQHandler                          0x000263db   Thumb Code     0  arm_startup_nrf52.o(.text)
    PWM1_IRQHandler                          0x000263db   Thumb Code     0  arm_startup_nrf52.o(.text)
    PWM2_IRQHandler                          0x000263db   Thumb Code     0  arm_startup_nrf52.o(.text)
    QDEC_IRQHandler                          0x000263db   Thumb Code     0  arm_startup_nrf52.o(.text)
    RADIO_IRQHandler                         0x000263db   Thumb Code     0  arm_startup_nrf52.o(.text)
    RNG_IRQHandler                           0x000263db   Thumb Code     0  arm_startup_nrf52.o(.text)
    RTC0_IRQHandler                          0x000263db   Thumb Code     0  arm_startup_nrf52.o(.text)
    RTC2_IRQHandler                          0x000263db   Thumb Code     0  arm_startup_nrf52.o(.text)
    SAADC_IRQHandler                         0x000263db   Thumb Code     0  arm_startup_nrf52.o(.text)
    SPIM0_SPIS0_TWIM0_TWIS0_SPI0_TWI0_IRQHandler 0x000263db   Thumb Code     0  arm_startup_nrf52.o(.text)
    SPIM1_SPIS1_TWIM1_TWIS1_SPI1_TWI1_IRQHandler 0x000263db   Thumb Code     0  arm_startup_nrf52.o(.text)
    SPIM2_SPIS2_SPI2_IRQHandler              0x000263db   Thumb Code     0  arm_startup_nrf52.o(.text)
    SWI0_EGU0_IRQHandler                     0x000263db   Thumb Code     0  arm_startup_nrf52.o(.text)
    SWI1_EGU1_IRQHandler                     0x000263db   Thumb Code     0  arm_startup_nrf52.o(.text)
    SWI3_EGU3_IRQHandler                     0x000263db   Thumb Code     0  arm_startup_nrf52.o(.text)
    SWI4_EGU4_IRQHandler                     0x000263db   Thumb Code     0  arm_startup_nrf52.o(.text)
    SWI5_EGU5_IRQHandler                     0x000263db   Thumb Code     0  arm_startup_nrf52.o(.text)
    TEMP_IRQHandler                          0x000263db   Thumb Code     0  arm_startup_nrf52.o(.text)
    TIMER0_IRQHandler                        0x000263db   Thumb Code     0  arm_startup_nrf52.o(.text)
    TIMER1_IRQHandler                        0x000263db   Thumb Code     0  arm_startup_nrf52.o(.text)
    TIMER2_IRQHandler                        0x000263db   Thumb Code     0  arm_startup_nrf52.o(.text)
    TIMER3_IRQHandler                        0x000263db   Thumb Code     0  arm_startup_nrf52.o(.text)
    TIMER4_IRQHandler                        0x000263db   Thumb Code     0  arm_startup_nrf52.o(.text)
    WDT_IRQHandler                           0x000263db   Thumb Code     0  arm_startup_nrf52.o(.text)
    __aeabi_uldivmod                         0x000263e5   Thumb Code    98  uldiv.o(.text)
    __aeabi_llsl                             0x00026447   Thumb Code    30  llshl.o(.text)
    _ll_shift_l                              0x00026447   Thumb Code     0  llshl.o(.text)
    __rt_ctype_table                         0x00026465   Thumb Code     4  ctype_o.o(.text)
    __aeabi_memcpy                           0x0002646d   Thumb Code    36  memcpya.o(.text)
    __aeabi_memcpy4                          0x0002646d   Thumb Code     0  memcpya.o(.text)
    __aeabi_memcpy8                          0x0002646d   Thumb Code     0  memcpya.o(.text)
    __aeabi_memset                           0x00026491   Thumb Code    14  memseta.o(.text)
    __aeabi_memset4                          0x00026491   Thumb Code     0  memseta.o(.text)
    __aeabi_memset8                          0x00026491   Thumb Code     0  memseta.o(.text)
    __aeabi_memclr                           0x0002649f   Thumb Code     4  memseta.o(.text)
    __aeabi_memclr4                          0x0002649f   Thumb Code     0  memseta.o(.text)
    __aeabi_memclr8                          0x0002649f   Thumb Code     0  memseta.o(.text)
    _memset$wrapper                          0x000264a3   Thumb Code    18  memseta.o(.text)
    strlen                                   0x000264b5   Thumb Code    14  strlen.o(.text)
    __aeabi_llsr                             0x000264c3   Thumb Code    32  llushr.o(.text)
    _ll_ushift_r                             0x000264c3   Thumb Code     0  llushr.o(.text)
    __scatterload                            0x000264e5   Thumb Code    28  init.o(.text)
    __scatterload_rt2                        0x000264e5   Thumb Code     0  init.o(.text)
    __decompress                             0x00026509   Thumb Code     0  __dczerorl2.o(.text)
    __decompress1                            0x00026509   Thumb Code    86  __dczerorl2.o(.text)
    GPIOTE_IRQHandler                        0x00026561   Thumb Code   154  nrfx_gpiote.o(i.GPIOTE_IRQHandler)
    POWER_CLOCK_IRQHandler                   0x00026605   Thumb Code    82  nrfx_clock.o(i.POWER_CLOCK_IRQHandler)
    RTC1_IRQHandler                          0x0002665d   Thumb Code    12  drv_rtc.o(i.RTC1_IRQHandler)
    SWI2_EGU2_IRQHandler                     0x0002666d   Thumb Code     4  nrf_sdh.o(i.SWI2_EGU2_IRQHandler)
    SystemInit                               0x00026671   Thumb Code   660  system_nrf52.o(i.SystemInit)
    UARTE0_UART0_IRQHandler                  0x00026949   Thumb Code     6  nrfx_prs.o(i.UARTE0_UART0_IRQHandler)
    __scatterload_copy                       0x00026955   Thumb Code    14  handlers.o(i.__scatterload_copy)
    __scatterload_null                       0x00026963   Thumb Code     2  handlers.o(i.__scatterload_null)
    __scatterload_zeroinit                   0x00026965   Thumb Code    14  handlers.o(i.__scatterload_zeroinit)
    app_button_enable                        0x00026a59   Thumb Code    32  app_button.o(i.app_button_enable)
    app_button_init                          0x00026a7d   Thumb Code   106  app_button.o(i.app_button_init)
    app_error_fault_handler                  0x00026afd   Thumb Code    86  app_error_weak.o(i.app_error_fault_handler)
    app_error_handler_bare                   0x00026b81   Thumb Code    22  app_error.o(i.app_error_handler_bare)
    app_timer_cnt_get                        0x00026b99   Thumb Code     6  app_timer2.o(i.app_timer_cnt_get)
    app_timer_create                         0x00026ba5   Thumb Code    32  app_timer2.o(i.app_timer_create)
    app_timer_init                           0x00026bc5   Thumb Code    70  app_timer2.o(i.app_timer_init)
    app_timer_start                          0x00026c21   Thumb Code    84  app_timer2.o(i.app_timer_start)
    app_timer_stop                           0x00026c75   Thumb Code    68  app_timer2.o(i.app_timer_stop)
    app_util_critical_region_enter           0x00026cb9   Thumb Code    64  app_util_platform.o(i.app_util_critical_region_enter)
    app_util_critical_region_exit            0x00026d01   Thumb Code    46  app_util_platform.o(i.app_util_critical_region_exit)
    ble_advdata_encode                       0x00026e45   Thumb Code   386  ble_advdata.o(i.ble_advdata_encode)
    bsp_board_init                           0x00027029   Thumb Code    80  boards.o(i.bsp_board_init)
    bsp_board_led_invert                     0x0002707d   Thumb Code    32  boards.o(i.bsp_board_led_invert)
    bsp_board_led_off                        0x000270a1   Thumb Code    10  boards.o(i.bsp_board_led_off)
    bsp_board_led_on                         0x000270b1   Thumb Code    10  boards.o(i.bsp_board_led_on)
    bsp_board_led_state_get                  0x000270c1   Thumb Code    28  boards.o(i.bsp_board_led_state_get)
    bsp_board_leds_off                       0x000270e1   Thumb Code    18  boards.o(i.bsp_board_leds_off)
    bsp_board_leds_on                        0x000270f3   Thumb Code    18  boards.o(i.bsp_board_leds_on)
    bsp_board_pin_to_button_idx              0x00027105   Thumb Code    30  boards.o(i.bsp_board_pin_to_button_idx)
    bsp_event_to_button_action_assign        0x000271b9   Thumb Code    64  bsp.o(i.bsp_event_to_button_action_assign)
    bsp_indication_set                       0x000271fd   Thumb Code    20  bsp.o(i.bsp_indication_set)
    bsp_init                                 0x00027215   Thumb Code   128  bsp.o(i.bsp_init)
    buffer_is_empty                          0x00027535   Thumb Code    18  nrf_log_frontend.o(i.buffer_is_empty)
    drv_rtc_compare_disable                  0x00027731   Thumb Code    20  drv_rtc.o(i.drv_rtc_compare_disable)
    drv_rtc_compare_pending                  0x00027745   Thumb Code    14  drv_rtc.o(i.drv_rtc_compare_pending)
    drv_rtc_compare_set                      0x00027753   Thumb Code    80  drv_rtc.o(i.drv_rtc_compare_set)
    drv_rtc_counter_get                      0x000277a3   Thumb Code     8  drv_rtc.o(i.drv_rtc_counter_get)
    drv_rtc_init                             0x000277ad   Thumb Code   148  drv_rtc.o(i.drv_rtc_init)
    drv_rtc_irq_trigger                      0x00027885   Thumb Code    30  drv_rtc.o(i.drv_rtc_irq_trigger)
    drv_rtc_overflow_enable                  0x000278a3   Thumb Code     8  drv_rtc.o(i.drv_rtc_overflow_enable)
    drv_rtc_overflow_pending                 0x000278ab   Thumb Code     8  drv_rtc.o(i.drv_rtc_overflow_pending)
    drv_rtc_start                            0x000278b3   Thumb Code     8  drv_rtc.o(i.drv_rtc_start)
    drv_rtc_stop                             0x000278bb   Thumb Code     8  drv_rtc.o(i.drv_rtc_stop)
    drv_rtc_windowed_compare_set             0x000278c3   Thumb Code   222  drv_rtc.o(i.drv_rtc_windowed_compare_set)
    evt_handle                               0x000279b5   Thumb Code   216  app_button.o(i.evt_handle)
    log_pending_hook                         0x00027cc1   Thumb Code     2  nrf_log_frontend.o(i.log_pending_hook)
    main                                     0x00027d69   Thumb Code   160  main.o(i.main)
    nrf_atfifo_init                          0x00027fe7   Thumb Code    38  nrf_atfifo.o(i.nrf_atfifo_init)
    nrf_atfifo_item_alloc                    0x0002800d   Thumb Code    22  nrf_atfifo.o(i.nrf_atfifo_item_alloc)
    nrf_atfifo_item_free                     0x00028023   Thumb Code    22  nrf_atfifo.o(i.nrf_atfifo_item_free)
    nrf_atfifo_item_get                      0x00028039   Thumb Code    22  nrf_atfifo.o(i.nrf_atfifo_item_get)
    nrf_atfifo_item_put                      0x0002804f   Thumb Code    22  nrf_atfifo.o(i.nrf_atfifo_item_put)
    nrf_atomic_flag_clear_fetch              0x00028065   Thumb Code     6  nrf_atomic.o(i.nrf_atomic_flag_clear_fetch)
    nrf_atomic_flag_set                      0x0002806b   Thumb Code     6  nrf_atomic.o(i.nrf_atomic_flag_set)
    nrf_atomic_u32_add                       0x00028071   Thumb Code    12  nrf_atomic.o(i.nrf_atomic_u32_add)
    nrf_atomic_u32_fetch_and                 0x0002807d   Thumb Code    10  nrf_atomic.o(i.nrf_atomic_u32_fetch_and)
    nrf_atomic_u32_fetch_store               0x00028087   Thumb Code    10  nrf_atomic.o(i.nrf_atomic_u32_fetch_store)
    nrf_atomic_u32_or                        0x00028091   Thumb Code    12  nrf_atomic.o(i.nrf_atomic_u32_or)
    nrf_atomic_u32_sub                       0x0002809d   Thumb Code    12  nrf_atomic.o(i.nrf_atomic_u32_sub)
    nrf_balloc_alloc                         0x000280a9   Thumb Code    68  nrf_balloc.o(i.nrf_balloc_alloc)
    nrf_balloc_free                          0x000280ed   Thumb Code    48  nrf_balloc.o(i.nrf_balloc_free)
    nrf_balloc_init                          0x0002811d   Thumb Code    48  nrf_balloc.o(i.nrf_balloc_init)
    nrf_drv_clock_init                       0x0002817d   Thumb Code    56  nrf_drv_clock.o(i.nrf_drv_clock_init)
    nrf_drv_clock_lfclk_release              0x000281bd   Thumb Code    48  nrf_drv_clock.o(i.nrf_drv_clock_lfclk_release)
    nrf_drv_uart_init                        0x000281f1   Thumb Code    90  nrf_drv_uart.o(i.nrf_drv_uart_init)
    nrf_fprintf                              0x00028259   Thumb Code    26  nrf_fprintf.o(i.nrf_fprintf)
    nrf_fprintf_buffer_flush                 0x00028273   Thumb Code    24  nrf_fprintf.o(i.nrf_fprintf_buffer_flush)
    nrf_fprintf_fmt                          0x0002828b   Thumb Code   474  nrf_fprintf_format.o(i.nrf_fprintf_fmt)
    nrf_log_backend_add                      0x0002860d   Thumb Code    86  nrf_log_frontend.o(i.nrf_log_backend_add)
    nrf_log_backend_serial_put               0x00028669   Thumb Code   200  nrf_log_backend_serial.o(i.nrf_log_backend_serial_put)
    nrf_log_backend_uart_init                0x00028733   Thumb Code     6  nrf_log_backend_uart.o(i.nrf_log_backend_uart_init)
    nrf_log_color_id_get                     0x0002877d   Thumb Code    42  nrf_log_frontend.o(i.nrf_log_color_id_get)
    nrf_log_default_backends_init            0x000287ad   Thumb Code    24  nrf_log_default_backends.o(i.nrf_log_default_backends_init)
    nrf_log_frontend_dequeue                 0x000287c9   Thumb Code   528  nrf_log_frontend.o(i.nrf_log_frontend_dequeue)
    nrf_log_frontend_std_0                   0x00028a01   Thumb Code     8  nrf_log_frontend.o(i.nrf_log_frontend_std_0)
    nrf_log_frontend_std_1                   0x00028a09   Thumb Code    14  nrf_log_frontend.o(i.nrf_log_frontend_std_1)
    nrf_log_frontend_std_2                   0x00028a17   Thumb Code    16  nrf_log_frontend.o(i.nrf_log_frontend_std_2)
    nrf_log_hexdump_entry_process            0x00028a29   Thumb Code   150  nrf_log_str_formatter.o(i.nrf_log_hexdump_entry_process)
    nrf_log_init                             0x00028ad9   Thumb Code    28  nrf_log_frontend.o(i.nrf_log_init)
    nrf_log_module_cnt_get                   0x00028b01   Thumb Code    10  nrf_log_frontend.o(i.nrf_log_module_cnt_get)
    nrf_log_module_name_get                  0x00028b15   Thumb Code    24  nrf_log_frontend.o(i.nrf_log_module_name_get)
    nrf_log_panic                            0x00028b31   Thumb Code    36  nrf_log_frontend.o(i.nrf_log_panic)
    nrf_log_std_entry_process                0x00028b59   Thumb Code   182  nrf_log_str_formatter.o(i.nrf_log_std_entry_process)
    nrf_memobj_alloc                         0x00028c0f   Thumb Code    96  nrf_memobj.o(i.nrf_memobj_alloc)
    nrf_memobj_free                          0x00028c6f   Thumb Code    50  nrf_memobj.o(i.nrf_memobj_free)
    nrf_memobj_get                           0x00028ca1   Thumb Code     8  nrf_memobj.o(i.nrf_memobj_get)
    nrf_memobj_pool_init                     0x00028ca9   Thumb Code     4  nrf_memobj.o(i.nrf_memobj_pool_init)
    nrf_memobj_put                           0x00028cad   Thumb Code    30  nrf_memobj.o(i.nrf_memobj_put)
    nrf_memobj_read                          0x00028ccb   Thumb Code    16  nrf_memobj.o(i.nrf_memobj_read)
    nrf_memobj_write                         0x00028cdb   Thumb Code    16  nrf_memobj.o(i.nrf_memobj_write)
    nrf_pwr_mgmt_init                        0x00028ced   Thumb Code    28  nrf_pwr_mgmt.o(i.nrf_pwr_mgmt_init)
    nrf_pwr_mgmt_run                         0x00028d15   Thumb Code    64  nrf_pwr_mgmt.o(i.nrf_pwr_mgmt_run)
    nrf_ringbuf_init                         0x00028d59   Thumb Code    28  nrf_ringbuf.o(i.nrf_ringbuf_init)
    nrf_sdh_ble_app_ram_start_get            0x00028d81   Thumb Code    16  nrf_sdh_ble.o(i.nrf_sdh_ble_app_ram_start_get)
    nrf_sdh_ble_default_cfg_set              0x00028d95   Thumb Code   224  nrf_sdh_ble.o(i.nrf_sdh_ble_default_cfg_set)
    nrf_sdh_ble_enable                       0x00028e91   Thumb Code   116  nrf_sdh_ble.o(i.nrf_sdh_ble_enable)
    nrf_sdh_enable_request                   0x0002901d   Thumb Code   102  nrf_sdh.o(i.nrf_sdh_enable_request)
    nrf_sdh_evts_poll                        0x00029091   Thumb Code    32  nrf_sdh.o(i.nrf_sdh_evts_poll)
    nrf_sdh_is_enabled                       0x000290b5   Thumb Code     6  nrf_sdh.o(i.nrf_sdh_is_enabled)
    nrf_section_iter_init                    0x000290fd   Thumb Code    10  nrf_section_iter.o(i.nrf_section_iter_init)
    nrf_section_iter_next                    0x0002912b   Thumb Code    32  nrf_section_iter.o(i.nrf_section_iter_next)
    nrf_sortlist_add                         0x0002914b   Thumb Code    34  nrf_sortlist.o(i.nrf_sortlist_add)
    nrf_sortlist_peek                        0x0002916d   Thumb Code     6  nrf_sortlist.o(i.nrf_sortlist_peek)
    nrf_sortlist_pop                         0x00029173   Thumb Code    14  nrf_sortlist.o(i.nrf_sortlist_pop)
    nrf_sortlist_remove                      0x00029181   Thumb Code    30  nrf_sortlist.o(i.nrf_sortlist_remove)
    nrf_strerror_find                        0x000291a1   Thumb Code    52  nrf_strerror.o(i.nrf_strerror_find)
    nrf_strerror_get                         0x000291d9   Thumb Code    14  nrf_strerror.o(i.nrf_strerror_get)
    nrfx_clock_enable                        0x00029235   Thumb Code    34  nrfx_clock.o(i.nrfx_clock_enable)
    nrfx_clock_init                          0x00029261   Thumb Code    26  nrfx_clock.o(i.nrfx_clock_init)
    nrfx_clock_lfclk_stop                    0x00029281   Thumb Code    38  nrfx_clock.o(i.nrfx_clock_lfclk_stop)
    nrfx_gpiote_in_event_enable              0x000292c1   Thumb Code   152  nrfx_gpiote.o(i.nrfx_gpiote_in_event_enable)
    nrfx_gpiote_in_init                      0x00029361   Thumb Code   190  nrfx_gpiote.o(i.nrfx_gpiote_in_init)
    nrfx_gpiote_in_is_set                    0x0002942d   Thumb Code    20  nrfx_gpiote.o(i.nrfx_gpiote_in_is_set)
    nrfx_gpiote_init                         0x00029441   Thumb Code   102  nrfx_gpiote.o(i.nrfx_gpiote_init)
    nrfx_gpiote_is_init                      0x000294b5   Thumb Code    14  nrfx_gpiote.o(i.nrfx_gpiote_is_init)
    nrfx_prs_acquire                         0x000294d9   Thumb Code    58  nrfx_prs.o(i.nrfx_prs_acquire)
    nrfx_prs_release                         0x00029513   Thumb Code    18  nrfx_prs.o(i.nrfx_prs_release)
    nrfx_uart_0_irq_handler                  0x00029525   Thumb Code     8  nrfx_uart.o(i.nrfx_uart_0_irq_handler)
    nrfx_uart_init                           0x00029535   Thumb Code   200  nrfx_uart.o(i.nrfx_uart_init)
    nrfx_uart_tx                             0x00029609   Thumb Code   162  nrfx_uart.o(i.nrfx_uart_tx)
    nrfx_uart_tx_in_progress                 0x000296b1   Thumb Code    26  nrfx_uart.o(i.nrfx_uart_tx_in_progress)
    nrfx_uart_uninit                         0x000296d1   Thumb Code   182  nrfx_uart.o(i.nrfx_uart_uninit)
    nrfx_uarte_0_irq_handler                 0x00029791   Thumb Code     8  nrfx_uarte.o(i.nrfx_uarte_0_irq_handler)
    nrfx_uarte_init                          0x000297a1   Thumb Code   100  nrfx_uarte.o(i.nrfx_uarte_init)
    nrfx_uarte_tx                            0x0002980d   Thumb Code   166  nrfx_uarte.o(i.nrfx_uarte_tx)
    nrfx_uarte_tx_in_progress                0x000298b9   Thumb Code    22  nrfx_uarte.o(i.nrfx_uarte_tx_in_progress)
    nrfx_uarte_uninit                        0x000298d5   Thumb Code   254  nrfx_uarte.o(i.nrfx_uarte_uninit)
    nvmc_config                              0x000299dd   Thumb Code    14  system_nrf52.o(i.nvmc_config)
    nrf_log_backend_uart_api                 0x0002a8a8   Data          12  nrf_log_backend_uart.o(.constdata)
    m_ram_start                              0x0002a958   Data           4  nrf_sdh_ble.o(.constdata)
    __ctype_table                            0x0002a984   Data         129  ctype_o.o(.constdata)
    Region$$Table$$Base                      0x0002b07c   Number         0  anon$$obj.o(Region$$Table)
    Region$$Table$$Limit                     0x0002b09c   Number         0  anon$$obj.o(Region$$Table)
    log_const_data$$Base                     0x0002b0ac   Number         0  nrf_drv_clock.o(log_const_data)
    m_nrf_log_clock_logs_data_const          0x0002b0ac   Data           8  nrf_drv_clock.o(log_const_data)
    m_nrf_log_CLOCK_logs_data_const          0x0002b0b4   Data           8  nrfx_clock.o(log_const_data)
    m_nrf_log_GPIOTE_logs_data_const         0x0002b0bc   Data           8  nrfx_gpiote.o(log_const_data)
    m_nrf_log_PRS_logs_data_const            0x0002b0c4   Data           8  nrfx_prs.o(log_const_data)
    m_nrf_log_UART_logs_data_const           0x0002b0cc   Data           8  nrfx_uart.o(log_const_data)
    m_nrf_log_UARTE_logs_data_const          0x0002b0d4   Data           8  nrfx_uarte.o(log_const_data)
    m_nrf_log_app_button_logs_data_const     0x0002b0dc   Data           8  app_button.o(log_const_data)
    m_nrf_log_app_timer_logs_data_const      0x0002b0e4   Data           8  app_timer2.o(log_const_data)
    m_nrf_log_pwr_mgmt_logs_data_const       0x0002b0ec   Data           8  nrf_pwr_mgmt.o(log_const_data)
    m_nrf_log_sortlist_logs_data_const       0x0002b0f4   Data           8  nrf_sortlist.o(log_const_data)
    m_nrf_log_app_logs_data_const            0x0002b0fc   Data           8  nrf_log_frontend.o(log_const_data)
    m_nrf_log_nrf_sdh_logs_data_const        0x0002b104   Data           8  nrf_sdh.o(log_const_data)
    m_nrf_log_nrf_sdh_ble_logs_data_const    0x0002b10c   Data           8  nrf_sdh_ble.o(log_const_data)
    m_nrf_log_nrf_sdh_soc_logs_data_const    0x0002b114   Data           8  nrf_sdh_soc.o(log_const_data)
    log_const_data$$Limit                    0x0002b11c   Number         0  nrf_sdh_soc.o(log_const_data)
    log_mempool                              0x0002b11c   Data          20  nrf_log_frontend.o(nrf_balloc)
    sdh_soc_observers0$$Base                 0x0002b130   Number         0  nrf_drv_clock.o(sdh_soc_observers0)
    sdh_soc_observers0$$Limit                0x0002b138   Number         0  nrf_drv_clock.o(sdh_soc_observers0)
    sdh_stack_observers0$$Base               0x0002b138   Number         0  nrf_sdh_ble.o(sdh_stack_observers0)
    sdh_stack_observers0$$Limit              0x0002b148   Number         0  nrf_sdh_soc.o(sdh_stack_observers0)
    sdh_state_observers0$$Base               0x0002b148   Number         0  nrf_drv_clock.o(sdh_state_observers0)
    sdh_state_observers0$$Limit              0x0002b150   Number         0  nrf_drv_clock.o(sdh_state_observers0)
    Image$$RW_IRAM1$$Base                    0x200018c8   Number         0  anon$$obj.o ABSOLUTE
    nrf_drv_uart_use_easy_dma                0x20001958   Data           1  nrf_drv_uart.o(.data)
    m_uart                                   0x200019ec   Data          20  nrf_log_backend_uart.o(.data)
    SystemCoreClock                          0x20001a60   Data           4  system_nrf52.o(.data)
    nrf_nvic_state                           0x20001c00   Data          12  app_util_platform.o(.bss)
    __initial_sp                             0x200041d0   Data           0  arm_startup_nrf52.o(STACK)



==============================================================================

Memory Map of the image

  Image Entry point : 0x00026201

  Load Region LR_IROM1 (Base: 0x00026000, Size: 0x000052ec, Max: 0x0005a000, ABSOLUTE, COMPRESSED[0x000051b8])

    Execution Region ER_IROM1 (Exec base: 0x00026000, Load base: 0x00026000, Size: 0x00005150, Max: 0x0005a000, ABSOLUTE)

    Exec Addr    Load Addr    Size         Type   Attr      Idx    E Section Name        Object

    0x00026000   0x00026000   0x00000200   Data   RO         4486    RESET               arm_startup_nrf52.o
    0x00026200   0x00026200   0x00000000   Code   RO         4555  * .ARM.Collect$$$$00000000  mc_w.l(entry.o)
    0x00026200   0x00026200   0x00000004   Code   RO         4609    .ARM.Collect$$$$00000001  mc_w.l(entry2.o)
    0x00026204   0x00026204   0x00000004   Code   RO         4612    .ARM.Collect$$$$00000004  mc_w.l(entry5.o)
    0x00026208   0x00026208   0x00000000   Code   RO         4614    .ARM.Collect$$$$00000008  mc_w.l(entry7b.o)
    0x00026208   0x00026208   0x00000000   Code   RO         4616    .ARM.Collect$$$$0000000A  mc_w.l(entry8b.o)
    0x00026208   0x00026208   0x00000008   Code   RO         4617    .ARM.Collect$$$$0000000B  mc_w.l(entry9a.o)
    0x00026210   0x00026210   0x00000000   Code   RO         4619    .ARM.Collect$$$$0000000D  mc_w.l(entry10a.o)
    0x00026210   0x00026210   0x00000000   Code   RO         4621    .ARM.Collect$$$$0000000F  mc_w.l(entry11a.o)
    0x00026210   0x00026210   0x00000004   Code   RO         4610    .ARM.Collect$$$$00002712  mc_w.l(entry2.o)
    0x00026214   0x00026214   0x000000c8   Code   RO         2828    .emb_text           nrf_atfifo.o
    0x000262dc   0x000262dc   0x000000e2   Code   RO         2898    .emb_text           nrf_atomic.o
    0x000263be   0x000263be   0x00000002   PAD
    0x000263c0   0x000263c0   0x00000024   Code   RO         4487    .text               arm_startup_nrf52.o
    0x000263e4   0x000263e4   0x00000062   Code   RO         4563    .text               mc_w.l(uldiv.o)
    0x00026446   0x00026446   0x0000001e   Code   RO         4565    .text               mc_w.l(llshl.o)
    0x00026464   0x00026464   0x00000008   Code   RO         4567    .text               mc_w.l(ctype_o.o)
    0x0002646c   0x0002646c   0x00000024   Code   RO         4595    .text               mc_w.l(memcpya.o)
    0x00026490   0x00026490   0x00000024   Code   RO         4597    .text               mc_w.l(memseta.o)
    0x000264b4   0x000264b4   0x0000000e   Code   RO         4599    .text               mc_w.l(strlen.o)
    0x000264c2   0x000264c2   0x00000020   Code   RO         4624    .text               mc_w.l(llushr.o)
    0x000264e2   0x000264e2   0x00000002   PAD
    0x000264e4   0x000264e4   0x00000024   Code   RO         4627    .text               mc_w.l(init.o)
    0x00026508   0x00026508   0x00000056   Code   RO         4637    .text               mc_w.l(__dczerorl2.o)
    0x0002655e   0x0002655e   0x00000002   PAD
    0x00026560   0x00026560   0x000000a4   Code   RO         1408    i.GPIOTE_IRQHandler  nrfx_gpiote.o
    0x00026604   0x00026604   0x00000058   Code   RO         1269    i.POWER_CLOCK_IRQHandler  nrfx_clock.o
    0x0002665c   0x0002665c   0x00000010   Code   RO         2614    i.RTC1_IRQHandler   drv_rtc.o
    0x0002666c   0x0002666c   0x00000004   Code   RO         4274    i.SWI2_EGU2_IRQHandler  nrf_sdh.o
    0x00026670   0x00026670   0x000002d8   Code   RO         4495    i.SystemInit        system_nrf52.o
    0x00026948   0x00026948   0x0000000c   Code   RO         1713    i.UARTE0_UART0_IRQHandler  nrfx_prs.o
    0x00026954   0x00026954   0x0000000e   Code   RO         4631    i.__scatterload_copy  mc_w.l(handlers.o)
    0x00026962   0x00026962   0x00000002   Code   RO         4632    i.__scatterload_null  mc_w.l(handlers.o)
    0x00026964   0x00026964   0x0000000e   Code   RO         4633    i.__scatterload_zeroinit  mc_w.l(handlers.o)
    0x00026972   0x00026972   0x00000002   PAD
    0x00026974   0x00026974   0x00000024   Code   RO         4275    i.__sd_nvic_app_accessible_irq  nrf_sdh.o
    0x00026998   0x00026998   0x000000b8   Code   RO            4    i.advertising_init  main.o
    0x00026a50   0x00026a50   0x00000006   Code   RO          493    i.alert_timer_handler  bsp.o
    0x00026a56   0x00026a56   0x00000002   PAD
    0x00026a58   0x00026a58   0x00000024   Code   RO         2116    i.app_button_enable  app_button.o
    0x00026a7c   0x00026a7c   0x00000080   Code   RO         2117    i.app_button_init   app_button.o
    0x00026afc   0x00026afc   0x00000084   Code   RO         2284    i.app_error_fault_handler  app_error_weak.o
    0x00026b80   0x00026b80   0x00000016   Code   RO         2224    i.app_error_handler_bare  app_error.o
    0x00026b96   0x00026b96   0x00000002   PAD
    0x00026b98   0x00026b98   0x0000000c   Code   RO         2405    i.app_timer_cnt_get  app_timer2.o
    0x00026ba4   0x00026ba4   0x00000020   Code   RO         2406    i.app_timer_create  app_timer2.o
    0x00026bc4   0x00026bc4   0x0000005c   Code   RO         2407    i.app_timer_init    app_timer2.o
    0x00026c20   0x00026c20   0x00000054   Code   RO         2410    i.app_timer_start   app_timer2.o
    0x00026c74   0x00026c74   0x00000044   Code   RO         2411    i.app_timer_stop    app_timer2.o
    0x00026cb8   0x00026cb8   0x00000048   Code   RO         2546    i.app_util_critical_region_enter  app_util_platform.o
    0x00026d00   0x00026d00   0x00000034   Code   RO         2547    i.app_util_critical_region_exit  app_util_platform.o
    0x00026d34   0x00026d34   0x00000088   Code   RO         1767    i.apply_config      nrfx_uart.o
    0x00026dbc   0x00026dbc   0x00000088   Code   RO         1955    i.apply_config      nrfx_uarte.o
    0x00026e44   0x00026e44   0x00000182   Code   RO          687    i.ble_advdata_encode  ble_advdata.o
    0x00026fc6   0x00026fc6   0x00000060   Code   RO          693    i.ble_device_addr_encode  ble_advdata.o
    0x00027026   0x00027026   0x00000002   PAD
    0x00027028   0x00027028   0x00000054   Code   RO          306    i.bsp_board_init    boards.o
    0x0002707c   0x0002707c   0x00000024   Code   RO          308    i.bsp_board_led_invert  boards.o
    0x000270a0   0x000270a0   0x00000010   Code   RO          309    i.bsp_board_led_off  boards.o
    0x000270b0   0x000270b0   0x00000010   Code   RO          310    i.bsp_board_led_on  boards.o
    0x000270c0   0x000270c0   0x00000020   Code   RO          311    i.bsp_board_led_state_get  boards.o
    0x000270e0   0x000270e0   0x00000012   Code   RO          312    i.bsp_board_leds_off  boards.o
    0x000270f2   0x000270f2   0x00000012   Code   RO          313    i.bsp_board_leds_on  boards.o
    0x00027104   0x00027104   0x00000024   Code   RO          314    i.bsp_board_pin_to_button_idx  boards.o
    0x00027128   0x00027128   0x00000090   Code   RO          494    i.bsp_button_event_handler  bsp.o
    0x000271b8   0x000271b8   0x00000044   Code   RO          498    i.bsp_event_to_button_action_assign  bsp.o
    0x000271fc   0x000271fc   0x00000018   Code   RO          499    i.bsp_indication_set  bsp.o
    0x00027214   0x00027214   0x00000094   Code   RO          500    i.bsp_init          bsp.o
    0x000272a8   0x000272a8   0x000001c8   Code   RO          501    i.bsp_led_indication  bsp.o
    0x00027470   0x00027470   0x00000094   Code   RO         3667    i.buf_prealloc      nrf_log_frontend.o
    0x00027504   0x00027504   0x0000002e   Code   RO         3113    i.buffer_add        nrf_fprintf_format.o
    0x00027532   0x00027532   0x00000002   PAD
    0x00027534   0x00027534   0x00000018   Code   RO         3668    i.buffer_is_empty   nrf_log_frontend.o
    0x0002754c   0x0002754c   0x00000028   Code   RO         2119    i.button_get        app_button.o
    0x00027574   0x00027574   0x00000008   Code   RO          504    i.button_timer_handler  bsp.o
    0x0002757c   0x0002757c   0x0000001c   Code   RO         1409    i.channel_free      nrfx_gpiote.o
    0x00027598   0x00027598   0x00000048   Code   RO         1410    i.channel_port_alloc  nrfx_gpiote.o
    0x000275e0   0x000275e0   0x00000010   Code   RO         1411    i.channel_port_get  nrfx_gpiote.o
    0x000275f0   0x000275f0   0x00000028   Code   RO          909    i.clock_clk_started_notify  nrf_drv_clock.o
    0x00027618   0x00027618   0x0000001c   Code   RO          910    i.clock_irq_handler  nrf_drv_clock.o
    0x00027634   0x00027634   0x00000018   Code   RO         2413    i.compare_func      app_timer2.o
    0x0002764c   0x0002764c   0x00000088   Code   RO          694    i.conn_int_encode   ble_advdata.o
    0x000276d4   0x000276d4   0x00000048   Code   RO         2120    i.detection_delay_timeout_handler  app_button.o
    0x0002771c   0x0002771c   0x00000014   Code   RO         3669    i.dropped_sat16_get  nrf_log_frontend.o
    0x00027730   0x00027730   0x00000014   Code   RO         2615    i.drv_rtc_compare_disable  drv_rtc.o
    0x00027744   0x00027744   0x0000000e   Code   RO         2618    i.drv_rtc_compare_pending  drv_rtc.o
    0x00027752   0x00027752   0x00000050   Code   RO         2619    i.drv_rtc_compare_set  drv_rtc.o
    0x000277a2   0x000277a2   0x00000008   Code   RO         2620    i.drv_rtc_counter_get  drv_rtc.o
    0x000277aa   0x000277aa   0x00000002   PAD
    0x000277ac   0x000277ac   0x000000d8   Code   RO         2621    i.drv_rtc_init      drv_rtc.o
    0x00027884   0x00027884   0x0000001e   Code   RO         2622    i.drv_rtc_irq_trigger  drv_rtc.o
    0x000278a2   0x000278a2   0x00000008   Code   RO         2624    i.drv_rtc_overflow_enable  drv_rtc.o
    0x000278aa   0x000278aa   0x00000008   Code   RO         2625    i.drv_rtc_overflow_pending  drv_rtc.o
    0x000278b2   0x000278b2   0x00000008   Code   RO         2626    i.drv_rtc_start     drv_rtc.o
    0x000278ba   0x000278ba   0x00000008   Code   RO         2627    i.drv_rtc_stop      drv_rtc.o
    0x000278c2   0x000278c2   0x000000de   Code   RO         2632    i.drv_rtc_windowed_compare_set  drv_rtc.o
    0x000279a0   0x000279a0   0x00000012   Code   RO         2633    i.evt_enable        drv_rtc.o
    0x000279b2   0x000279b2   0x00000002   PAD
    0x000279b4   0x000279b4   0x000000e0   Code   RO         2121    i.evt_handle        app_button.o
    0x00027a94   0x00027a94   0x00000014   Code   RO         2634    i.evt_pending       drv_rtc.o
    0x00027aa8   0x00027aa8   0x00000034   Code   RO         2414    i.get_now           app_timer2.o
    0x00027adc   0x00027adc   0x0000003c   Code   RO         2122    i.gpiote_event_handler  app_button.o
    0x00027b18   0x00027b18   0x000000a6   Code   RO         3114    i.int_print         nrf_fprintf_format.o
    0x00027bbe   0x00027bbe   0x00000002   PAD
    0x00027bc0   0x00027bc0   0x00000088   Code   RO         1956    i.interrupts_enable  nrfx_uarte.o
    0x00027c48   0x00027c48   0x00000034   Code   RO         3670    i.invalid_packets_omit  nrf_log_frontend.o
    0x00027c7c   0x00027c7c   0x00000030   Code   RO          505    i.leds_off          bsp.o
    0x00027cac   0x00027cac   0x00000014   Code   RO          506    i.leds_timer_handler  bsp.o
    0x00027cc0   0x00027cc0   0x00000002   Code   RO         3671    i.log_pending_hook  nrf_log_frontend.o
    0x00027cc2   0x00027cc2   0x00000002   PAD
    0x00027cc4   0x00027cc4   0x000000a4   Code   RO         3672    i.log_skip          nrf_log_frontend.o
    0x00027d68   0x00027d68   0x000000c4   Code   RO            6    i.main              main.o
    0x00027e2c   0x00027e2c   0x00000064   Code   RO          695    i.manuf_specific_data_encode  ble_advdata.o
    0x00027e90   0x00027e90   0x0000007e   Code   RO         3153    i.memobj_op         nrf_memobj.o
    0x00027f0e   0x00027f0e   0x00000002   PAD
    0x00027f10   0x00027f10   0x00000030   Code   RO         3673    i.module_idx_get    nrf_log_frontend.o
    0x00027f40   0x00027f40   0x000000a6   Code   RO          696    i.name_encode       ble_advdata.o
    0x00027fe6   0x00027fe6   0x00000026   Code   RO         2832    i.nrf_atfifo_init   nrf_atfifo.o
    0x0002800c   0x0002800c   0x00000016   Code   RO         2833    i.nrf_atfifo_item_alloc  nrf_atfifo.o
    0x00028022   0x00028022   0x00000016   Code   RO         2834    i.nrf_atfifo_item_free  nrf_atfifo.o
    0x00028038   0x00028038   0x00000016   Code   RO         2835    i.nrf_atfifo_item_get  nrf_atfifo.o
    0x0002804e   0x0002804e   0x00000016   Code   RO         2836    i.nrf_atfifo_item_put  nrf_atfifo.o
    0x00028064   0x00028064   0x00000006   Code   RO         2900    i.nrf_atomic_flag_clear_fetch  nrf_atomic.o
    0x0002806a   0x0002806a   0x00000006   Code   RO         2901    i.nrf_atomic_flag_set  nrf_atomic.o
    0x00028070   0x00028070   0x0000000c   Code   RO         2903    i.nrf_atomic_u32_add  nrf_atomic.o
    0x0002807c   0x0002807c   0x0000000a   Code   RO         2907    i.nrf_atomic_u32_fetch_and  nrf_atomic.o
    0x00028086   0x00028086   0x0000000a   Code   RO         2909    i.nrf_atomic_u32_fetch_store  nrf_atomic.o
    0x00028090   0x00028090   0x0000000c   Code   RO         2913    i.nrf_atomic_u32_or  nrf_atomic.o
    0x0002809c   0x0002809c   0x0000000c   Code   RO         2915    i.nrf_atomic_u32_sub  nrf_atomic.o
    0x000280a8   0x000280a8   0x00000044   Code   RO         3037    i.nrf_balloc_alloc  nrf_balloc.o
    0x000280ec   0x000280ec   0x00000030   Code   RO         3038    i.nrf_balloc_free   nrf_balloc.o
    0x0002811c   0x0002811c   0x00000030   Code   RO         3039    i.nrf_balloc_init   nrf_balloc.o
    0x0002814c   0x0002814c   0x00000010   Code   RO         1412    i.nrf_bitmask_bit_is_set  nrfx_gpiote.o
    0x0002815c   0x0002815c   0x0000000e   Code   RO         1270    i.nrf_clock_event_check  nrfx_clock.o
    0x0002816a   0x0002816a   0x00000010   Code   RO         1271    i.nrf_clock_event_clear  nrfx_clock.o
    0x0002817a   0x0002817a   0x00000002   PAD
    0x0002817c   0x0002817c   0x00000040   Code   RO          917    i.nrf_drv_clock_init  nrf_drv_clock.o
    0x000281bc   0x000281bc   0x00000034   Code   RO          921    i.nrf_drv_clock_lfclk_release  nrf_drv_clock.o
    0x000281f0   0x000281f0   0x00000068   Code   RO         1078    i.nrf_drv_uart_init  nrf_drv_uart.o
    0x00028258   0x00028258   0x0000001a   Code   RO         3074    i.nrf_fprintf       nrf_fprintf.o
    0x00028272   0x00028272   0x00000018   Code   RO         3075    i.nrf_fprintf_buffer_flush  nrf_fprintf.o
    0x0002828a   0x0002828a   0x000001da   Code   RO         3115    i.nrf_fprintf_fmt   nrf_fprintf_format.o
    0x00028464   0x00028464   0x00000024   Code   RO          316    i.nrf_gpio_cfg      boards.o
    0x00028488   0x00028488   0x00000024   Code   RO         1413    i.nrf_gpio_cfg      nrfx_gpiote.o
    0x000284ac   0x000284ac   0x00000024   Code   RO         1768    i.nrf_gpio_cfg      nrfx_uart.o
    0x000284d0   0x000284d0   0x00000024   Code   RO         1957    i.nrf_gpio_cfg      nrfx_uarte.o
    0x000284f4   0x000284f4   0x00000012   Code   RO         1769    i.nrf_gpio_cfg_default  nrfx_uart.o
    0x00028506   0x00028506   0x00000012   Code   RO         1958    i.nrf_gpio_cfg_default  nrfx_uarte.o
    0x00028518   0x00028518   0x00000012   Code   RO         1770    i.nrf_gpio_cfg_input  nrfx_uart.o
    0x0002852a   0x0002852a   0x00000012   Code   RO         1959    i.nrf_gpio_cfg_input  nrfx_uarte.o
    0x0002853c   0x0002853c   0x00000014   Code   RO         1771    i.nrf_gpio_cfg_output  nrfx_uart.o
    0x00028550   0x00028550   0x00000014   Code   RO         1960    i.nrf_gpio_cfg_output  nrfx_uarte.o
    0x00028564   0x00028564   0x00000022   Code   RO         1415    i.nrf_gpio_cfg_sense_set  nrfx_gpiote.o
    0x00028586   0x00028586   0x00000002   PAD
    0x00028588   0x00028588   0x0000002c   Code   RO         1416    i.nrf_gpio_latches_read_and_clear  nrfx_gpiote.o
    0x000285b4   0x000285b4   0x0000001e   Code   RO         1417    i.nrf_gpio_pin_present_check  nrfx_gpiote.o
    0x000285d2   0x000285d2   0x00000016   Code   RO          317    i.nrf_gpio_pin_write  boards.o
    0x000285e8   0x000285e8   0x00000014   Code   RO         1418    i.nrf_gpiote_event_clear  nrfx_gpiote.o
    0x000285fc   0x000285fc   0x00000010   Code   RO         1419    i.nrf_gpiote_event_is_set  nrfx_gpiote.o
    0x0002860c   0x0002860c   0x0000005c   Code   RO         3674    i.nrf_log_backend_add  nrf_log_frontend.o
    0x00028668   0x00028668   0x000000c8   Code   RO         3515    i.nrf_log_backend_serial_put  nrf_log_backend_serial.o
    0x00028730   0x00028730   0x00000002   Code   RO         3555    i.nrf_log_backend_uart_flush  nrf_log_backend_uart.o
    0x00028732   0x00028732   0x00000006   Code   RO         3556    i.nrf_log_backend_uart_init  nrf_log_backend_uart.o
    0x00028738   0x00028738   0x0000002c   Code   RO         3557    i.nrf_log_backend_uart_panic_set  nrf_log_backend_uart.o
    0x00028764   0x00028764   0x00000018   Code   RO         3558    i.nrf_log_backend_uart_put  nrf_log_backend_uart.o
    0x0002877c   0x0002877c   0x00000030   Code   RO         3676    i.nrf_log_color_id_get  nrf_log_frontend.o
    0x000287ac   0x000287ac   0x0000001c   Code   RO         3628    i.nrf_log_default_backends_init  nrf_log_default_backends.o
    0x000287c8   0x000287c8   0x00000238   Code   RO         3677    i.nrf_log_frontend_dequeue  nrf_log_frontend.o
    0x00028a00   0x00028a00   0x00000008   Code   RO         3679    i.nrf_log_frontend_std_0  nrf_log_frontend.o
    0x00028a08   0x00028a08   0x0000000e   Code   RO         3680    i.nrf_log_frontend_std_1  nrf_log_frontend.o
    0x00028a16   0x00028a16   0x00000010   Code   RO         3681    i.nrf_log_frontend_std_2  nrf_log_frontend.o
    0x00028a26   0x00028a26   0x00000002   PAD
    0x00028a28   0x00028a28   0x000000b0   Code   RO         3860    i.nrf_log_hexdump_entry_process  nrf_log_str_formatter.o
    0x00028ad8   0x00028ad8   0x00000028   Code   RO         3686    i.nrf_log_init      nrf_log_frontend.o
    0x00028b00   0x00028b00   0x00000014   Code   RO         3687    i.nrf_log_module_cnt_get  nrf_log_frontend.o
    0x00028b14   0x00028b14   0x0000001c   Code   RO         3690    i.nrf_log_module_name_get  nrf_log_frontend.o
    0x00028b30   0x00028b30   0x00000028   Code   RO         3691    i.nrf_log_panic     nrf_log_frontend.o
    0x00028b58   0x00028b58   0x000000b6   Code   RO         3861    i.nrf_log_std_entry_process  nrf_log_str_formatter.o
    0x00028c0e   0x00028c0e   0x00000060   Code   RO         3154    i.nrf_memobj_alloc  nrf_memobj.o
    0x00028c6e   0x00028c6e   0x00000032   Code   RO         3155    i.nrf_memobj_free   nrf_memobj.o
    0x00028ca0   0x00028ca0   0x00000008   Code   RO         3156    i.nrf_memobj_get    nrf_memobj.o
    0x00028ca8   0x00028ca8   0x00000004   Code   RO         3157    i.nrf_memobj_pool_init  nrf_memobj.o
    0x00028cac   0x00028cac   0x0000001e   Code   RO         3158    i.nrf_memobj_put    nrf_memobj.o
    0x00028cca   0x00028cca   0x00000010   Code   RO         3159    i.nrf_memobj_read   nrf_memobj.o
    0x00028cda   0x00028cda   0x00000010   Code   RO         3160    i.nrf_memobj_write  nrf_memobj.o
    0x00028cea   0x00028cea   0x00000002   PAD
    0x00028cec   0x00028cec   0x00000028   Code   RO         3232    i.nrf_pwr_mgmt_init  nrf_pwr_mgmt.o
    0x00028d14   0x00028d14   0x00000044   Code   RO         3233    i.nrf_pwr_mgmt_run  nrf_pwr_mgmt.o
    0x00028d58   0x00028d58   0x0000001c   Code   RO         3315    i.nrf_ringbuf_init  nrf_ringbuf.o
    0x00028d74   0x00028d74   0x0000000c   Code   RO         2635    i.nrf_rtc_event_clear  drv_rtc.o
    0x00028d80   0x00028d80   0x00000014   Code   RO         4395    i.nrf_sdh_ble_app_ram_start_get  nrf_sdh_ble.o
    0x00028d94   0x00028d94   0x000000fc   Code   RO         4396    i.nrf_sdh_ble_default_cfg_set  nrf_sdh_ble.o
    0x00028e90   0x00028e90   0x00000130   Code   RO         4397    i.nrf_sdh_ble_enable  nrf_sdh_ble.o
    0x00028fc0   0x00028fc0   0x0000005c   Code   RO         4398    i.nrf_sdh_ble_evts_poll  nrf_sdh_ble.o
    0x0002901c   0x0002901c   0x00000074   Code   RO         4277    i.nrf_sdh_enable_request  nrf_sdh.o
    0x00029090   0x00029090   0x00000024   Code   RO         4278    i.nrf_sdh_evts_poll  nrf_sdh.o
    0x000290b4   0x000290b4   0x0000000c   Code   RO         4279    i.nrf_sdh_is_enabled  nrf_sdh.o
    0x000290c0   0x000290c0   0x0000003c   Code   RO         4452    i.nrf_sdh_soc_evts_poll  nrf_sdh_soc.o
    0x000290fc   0x000290fc   0x0000000a   Code   RO         3373    i.nrf_section_iter_init  nrf_section_iter.o
    0x00029106   0x00029106   0x00000024   Code   RO         3374    i.nrf_section_iter_item_set  nrf_section_iter.o
    0x0002912a   0x0002912a   0x00000020   Code   RO         3375    i.nrf_section_iter_next  nrf_section_iter.o
    0x0002914a   0x0002914a   0x00000022   Code   RO         3408    i.nrf_sortlist_add  nrf_sortlist.o
    0x0002916c   0x0002916c   0x00000006   Code   RO         3410    i.nrf_sortlist_peek  nrf_sortlist.o
    0x00029172   0x00029172   0x0000000e   Code   RO         3411    i.nrf_sortlist_pop  nrf_sortlist.o
    0x00029180   0x00029180   0x0000001e   Code   RO         3412    i.nrf_sortlist_remove  nrf_sortlist.o
    0x0002919e   0x0002919e   0x00000002   PAD
    0x000291a0   0x000291a0   0x00000038   Code   RO         3464    i.nrf_strerror_find  nrf_strerror.o
    0x000291d8   0x000291d8   0x00000014   Code   RO         3465    i.nrf_strerror_get  nrf_strerror.o
    0x000291ec   0x000291ec   0x0000000a   Code   RO         1772    i.nrf_uart_event_check  nrfx_uart.o
    0x000291f6   0x000291f6   0x0000000c   Code   RO         1773    i.nrf_uart_event_clear  nrfx_uart.o
    0x00029202   0x00029202   0x0000000c   Code   RO         1774    i.nrf_uart_int_enable_check  nrfx_uart.o
    0x0002920e   0x0002920e   0x0000000a   Code   RO         1961    i.nrf_uarte_event_check  nrfx_uarte.o
    0x00029218   0x00029218   0x0000000c   Code   RO         1962    i.nrf_uarte_event_clear  nrfx_uarte.o
    0x00029224   0x00029224   0x00000010   Code   RO          924    i.nrf_wdt_started   nrf_drv_clock.o
    0x00029234   0x00029234   0x0000002c   Code   RO         1276    i.nrfx_clock_enable  nrfx_clock.o
    0x00029260   0x00029260   0x00000020   Code   RO         1279    i.nrfx_clock_init   nrfx_clock.o
    0x00029280   0x00029280   0x00000030   Code   RO         1282    i.nrfx_clock_lfclk_stop  nrfx_clock.o
    0x000292b0   0x000292b0   0x00000010   Code   RO         2636    i.nrfx_coredep_delay_us  drv_rtc.o
    0x000292c0   0x000292c0   0x000000a0   Code   RO         1425    i.nrfx_gpiote_in_event_enable  nrfx_gpiote.o
    0x00029360   0x00029360   0x000000cc   Code   RO         1427    i.nrfx_gpiote_in_init  nrfx_gpiote.o
    0x0002942c   0x0002942c   0x00000014   Code   RO         1428    i.nrfx_gpiote_in_is_set  nrfx_gpiote.o
    0x00029440   0x00029440   0x00000074   Code   RO         1430    i.nrfx_gpiote_init  nrfx_gpiote.o
    0x000294b4   0x000294b4   0x00000014   Code   RO         1431    i.nrfx_gpiote_is_init  nrfx_gpiote.o
    0x000294c8   0x000294c8   0x00000010   Code   RO         1963    i.nrfx_is_in_ram    nrfx_uarte.o
    0x000294d8   0x000294d8   0x0000003a   Code   RO         1714    i.nrfx_prs_acquire  nrfx_prs.o
    0x00029512   0x00029512   0x00000012   Code   RO         1715    i.nrfx_prs_release  nrfx_prs.o
    0x00029524   0x00029524   0x00000010   Code   RO         1775    i.nrfx_uart_0_irq_handler  nrfx_uart.o
    0x00029534   0x00029534   0x000000d4   Code   RO         1777    i.nrfx_uart_init    nrfx_uart.o
    0x00029608   0x00029608   0x000000a8   Code   RO         1783    i.nrfx_uart_tx      nrfx_uart.o
    0x000296b0   0x000296b0   0x00000020   Code   RO         1785    i.nrfx_uart_tx_in_progress  nrfx_uart.o
    0x000296d0   0x000296d0   0x000000c0   Code   RO         1786    i.nrfx_uart_uninit  nrfx_uart.o
    0x00029790   0x00029790   0x00000010   Code   RO         1964    i.nrfx_uarte_0_irq_handler  nrfx_uarte.o
    0x000297a0   0x000297a0   0x0000006c   Code   RO         1966    i.nrfx_uarte_init   nrfx_uarte.o
    0x0002980c   0x0002980c   0x000000ac   Code   RO         1970    i.nrfx_uarte_tx     nrfx_uarte.o
    0x000298b8   0x000298b8   0x0000001c   Code   RO         1972    i.nrfx_uarte_tx_in_progress  nrfx_uarte.o
    0x000298d4   0x000298d4   0x00000108   Code   RO         1973    i.nrfx_uarte_uninit  nrfx_uarte.o
    0x000299dc   0x000299dc   0x00000018   Code   RO         4496    i.nvmc_config       system_nrf52.o
    0x000299f4   0x000299f4   0x0000001c   Code   RO         1449    i.pin_configured_set  nrfx_gpiote.o
    0x00029a10   0x00029a10   0x00000018   Code   RO         1450    i.pin_in_use_by_port  nrfx_gpiote.o
    0x00029a28   0x00029a28   0x00000018   Code   RO         1451    i.pin_in_use_by_te  nrfx_gpiote.o
    0x00029a40   0x00029a40   0x000000b4   Code   RO         1452    i.port_event_handle  nrfx_gpiote.o
    0x00029af4   0x00029af4   0x00000010   Code   RO         1453    i.port_handler_polarity_get  nrfx_gpiote.o
    0x00029b04   0x00029b04   0x0000003c   Code   RO         3863    i.postfix_process   nrf_log_str_formatter.o
    0x00029b40   0x00029b40   0x00000098   Code   RO         3864    i.prefix_process    nrf_log_str_formatter.o
    0x00029bd8   0x00029bd8   0x00000018   Code   RO         1716    i.prs_box_get       nrfx_prs.o
    0x00029bf0   0x00029bf0   0x0000005c   Code   RO         2415    i.rtc_irq           app_timer2.o
    0x00029c4c   0x00029c4c   0x0000006c   Code   RO         2416    i.rtc_schedule      app_timer2.o
    0x00029cb8   0x00029cb8   0x0000008c   Code   RO         2417    i.rtc_update        app_timer2.o
    0x00029d44   0x00029d44   0x00000032   Code   RO         1787    i.rx_byte           nrfx_uart.o
    0x00029d76   0x00029d76   0x00000016   Code   RO         1788    i.rx_done_event     nrfx_uart.o
    0x00029d8c   0x00029d8c   0x00000016   Code   RO         1974    i.rx_done_event     nrfx_uarte.o
    0x00029da2   0x00029da2   0x00000002   PAD
    0x00029da4   0x00029da4   0x00000058   Code   RO          925    i.sd_state_evt_handler  nrf_drv_clock.o
    0x00029dfc   0x00029dfc   0x00000030   Code   RO         4284    i.sdh_request_observer_notify  nrf_sdh.o
    0x00029e2c   0x00029e2c   0x0000002c   Code   RO         4285    i.sdh_state_observer_notify  nrf_sdh.o
    0x00029e58   0x00029e58   0x00000040   Code   RO         3559    i.serial_tx         nrf_log_backend_uart.o
    0x00029e98   0x00029e98   0x00000088   Code   RO          697    i.service_data_encode  ble_advdata.o
    0x00029f20   0x00029f20   0x00000018   Code   RO          926    i.soc_evt_handler   nrf_drv_clock.o
    0x00029f38   0x00029f38   0x00000058   Code   RO         4287    i.softdevices_evt_irq_enable  nrf_sdh.o
    0x00029f90   0x00029f90   0x0000000c   Code   RO         2418    i.sortlist_pop      app_timer2.o
    0x00029f9c   0x00029f9c   0x00000030   Code   RO         2123    i.state_set         app_button.o
    0x00029fcc   0x00029fcc   0x00000098   Code   RO         3693    i.std_n             nrf_log_frontend.o
    0x0002a064   0x0002a064   0x00000098   Code   RO         2419    i.timer_expire      app_timer2.o
    0x0002a0fc   0x0002a0fc   0x00000080   Code   RO         2420    i.timer_req_process  app_timer2.o
    0x0002a17c   0x0002a17c   0x00000038   Code   RO         2421    i.timer_req_schedule  app_timer2.o
    0x0002a1b4   0x0002a1b4   0x00000018   Code   RO         2124    i.timer_start       app_button.o
    0x0002a1cc   0x0002a1cc   0x00000020   Code   RO         1790    i.tx_byte           nrfx_uart.o
    0x0002a1ec   0x0002a1ec   0x0000001a   Code   RO         1791    i.tx_done_event     nrfx_uart.o
    0x0002a206   0x0002a206   0x0000001a   Code   RO         1975    i.tx_done_event     nrfx_uarte.o
    0x0002a220   0x0002a220   0x00000030   Code   RO         1079    i.uart_evt_handler  nrf_drv_uart.o
    0x0002a250   0x0002a250   0x0000000c   Code   RO         3560    i.uart_evt_handler  nrf_log_backend_uart.o
    0x0002a25c   0x0002a25c   0x00000050   Code   RO         3561    i.uart_init         nrf_log_backend_uart.o
    0x0002a2ac   0x0002a2ac   0x0000012a   Code   RO         1792    i.uart_irq_handler  nrfx_uart.o
    0x0002a3d6   0x0002a3d6   0x00000002   PAD
    0x0002a3d8   0x0002a3d8   0x00000030   Code   RO         1080    i.uarte_evt_handler  nrf_drv_uart.o
    0x0002a408   0x0002a408   0x00000112   Code   RO         1976    i.uarte_irq_handler  nrfx_uarte.o
    0x0002a51a   0x0002a51a   0x0000000a   Code   RO          698    i.uint16_encode     ble_advdata.o
    0x0002a524   0x0002a524   0x000000b4   Code   RO         3116    i.unsigned_print    nrf_fprintf_format.o
    0x0002a5d8   0x0002a5d8   0x00000020   Code   RO         2125    i.usr_event         app_button.o
    0x0002a5f8   0x0002a5f8   0x00000030   Code   RO          699    i.uuid_list_encode  ble_advdata.o
    0x0002a628   0x0002a628   0x0000009e   Code   RO          700    i.uuid_list_sized_encode  ble_advdata.o
    0x0002a6c6   0x0002a6c6   0x00000008   Data   RO          318    .constdata          boards.o
    0x0002a6ce   0x0002a6ce   0x00000002   PAD
    0x0002a6d0   0x0002a6d0   0x0000002c   Data   RO          509    .constdata          bsp.o
    0x0002a6fc   0x0002a6fc   0x00000004   Data   RO         1455    .constdata          nrfx_gpiote.o
    0x0002a700   0x0002a700   0x00000004   Data   RO         1795    .constdata          nrfx_uart.o
    0x0002a704   0x0002a704   0x00000004   Data   RO         1979    .constdata          nrfx_uarte.o
    0x0002a708   0x0002a708   0x00000008   Data   RO         2127    .constdata          app_button.o
    0x0002a710   0x0002a710   0x00000014   Data   RO         2424    .constdata          app_timer2.o
    0x0002a724   0x0002a724   0x0000000c   PAD
    0x0002a730   0x0002a730   0x00000006   Data   RO         2637    .constdata          drv_rtc.o
    0x0002a736   0x0002a736   0x00000010   Data   RO         3117    .constdata          nrf_fprintf_format.o
    0x0002a746   0x0002a746   0x00000002   PAD
    0x0002a748   0x0002a748   0x00000018   Data   RO         3237    .constdata          nrf_pwr_mgmt.o
    0x0002a760   0x0002a760   0x0000000c   Data   RO         3238    .constdata          nrf_pwr_mgmt.o
    0x0002a76c   0x0002a76c   0x0000013c   Data   RO         3466    .constdata          nrf_strerror.o
    0x0002a8a8   0x0002a8a8   0x0000000c   Data   RO         3563    .constdata          nrf_log_backend_uart.o
    0x0002a8b4   0x0002a8b4   0x00000020   Data   RO         3564    .constdata          nrf_log_backend_uart.o
    0x0002a8d4   0x0002a8d4   0x0000000c   Data   RO         3698    .constdata          nrf_log_frontend.o
    0x0002a8e0   0x0002a8e0   0x00000010   Data   RO         4288    .constdata          nrf_sdh.o
    0x0002a8f0   0x0002a8f0   0x00000028   Data   RO         4289    .constdata          nrf_sdh.o
    0x0002a918   0x0002a918   0x00000010   Data   RO         4290    .constdata          nrf_sdh.o
    0x0002a928   0x0002a928   0x00000010   Data   RO         4291    .constdata          nrf_sdh.o
    0x0002a938   0x0002a938   0x00000020   Data   RO         4399    .constdata          nrf_sdh_ble.o
    0x0002a958   0x0002a958   0x00000010   Data   RO         4400    .constdata          nrf_sdh_ble.o
    0x0002a968   0x0002a968   0x00000010   Data   RO         4453    .constdata          nrf_sdh_soc.o
    0x0002a978   0x0002a978   0x0000000c   Data   RO         4454    .constdata          nrf_sdh_soc.o
    0x0002a984   0x0002a984   0x00000081   Data   RO         4568    .constdata          mc_w.l(ctype_o.o)
    0x0002aa05   0x0002aa05   0x00000003   PAD
    0x0002aa08   0x0002aa08   0x00000004   Data   RO         4569    .constdata          mc_w.l(ctype_o.o)
    0x0002aa0c   0x0002aa0c   0x000003eb   Data   RO         3467    .conststring        nrf_strerror.o
    0x0002adf7   0x0002adf7   0x00000001   PAD
    0x0002adf8   0x0002adf8   0x00000066   Data   RO         3865    .conststring        nrf_log_str_formatter.o
    0x0002ae5e   0x0002ae5e   0x00000002   PAD
    0x0002ae60   0x0002ae60   0x00000188   Data   RO         4401    .conststring        nrf_sdh_ble.o
    0x0002afe8   0x0002afe8   0x00000006   Data   RO          932    .conststrlit        nrf_drv_clock.o
    0x0002afee   0x0002afee   0x00000002   PAD
    0x0002aff0   0x0002aff0   0x00000006   Data   RO         1286    .conststrlit        nrfx_clock.o
    0x0002aff6   0x0002aff6   0x00000002   PAD
    0x0002aff8   0x0002aff8   0x00000007   Data   RO         1459    .conststrlit        nrfx_gpiote.o
    0x0002afff   0x0002afff   0x00000001   PAD
    0x0002b000   0x0002b000   0x00000004   Data   RO         1718    .conststrlit        nrfx_prs.o
    0x0002b004   0x0002b004   0x00000005   Data   RO         1798    .conststrlit        nrfx_uart.o
    0x0002b009   0x0002b009   0x00000003   PAD
    0x0002b00c   0x0002b00c   0x00000006   Data   RO         1982    .conststrlit        nrfx_uarte.o
    0x0002b012   0x0002b012   0x00000002   PAD
    0x0002b014   0x0002b014   0x0000000b   Data   RO         2128    .conststrlit        app_button.o
    0x0002b01f   0x0002b01f   0x00000001   PAD
    0x0002b020   0x0002b020   0x0000000a   Data   RO         2425    .conststrlit        app_timer2.o
    0x0002b02a   0x0002b02a   0x00000002   PAD
    0x0002b02c   0x0002b02c   0x00000009   Data   RO         3239    .conststrlit        nrf_pwr_mgmt.o
    0x0002b035   0x0002b035   0x00000003   PAD
    0x0002b038   0x0002b038   0x00000009   Data   RO         3413    .conststrlit        nrf_sortlist.o
    0x0002b041   0x0002b041   0x00000003   PAD
    0x0002b044   0x0002b044   0x00000011   Data   RO         3629    .conststrlit        nrf_log_default_backends.o
    0x0002b055   0x0002b055   0x00000003   PAD
    0x0002b058   0x0002b058   0x00000004   Data   RO         3699    .conststrlit        nrf_log_frontend.o
    0x0002b05c   0x0002b05c   0x00000008   Data   RO         4292    .conststrlit        nrf_sdh.o
    0x0002b064   0x0002b064   0x0000000c   Data   RO         4402    .conststrlit        nrf_sdh_ble.o
    0x0002b070   0x0002b070   0x0000000c   Data   RO         4455    .conststrlit        nrf_sdh_soc.o
    0x0002b07c   0x0002b07c   0x00000020   Data   RO         4629    Region$$Table       anon$$obj.o
    0x0002b09c   0x0002b09c   0x00000010   Data   RO         3631    log_backends        nrf_log_default_backends.o
    0x0002b0ac   0x0002b0ac   0x00000008   Data   RO          933    log_const_data      nrf_drv_clock.o
    0x0002b0b4   0x0002b0b4   0x00000008   Data   RO         1288    log_const_data      nrfx_clock.o
    0x0002b0bc   0x0002b0bc   0x00000008   Data   RO         1460    log_const_data      nrfx_gpiote.o
    0x0002b0c4   0x0002b0c4   0x00000008   Data   RO         1720    log_const_data      nrfx_prs.o
    0x0002b0cc   0x0002b0cc   0x00000008   Data   RO         1799    log_const_data      nrfx_uart.o
    0x0002b0d4   0x0002b0d4   0x00000008   Data   RO         1983    log_const_data      nrfx_uarte.o
    0x0002b0dc   0x0002b0dc   0x00000008   Data   RO         2131    log_const_data      app_button.o
    0x0002b0e4   0x0002b0e4   0x00000008   Data   RO         2428    log_const_data      app_timer2.o
    0x0002b0ec   0x0002b0ec   0x00000008   Data   RO         3241    log_const_data      nrf_pwr_mgmt.o
    0x0002b0f4   0x0002b0f4   0x00000008   Data   RO         3414    log_const_data      nrf_sortlist.o
    0x0002b0fc   0x0002b0fc   0x00000008   Data   RO         3703    log_const_data      nrf_log_frontend.o
    0x0002b104   0x0002b104   0x00000008   Data   RO         4294    log_const_data      nrf_sdh.o
    0x0002b10c   0x0002b10c   0x00000008   Data   RO         4404    log_const_data      nrf_sdh_ble.o
    0x0002b114   0x0002b114   0x00000008   Data   RO         4456    log_const_data      nrf_sdh_soc.o
    0x0002b11c   0x0002b11c   0x00000014   Data   RO         3704    nrf_balloc          nrf_log_frontend.o
    0x0002b130   0x0002b130   0x00000008   Data   RO          934    sdh_soc_observers0  nrf_drv_clock.o
    0x0002b138   0x0002b138   0x00000008   Data   RO         4405    sdh_stack_observers0  nrf_sdh_ble.o
    0x0002b140   0x0002b140   0x00000008   Data   RO         4457    sdh_stack_observers0  nrf_sdh_soc.o
    0x0002b148   0x0002b148   0x00000008   Data   RO          935    sdh_state_observers0  nrf_drv_clock.o


    Execution Region RW_IRAM1 (Exec base: 0x200018c8, Load base: 0x0002b150, Size: 0x00002908, Max: 0x0000e738, ABSOLUTE, COMPRESSED[0x00000068])

    Exec Addr    Load Addr    Size         Type   Attr      Idx    E Section Name        Object

    0x200018c8   COMPRESSED   0x0000001e   Data   RW           10    .data               main.o
    0x200018e6   COMPRESSED   0x00000002   PAD
    0x200018e8   COMPRESSED   0x00000010   Data   RW          510    .data               bsp.o
    0x200018f8   COMPRESSED   0x00000020   Data   RW          511    .data               bsp.o
    0x20001918   COMPRESSED   0x00000020   Data   RW          512    .data               bsp.o
    0x20001938   COMPRESSED   0x00000020   Data   RW          513    .data               bsp.o
    0x20001958   COMPRESSED   0x0000000c   Data   RW         1081    .data               nrf_drv_uart.o
    0x20001964   COMPRESSED   0x00000008   Data   RW         1287    .data               nrfx_clock.o
    0x2000196c   COMPRESSED   0x00000008   Data   RW         1719    .data               nrfx_prs.o
    0x20001974   COMPRESSED   0x00000004   PAD
    0x20001978   COMPRESSED   0x00000018   Data   RW         2129    .data               app_button.o
    0x20001990   COMPRESSED   0x00000020   Data   RW         2130    .data               app_button.o
    0x200019b0   COMPRESSED   0x00000020   Data   RW         2426    .data               app_timer2.o
    0x200019d0   COMPRESSED   0x00000004   Data   RW         2427    .data               app_timer2.o
    0x200019d4   COMPRESSED   0x0000000c   Data   RW         2638    .data               drv_rtc.o
    0x200019e0   COMPRESSED   0x00000008   Data   RW         3240    .data               nrf_pwr_mgmt.o
    0x200019e8   COMPRESSED   0x00000018   Data   RW         3565    .data               nrf_log_backend_uart.o
    0x20001a00   COMPRESSED   0x00000008   Data   RW         3630    .data               nrf_log_default_backends.o
    0x20001a08   COMPRESSED   0x00000004   Data   RW         3700    .data               nrf_log_frontend.o
    0x20001a0c   COMPRESSED   0x00000008   Data   RW         3701    .data               nrf_log_frontend.o
    0x20001a14   COMPRESSED   0x00000008   Data   RW         3702    .data               nrf_log_frontend.o
    0x20001a1c   COMPRESSED   0x00000040   Data   RW         3866    .data               nrf_log_str_formatter.o
    0x20001a5c   COMPRESSED   0x00000003   Data   RW         4293    .data               nrf_sdh.o
    0x20001a5f   COMPRESSED   0x00000001   Data   RW         4403    .data               nrf_sdh_ble.o
    0x20001a60   COMPRESSED   0x00000004   Data   RW         4498    .data               system_nrf52.o
    0x20001a64        -       0x00000018   Zero   RW            7    .bss                main.o
    0x20001a7c        -       0x0000001f   Zero   RW            8    .bss                main.o
    0x20001a9b        -       0x0000001f   Zero   RW            9    .bss                main.o
    0x20001aba        -       0x0000000c   Zero   RW          508    .bss                bsp.o
    0x20001ac6   COMPRESSED   0x00000002   PAD
    0x20001ac8        -       0x00000014   Zero   RW          927    .bss                nrf_drv_clock.o
    0x20001adc        -       0x0000005c   Zero   RW         1454    .bss                nrfx_gpiote.o
    0x20001b38        -       0x0000002c   Zero   RW         1793    .bss                nrfx_uart.o
    0x20001b64        -       0x00000024   Zero   RW         1977    .bss                nrfx_uarte.o
    0x20001b88        -       0x00000010   Zero   RW         2126    .bss                app_button.o
    0x20001b98        -       0x00000010   Zero   RW         2422    .bss                app_timer2.o
    0x20001ba8        -       0x00000058   Zero   RW         2423    .bss                app_timer2.o
    0x20001c00        -       0x0000000c   Zero   RW         2552    .bss                app_util_platform.o
    0x20001c0c        -       0x0000000c   Zero   RW         3236    .bss                nrf_pwr_mgmt.o
    0x20001c18        -       0x00000040   Zero   RW         3562    .bss                nrf_log_backend_uart.o
    0x20001c58        -       0x000000c0   Zero   RW         3694    .bss                nrf_log_frontend.o
    0x20001d18        -       0x00000080   Zero   RW         3695    .bss                nrf_log_frontend.o
    0x20001d98        -       0x00000018   Zero   RW         3696    .bss                nrf_log_frontend.o
    0x20001db0        -       0x00000420   Zero   RW         3697    .bss                nrf_log_frontend.o
    0x200021d0        -       0x00002000   Zero   RW         4484    STACK               arm_startup_nrf52.o


==============================================================================

Image component sizes


      Code (inc. data)   RO Data    RW Data    ZI Data      Debug   Object Name

       664         66         27         56         16      22514   app_button.o
        22          0          0          0          0       2517   app_error.o
       132         46          0          0          0      42538   app_error_weak.o
      1052         90         38         36        104      17133   app_timer2.o
       124         14          0          0         12      10686   app_util_platform.o
        36          8        512          0       8192        928   arm_startup_nrf52.o
      1236          0          0          0          0      95319   ble_advdata.o
       314         30          8          0          0      20200   boards.o
       922         84         44        112         12      20688   bsp.o
       704         76          6         12          0      48625   drv_rtc.o
       380         60          0         30         86     104757   main.o
       326          0          0          0          0       5943   nrf_atfifo.o
       294          0          0          0          0       7879   nrf_atomic.o
       164          0          0          0          0       3632   nrf_balloc.o
       312         36         30          0         20      47524   nrf_drv_clock.o
       200         26          0         12          0      17828   nrf_drv_uart.o
        50          0          0          0          0       3529   nrf_fprintf.o
       866          4         16          0          0       6554   nrf_fprintf_format.o
       200          0          0          0          0      11613   nrf_log_backend_serial.o
       232         44         44         24         64      15906   nrf_log_backend_uart.o
        28          4         33          8          0       3345   nrf_log_default_backends.o
      1484        128         44         20       1400      30465   nrf_log_frontend.o
       570        108        102         64          0       5660   nrf_log_str_formatter.o
       346          0          0          0          0       9571   nrf_memobj.o
       108         16         53          8         12      44002   nrf_pwr_mgmt.o
        28          0          0          0          0       2363   nrf_ringbuf.o
       384         46        104          3          0      42779   nrf_sdh.o
       668        230        468          1          0       7637   nrf_sdh_ble.o
        60          4         56          0          0       2468   nrf_sdh_soc.o
        78          0          0          0          0       2784   nrf_section_iter.o
        84          0         17          0          0       4113   nrf_sortlist.o
        76         10       1319          0          0       2743   nrf_strerror.o
       242         32         14          8          0      47112   nrfx_clock.o
      1268        106         19          0         92      65841   nrfx_gpiote.o
       112         16         12          8          0       4488   nrfx_prs.o
      1310         42         17          0         44      30589   nrfx_uart.o
      1312         42         18          0         36      26043   nrfx_uarte.o
       752         78          0          4          0      32293   system_nrf52.o

    ----------------------------------------------------------------------
     17174       1446       3074        412      10092     870609   Object Totals
         0          0         32          0          0          0   (incl. Generated)
        34          0         41          6          2          0   (incl. Padding)

    ----------------------------------------------------------------------

      Code (inc. data)   RO Data    RW Data    ZI Data      Debug   Library Member Name

        86          0          0          0          0          0   __dczerorl2.o
         8          4        133          0          0         68   ctype_o.o
         0          0          0          0          0          0   entry.o
         0          0          0          0          0          0   entry10a.o
         0          0          0          0          0          0   entry11a.o
         8          4          0          0          0          0   entry2.o
         4          0          0          0          0          0   entry5.o
         0          0          0          0          0          0   entry7b.o
         0          0          0          0          0          0   entry8b.o
         8          4          0          0          0          0   entry9a.o
        30          0          0          0          0          0   handlers.o
        36          8          0          0          0         68   init.o
        30          0          0          0          0         68   llshl.o
        32          0          0          0          0         68   llushr.o
        36          0          0          0          0         68   memcpya.o
        36          0          0          0          0        108   memseta.o
        14          0          0          0          0         68   strlen.o
        98          0          0          0          0         92   uldiv.o

    ----------------------------------------------------------------------
       432         20        136          0          0        608   Library Totals
         6          0          3          0          0          0   (incl. Padding)

    ----------------------------------------------------------------------

      Code (inc. data)   RO Data    RW Data    ZI Data      Debug   Library Name

       426         20        133          0          0        608   mc_w.l

    ----------------------------------------------------------------------
       432         20        136          0          0        608   Library Totals

    ----------------------------------------------------------------------

==============================================================================


      Code (inc. data)   RO Data    RW Data    ZI Data      Debug   

     17606       1466       3210        412      10092     848145   Grand Totals
     17606       1466       3210        104      10092     848145   ELF Image Totals (compressed)
     17606       1466       3210        104          0          0   ROM Totals

==============================================================================

    Total RO  Size (Code + RO Data)                20816 (  20.33kB)
    Total RW  Size (RW Data + ZI Data)             10504 (  10.26kB)
    Total ROM Size (Code + RO Data + RW Data)      20920 (  20.43kB)

==============================================================================

